Component: Arm Compiler for Embedded 6.19 Tool: armlink [5e73cb00]

==============================================================================

Section Cross References

    system_apm32f00x.o(.ARM.exidx.text.SystemInit) refers to system_apm32f00x.o(.text.SystemInit) for [Anonymous Symbol]
    startup_apm32f0xx.o(STACK) refers (Special) to heapauxi.o(.text) for __use_two_region_memory
    startup_apm32f0xx.o(HEAP) refers (Special) to heapauxi.o(.text) for __use_two_region_memory
    startup_apm32f0xx.o(RESET) refers (Special) to heapauxi.o(.text) for __use_two_region_memory
    startup_apm32f0xx.o(RESET) refers to startup_apm32f0xx.o(STACK) for __initial_sp
    startup_apm32f0xx.o(RESET) refers to startup_apm32f0xx.o(.text) for Reset_Handler
    startup_apm32f0xx.o(RESET) refers to apm32f00x_int.o(.text.NMI_Handler) for NMI_Handler
    startup_apm32f0xx.o(RESET) refers to apm32f00x_int.o(.text.HardFault_Handler) for HardFault_Handler
    startup_apm32f0xx.o(RESET) refers to apm32f00x_int.o(.text.SVC_Handler) for SVC_Handler
    startup_apm32f0xx.o(RESET) refers to apm32f00x_int.o(.text.PendSV_Handler) for PendSV_Handler
    startup_apm32f0xx.o(RESET) refers to apm32f00x_int.o(.text.SysTick_Handler) for SysTick_Handler
    startup_apm32f0xx.o(RESET) refers to apm32f00x_int.o(.text.ADC_IRQHandler) for ADC_IRQHandler
    startup_apm32f0xx.o(.text) refers (Special) to heapauxi.o(.text) for __use_two_region_memory
    startup_apm32f0xx.o(.text) refers to startup_apm32f0xx.o(STACK) for __initial_sp
    startup_apm32f0xx.o(.text) refers to system_apm32f00x.o(.text.SystemInit) for SystemInit
    startup_apm32f0xx.o(.text) refers to __main.o(!!!main) for __main
    startup_apm32f0xx.o(.text) refers to startup_apm32f0xx.o(HEAP) for Heap_Mem
    apm32f00x_adc.o(.ARM.exidx.text.ADC_Reset) refers to apm32f00x_adc.o(.text.ADC_Reset) for [Anonymous Symbol]
    apm32f00x_adc.o(.ARM.exidx.text.ADC_Config) refers to apm32f00x_adc.o(.text.ADC_Config) for [Anonymous Symbol]
    apm32f00x_adc.o(.ARM.exidx.text.ADC_SetChannel) refers to apm32f00x_adc.o(.text.ADC_SetChannel) for [Anonymous Symbol]
    apm32f00x_adc.o(.ARM.exidx.text.ADC_ConfigStructInit) refers to apm32f00x_adc.o(.text.ADC_ConfigStructInit) for [Anonymous Symbol]
    apm32f00x_adc.o(.ARM.exidx.text.ADC_EnableDelay) refers to apm32f00x_adc.o(.text.ADC_EnableDelay) for [Anonymous Symbol]
    apm32f00x_adc.o(.ARM.exidx.text.ADC_DisableDelay) refers to apm32f00x_adc.o(.text.ADC_DisableDelay) for [Anonymous Symbol]
    apm32f00x_adc.o(.ARM.exidx.text.ADC_Enable) refers to apm32f00x_adc.o(.text.ADC_Enable) for [Anonymous Symbol]
    apm32f00x_adc.o(.ARM.exidx.text.ADC_Disable) refers to apm32f00x_adc.o(.text.ADC_Disable) for [Anonymous Symbol]
    apm32f00x_adc.o(.ARM.exidx.text.ADC_SetMode) refers to apm32f00x_adc.o(.text.ADC_SetMode) for [Anonymous Symbol]
    apm32f00x_adc.o(.ARM.exidx.text.ADC_ConfigScanMode) refers to apm32f00x_adc.o(.text.ADC_ConfigScanMode) for [Anonymous Symbol]
    apm32f00x_adc.o(.ARM.exidx.text.ADC_EnableDataBuf) refers to apm32f00x_adc.o(.text.ADC_EnableDataBuf) for [Anonymous Symbol]
    apm32f00x_adc.o(.ARM.exidx.text.ADC_DisableDataBuf) refers to apm32f00x_adc.o(.text.ADC_DisableDataBuf) for [Anonymous Symbol]
    apm32f00x_adc.o(.ARM.exidx.text.ADC_EnableInterrupt) refers to apm32f00x_adc.o(.text.ADC_EnableInterrupt) for [Anonymous Symbol]
    apm32f00x_adc.o(.ARM.exidx.text.ADC_DisableInterrupt) refers to apm32f00x_adc.o(.text.ADC_DisableInterrupt) for [Anonymous Symbol]
    apm32f00x_adc.o(.ARM.exidx.text.ADC_ConfigDivider) refers to apm32f00x_adc.o(.text.ADC_ConfigDivider) for [Anonymous Symbol]
    apm32f00x_adc.o(.ARM.exidx.text.ADC_EnableSchmittTrigger) refers to apm32f00x_adc.o(.text.ADC_EnableSchmittTrigger) for [Anonymous Symbol]
    apm32f00x_adc.o(.ARM.exidx.text.ADC_DisableSchmittTrigger) refers to apm32f00x_adc.o(.text.ADC_DisableSchmittTrigger) for [Anonymous Symbol]
    apm32f00x_adc.o(.ARM.exidx.text.ADC_ConfigConversionMode) refers to apm32f00x_adc.o(.text.ADC_ConfigConversionMode) for [Anonymous Symbol]
    apm32f00x_adc.o(.ARM.exidx.text.ADC_ConfigDataAlign) refers to apm32f00x_adc.o(.text.ADC_ConfigDataAlign) for [Anonymous Symbol]
    apm32f00x_adc.o(.ARM.exidx.text.ADC_SetDiffInputChannel) refers to apm32f00x_adc.o(.text.ADC_SetDiffInputChannel) for [Anonymous Symbol]
    apm32f00x_adc.o(.ARM.exidx.text.ADC_ConfigExternalTrigger) refers to apm32f00x_adc.o(.text.ADC_ConfigExternalTrigger) for [Anonymous Symbol]
    apm32f00x_adc.o(.ARM.exidx.text.ADC_StartConversion) refers to apm32f00x_adc.o(.text.ADC_StartConversion) for [Anonymous Symbol]
    apm32f00x_adc.o(.ARM.exidx.text.ADC_ReadData) refers to apm32f00x_adc.o(.text.ADC_ReadData) for [Anonymous Symbol]
    apm32f00x_adc.o(.ARM.exidx.text.ADC_EnableAnalogWatchdog) refers to apm32f00x_adc.o(.text.ADC_EnableAnalogWatchdog) for [Anonymous Symbol]
[...]
    Removing apm32f00x_spi.o(.text.SPI_ReadTxCRC), (12 bytes).
    Removing apm32f00x_spi.o(.ARM.exidx.text.SPI_ReadTxCRC), (8 bytes).
    Removing apm32f00x_spi.o(.text.SPI_SetCRCPolynomial), (12 bytes).
    Removing apm32f00x_spi.o(.ARM.exidx.text.SPI_SetCRCPolynomial), (8 bytes).
    Removing apm32f00x_spi.o(.text.SPI_ReadCRCPolynomial), (12 bytes).
    Removing apm32f00x_spi.o(.ARM.exidx.text.SPI_ReadCRCPolynomial), (8 bytes).
    Removing apm32f00x_spi.o(.text.SPI_ReadStatusFlag), (20 bytes).
    Removing apm32f00x_spi.o(.ARM.exidx.text.SPI_ReadStatusFlag), (8 bytes).
    Removing apm32f00x_spi.o(.text.SPI_ClearStatusFlag), (16 bytes).
    Removing apm32f00x_spi.o(.ARM.exidx.text.SPI_ClearStatusFlag), (8 bytes).
    Removing apm32f00x_spi.o(.text.SPI_ReadIntFlag), (32 bytes).
    Removing apm32f00x_spi.o(.ARM.exidx.text.SPI_ReadIntFlag), (8 bytes).
    Removing apm32f00x_spi.o(.text.SPI_ClearIntFlag), (24 bytes).
    Removing apm32f00x_spi.o(.ARM.exidx.text.SPI_ClearIntFlag), (8 bytes).
    Removing apm32f00x_tmr1.o(.text), (0 bytes).
    Removing apm32f00x_tmr1.o(.text.TMR1_Reset), (104 bytes).
    Removing apm32f00x_tmr1.o(.ARM.exidx.text.TMR1_Reset), (8 bytes).
    Removing apm32f00x_tmr1.o(.text.TMR1_ConfigTimerBase), (62 bytes).
    Removing apm32f00x_tmr1.o(.ARM.exidx.text.TMR1_ConfigTimerBase), (8 bytes).
    Removing apm32f00x_tmr1.o(.text.TMR1_ConfigTimeBaseStructInit), (16 bytes).
    Removing apm32f00x_tmr1.o(.ARM.exidx.text.TMR1_ConfigTimeBaseStructInit), (8 bytes).
    Removing apm32f00x_tmr1.o(.text.TMR1_EnableChannel), (28 bytes).
    Removing apm32f00x_tmr1.o(.ARM.exidx.text.TMR1_EnableChannel), (8 bytes).
    Removing apm32f00x_tmr1.o(.text.TMR1_DisableChannel), (28 bytes).
    Removing apm32f00x_tmr1.o(.ARM.exidx.text.TMR1_DisableChannel), (8 bytes).
    Removing apm32f00x_tmr1.o(.text.TMR1_ConfigOutputComare1), (120 bytes).
    Removing apm32f00x_tmr1.o(.ARM.exidx.text.TMR1_ConfigOutputComare1), (8 bytes).
    Removing apm32f00x_tmr1.o(.text.TMR1_ConfigOutputComare2), (124 bytes).
    Removing apm32f00x_tmr1.o(.ARM.exidx.text.TMR1_ConfigOutputComare2), (8 bytes).
    Removing apm32f00x_tmr1.o(.text.TMR1_ConfigOutputComare3), (74 bytes).
    Removing apm32f00x_tmr1.o(.ARM.exidx.text.TMR1_ConfigOutputComare3), (8 bytes).
    Removing apm32f00x_tmr1.o(.text.TMR1_ConfigOutputComare4), (76 bytes).
    Removing apm32f00x_tmr1.o(.ARM.exidx.text.TMR1_ConfigOutputComare4), (8 bytes).
    Removing apm32f00x_tmr1.o(.text.TMR1_ConfigOutputCompare), (432 bytes).
    Removing apm32f00x_tmr1.o(.ARM.exidx.text.TMR1_ConfigOutputCompare), (8 bytes).
    Removing apm32f00x_tmr1.o(.text.TMR1_OCStructInit), (24 bytes).
    Removing apm32f00x_tmr1.o(.ARM.exidx.text.TMR1_OCStructInit), (8 bytes).
    Removing apm32f00x_tmr1.o(.text.TMR1_ConfigOutputCompareMode), (90 bytes).
    Removing apm32f00x_tmr1.o(.ARM.exidx.text.TMR1_ConfigOutputCompareMode), (8 bytes).
    Removing apm32f00x_tmr1.o(.text.TMR1_ConfigInputCapture1), (68 bytes).
    Removing apm32f00x_tmr1.o(.ARM.exidx.text.TMR1_ConfigInputCapture1), (8 bytes).
    Removing apm32f00x_tmr1.o(.text.TMR1_ConfigInputCapture2), (68 bytes).
    Removing apm32f00x_tmr1.o(.ARM.exidx.text.TMR1_ConfigInputCapture2), (8 bytes).
    Removing apm32f00x_tmr1.o(.text.TMR1_ConfigInputCapture3), (68 bytes).
    Removing apm32f00x_tmr1.o(.ARM.exidx.text.TMR1_ConfigInputCapture3), (8 bytes).
    Removing apm32f00x_tmr1.o(.text.TMR1_ConfigInputCapture4), (68 bytes).
    Removing apm32f00x_tmr1.o(.ARM.exidx.text.TMR1_ConfigInputCapture4), (8 bytes).
    Removing apm32f00x_tmr1.o(.text.TMR1_ConfigInputCapture), (332 bytes).
    Removing apm32f00x_tmr1.o(.ARM.exidx.text.TMR1_ConfigInputCapture), (8 bytes).
    Removing apm32f00x_tmr1.o(.text.TMR1_ICStructInit), (16 bytes).
    Removing apm32f00x_tmr1.o(.ARM.exidx.text.TMR1_ICStructInit), (8 bytes).
    Removing apm32f00x_tmr1.o(.text.TMR1_SetDeadTime), (4 bytes).
    Removing apm32f00x_tmr1.o(.ARM.exidx.text.TMR1_SetDeadTime), (8 bytes).
    Removing apm32f00x_tmr1.o(.text.TMR1_ConfigProtectionLevel), (14 bytes).
    Removing apm32f00x_tmr1.o(.ARM.exidx.text.TMR1_ConfigProtectionLevel), (8 bytes).
    Removing apm32f00x_tmr1.o(.text.TMR1_SelectOffStateInRunMode), (16 bytes).
    Removing apm32f00x_tmr1.o(.ARM.exidx.text.TMR1_SelectOffStateInRunMode), (8 bytes).
    Removing apm32f00x_tmr1.o(.text.TMR1_SelectOffStateInIdleMode), (16 bytes).
    Removing apm32f00x_tmr1.o(.ARM.exidx.text.TMR1_SelectOffStateInIdleMode), (8 bytes).
    Removing apm32f00x_tmr1.o(.text.TMR1_ConfigBreakPolarity), (16 bytes).
    Removing apm32f00x_tmr1.o(.ARM.exidx.text.TMR1_ConfigBreakPolarity), (8 bytes).
    Removing apm32f00x_tmr1.o(.text.TMR1_EnableBreak), (10 bytes).
    Removing apm32f00x_tmr1.o(.ARM.exidx.text.TMR1_EnableBreak), (8 bytes).
    Removing apm32f00x_tmr1.o(.text.TMR1_DisableBreak), (10 bytes).
    Removing apm32f00x_tmr1.o(.ARM.exidx.text.TMR1_DisableBreak), (8 bytes).
    Removing apm32f00x_tmr1.o(.text.TMR1_EnableAutomaticOutput), (10 bytes).
    Removing apm32f00x_tmr1.o(.ARM.exidx.text.TMR1_EnableAutomaticOutput), (8 bytes).
    Removing apm32f00x_tmr1.o(.text.TMR1_DisableAutomaticOutput), (10 bytes).
    Removing apm32f00x_tmr1.o(.ARM.exidx.text.TMR1_DisableAutomaticOutput), (8 bytes).
    Removing apm32f00x_tmr1.o(.text.TMR1_ConfigInputPWM), (320 bytes).
    Removing apm32f00x_tmr1.o(.ARM.exidx.text.TMR1_ConfigInputPWM), (8 bytes).
    Removing apm32f00x_tmr1.o(.text.TMR1_Enable), (10 bytes).
    Removing apm32f00x_tmr1.o(.ARM.exidx.text.TMR1_Enable), (8 bytes).
    Removing apm32f00x_tmr1.o(.text.TMR1_Disable), (10 bytes).
    Removing apm32f00x_tmr1.o(.ARM.exidx.text.TMR1_Disable), (8 bytes).
    Removing apm32f00x_tmr1.o(.text.TMR1_EnableOutputPWM), (10 bytes).
    Removing apm32f00x_tmr1.o(.ARM.exidx.text.TMR1_EnableOutputPWM), (8 bytes).
    Removing apm32f00x_tmr1.o(.text.TMR1_DisableOutputPWM), (10 bytes).
    Removing apm32f00x_tmr1.o(.ARM.exidx.text.TMR1_DisableOutputPWM), (8 bytes).
    Removing apm32f00x_tmr1.o(.text.TMR1_EnableInterrupt), (8 bytes).
    Removing apm32f00x_tmr1.o(.ARM.exidx.text.TMR1_EnableInterrupt), (8 bytes).
    Removing apm32f00x_tmr1.o(.text.TMR1_DisableInterrupt), (8 bytes).
    Removing apm32f00x_tmr1.o(.ARM.exidx.text.TMR1_DisableInterrupt), (8 bytes).
    Removing apm32f00x_tmr1.o(.text.TMR1_ConfigExternalTrigger), (44 bytes).
    Removing apm32f00x_tmr1.o(.ARM.exidx.text.TMR1_ConfigExternalTrigger), (8 bytes).
    Removing apm32f00x_tmr1.o(.text.TMR1_ConfigExternalClockMode2), (52 bytes).
    Removing apm32f00x_tmr1.o(.ARM.exidx.text.TMR1_ConfigExternalClockMode2), (8 bytes).
    Removing apm32f00x_tmr1.o(.text.TMR1_ConfigExternalClockMode1), (128 bytes).
    Removing apm32f00x_tmr1.o(.ARM.exidx.text.TMR1_ConfigExternalClockMode1), (8 bytes).
    Removing apm32f00x_tmr1.o(.text.TMR1_ConfigCountMode), (30 bytes).
    Removing apm32f00x_tmr1.o(.ARM.exidx.text.TMR1_ConfigCountMode), (8 bytes).
    Removing apm32f00x_tmr1.o(.text.TMR1_SetDivider), (10 bytes).
    Removing apm32f00x_tmr1.o(.ARM.exidx.text.TMR1_SetDivider), (8 bytes).
    Removing apm32f00x_tmr1.o(.text.TMR1_EnableSinglePulseMode), (10 bytes).
    Removing apm32f00x_tmr1.o(.ARM.exidx.text.TMR1_EnableSinglePulseMode), (8 bytes).
    Removing apm32f00x_tmr1.o(.text.TMR1_DisableSinglePulseMode), (10 bytes).
    Removing apm32f00x_tmr1.o(.ARM.exidx.text.TMR1_DisableSinglePulseMode), (8 bytes).
    Removing apm32f00x_tmr1.o(.text.TMR1_ConfigUpdate), (30 bytes).
    Removing apm32f00x_tmr1.o(.ARM.exidx.text.TMR1_ConfigUpdate), (8 bytes).
    Removing apm32f00x_tmr1.o(.text.TMR1_ConfigInputTrigger), (16 bytes).
    Removing apm32f00x_tmr1.o(.ARM.exidx.text.TMR1_ConfigInputTrigger), (8 bytes).
    Removing apm32f00x_tmr1.o(.text.TMR1_ConfigEncodeInterface), (70 bytes).
    Removing apm32f00x_tmr1.o(.ARM.exidx.text.TMR1_ConfigEncodeInterface), (8 bytes).
    Removing apm32f00x_tmr1.o(.text.TMR1_ConfigCCUpdateSource), (16 bytes).
    Removing apm32f00x_tmr1.o(.ARM.exidx.text.TMR1_ConfigCCUpdateSource), (8 bytes).
    Removing apm32f00x_tmr1.o(.text.TMR1_EnableCompareCaptureBuffer), (10 bytes).
    Removing apm32f00x_tmr1.o(.ARM.exidx.text.TMR1_EnableCompareCaptureBuffer), (8 bytes).
    Removing apm32f00x_tmr1.o(.text.TMR1_DisableCompareCaptureBuffer), (10 bytes).
    Removing apm32f00x_tmr1.o(.ARM.exidx.text.TMR1_DisableCompareCaptureBuffer), (8 bytes).
    Removing apm32f00x_tmr1.o(.text.TMR1_EnableAutoReloadBuffer), (10 bytes).
    Removing apm32f00x_tmr1.o(.ARM.exidx.text.TMR1_EnableAutoReloadBuffer), (8 bytes).
    Removing apm32f00x_tmr1.o(.text.TMR1_DisableAutoReloadBuffer), (10 bytes).
    Removing apm32f00x_tmr1.o(.ARM.exidx.text.TMR1_DisableAutoReloadBuffer), (8 bytes).
    Removing apm32f00x_tmr1.o(.text.TMR1_EnableOutputCompareBuffer), (64 bytes).
    Removing apm32f00x_tmr1.o(.ARM.exidx.text.TMR1_EnableOutputCompareBuffer), (8 bytes).
    Removing apm32f00x_tmr1.o(.text.TMR1_DisableOutputCompareBuffer), (64 bytes).
    Removing apm32f00x_tmr1.o(.ARM.exidx.text.TMR1_DisableOutputCompareBuffer), (8 bytes).
    Removing apm32f00x_tmr1.o(.text.TMR1_EnableOutputCompareFastMode), (64 bytes).
    Removing apm32f00x_tmr1.o(.ARM.exidx.text.TMR1_EnableOutputCompareFastMode), (8 bytes).
    Removing apm32f00x_tmr1.o(.text.TMR1_DisableOutputCompareFastMode), (64 bytes).
    Removing apm32f00x_tmr1.o(.ARM.exidx.text.TMR1_DisableOutputCompareFastMode), (8 bytes).
    Removing apm32f00x_tmr1.o(.text.TMR1_GenerateEvent), (4 bytes).
    Removing apm32f00x_tmr1.o(.ARM.exidx.text.TMR1_GenerateEvent), (8 bytes).
    Removing apm32f00x_tmr1.o(.text.TMR1_ConfigOutputComparePolarity), (90 bytes).
    Removing apm32f00x_tmr1.o(.ARM.exidx.text.TMR1_ConfigOutputComparePolarity), (8 bytes).
    Removing apm32f00x_tmr1.o(.text.TMR1_ConfigOutputCompareComplementPolarity), (46 bytes).
    Removing apm32f00x_tmr1.o(.ARM.exidx.text.TMR1_ConfigOutputCompareComplementPolarity), (8 bytes).
    Removing apm32f00x_tmr1.o(.text.TMR1_EnableCompareCapture), (64 bytes).
    Removing apm32f00x_tmr1.o(.ARM.exidx.text.TMR1_EnableCompareCapture), (8 bytes).
    Removing apm32f00x_tmr1.o(.text.TMR1_DisableCompareCapture), (64 bytes).
    Removing apm32f00x_tmr1.o(.ARM.exidx.text.TMR1_DisableCompareCapture), (8 bytes).
    Removing apm32f00x_tmr1.o(.text.TMR1_EnableCompareCaptureComplement), (32 bytes).
    Removing apm32f00x_tmr1.o(.ARM.exidx.text.TMR1_EnableCompareCaptureComplement), (8 bytes).
    Removing apm32f00x_tmr1.o(.text.TMR1_DisableCompareCaptureComplement), (32 bytes).
    Removing apm32f00x_tmr1.o(.ARM.exidx.text.TMR1_DisableCompareCaptureComplement), (8 bytes).
    Removing apm32f00x_tmr1.o(.text.TMR1_SetCounter), (10 bytes).
    Removing apm32f00x_tmr1.o(.ARM.exidx.text.TMR1_SetCounter), (8 bytes).
    Removing apm32f00x_tmr1.o(.text.TMR1_SetAutoReloadVaue), (10 bytes).
    Removing apm32f00x_tmr1.o(.ARM.exidx.text.TMR1_SetAutoReloadVaue), (8 bytes).
    Removing apm32f00x_tmr1.o(.text.TMR1_SetCompareCapture), (64 bytes).
    Removing apm32f00x_tmr1.o(.ARM.exidx.text.TMR1_SetCompareCapture), (8 bytes).
    Removing apm32f00x_tmr1.o(.text.TMR1_ReadCapture1), (12 bytes).
    Removing apm32f00x_tmr1.o(.ARM.exidx.text.TMR1_ReadCapture1), (8 bytes).
    Removing apm32f00x_tmr1.o(.text.TMR1_ReadCapture2), (12 bytes).
    Removing apm32f00x_tmr1.o(.ARM.exidx.text.TMR1_ReadCapture2), (8 bytes).
    Removing apm32f00x_tmr1.o(.text.TMR1_ReadCapture3), (12 bytes).
    Removing apm32f00x_tmr1.o(.ARM.exidx.text.TMR1_ReadCapture3), (8 bytes).
    Removing apm32f00x_tmr1.o(.text.TMR1_ReadCapture4), (12 bytes).
    Removing apm32f00x_tmr1.o(.ARM.exidx.text.TMR1_ReadCapture4), (8 bytes).
    Removing apm32f00x_tmr1.o(.text.TMR1_ReadCompareCapture), (54 bytes).
    Removing apm32f00x_tmr1.o(.ARM.exidx.text.TMR1_ReadCompareCapture), (8 bytes).
    Removing apm32f00x_tmr1.o(.text.TMR1_SetInputCaptureDivider), (90 bytes).
    Removing apm32f00x_tmr1.o(.ARM.exidx.text.TMR1_SetInputCaptureDivider), (8 bytes).
    Removing apm32f00x_tmr1.o(.text.TMR1_ReadCounter), (12 bytes).
    Removing apm32f00x_tmr1.o(.ARM.exidx.text.TMR1_ReadCounter), (8 bytes).
    Removing apm32f00x_tmr1.o(.text.TMR1_ReadDivider), (12 bytes).
    Removing apm32f00x_tmr1.o(.ARM.exidx.text.TMR1_ReadDivider), (8 bytes).
    Removing apm32f00x_tmr1.o(.text.TMR1_ReadStatusFlag), (40 bytes).
    Removing apm32f00x_tmr1.o(.ARM.exidx.text.TMR1_ReadStatusFlag), (8 bytes).
    Removing apm32f00x_tmr1.o(.text.TMR1_ClearStatusFlag), (32 bytes).
    Removing apm32f00x_tmr1.o(.ARM.exidx.text.TMR1_ClearStatusFlag), (8 bytes).
    Removing apm32f00x_tmr1.o(.text.TMR1_ReadIntFlag), (18 bytes).
    Removing apm32f00x_tmr1.o(.ARM.exidx.text.TMR1_ReadIntFlag), (8 bytes).
    Removing apm32f00x_tmr1.o(.text.TMR1_ClearIntFlag), (8 bytes).
    Removing apm32f00x_tmr1.o(.ARM.exidx.text.TMR1_ClearIntFlag), (8 bytes).
    Removing apm32f00x_tmr1.o(.text.TMR1_ConfigSlaveMode), (14 bytes).
    Removing apm32f00x_tmr1.o(.ARM.exidx.text.TMR1_ConfigSlaveMode), (8 bytes).
    Removing apm32f00x_tmr1.o(.text.TMR1_ConfigMasterMode), (16 bytes).
    Removing apm32f00x_tmr1.o(.ARM.exidx.text.TMR1_ConfigMasterMode), (8 bytes).
    Removing apm32f00x_tmr1.o(.text.TMR1_EnableMasterMode), (10 bytes).
    Removing apm32f00x_tmr1.o(.ARM.exidx.text.TMR1_EnableMasterMode), (8 bytes).
    Removing apm32f00x_tmr1.o(.text.TMR1_DisableMasterMode), (10 bytes).
    Removing apm32f00x_tmr1.o(.ARM.exidx.text.TMR1_DisableMasterMode), (8 bytes).
    Removing apm32f00x_tmr2.o(.text), (0 bytes).
    Removing apm32f00x_tmr2.o(.text.TMR2_Reset), (92 bytes).
    Removing apm32f00x_tmr2.o(.ARM.exidx.text.TMR2_Reset), (8 bytes).
    Removing apm32f00x_tmr2.o(.text.TMR2_ConfigTimerBase), (28 bytes).
    Removing apm32f00x_tmr2.o(.ARM.exidx.text.TMR2_ConfigTimerBase), (8 bytes).
    Removing apm32f00x_tmr2.o(.text.TMR2_ConfigOutputComare1), (68 bytes).
    Removing apm32f00x_tmr2.o(.ARM.exidx.text.TMR2_ConfigOutputComare1), (8 bytes).
    Removing apm32f00x_tmr2.o(.text.TMR2_ConfigOutputComare2), (72 bytes).
    Removing apm32f00x_tmr2.o(.ARM.exidx.text.TMR2_ConfigOutputComare2), (8 bytes).
    Removing apm32f00x_tmr2.o(.text.TMR2_ConfigOutputComare3), (68 bytes).
    Removing apm32f00x_tmr2.o(.ARM.exidx.text.TMR2_ConfigOutputComare3), (8 bytes).
    Removing apm32f00x_tmr2.o(.text.TMR2_ConfigOutputCompare), (204 bytes).
    Removing apm32f00x_tmr2.o(.ARM.exidx.text.TMR2_ConfigOutputCompare), (8 bytes).
    Removing apm32f00x_tmr2.o(.text.TMR2_OCStructInit), (20 bytes).
    Removing apm32f00x_tmr2.o(.ARM.exidx.text.TMR2_OCStructInit), (8 bytes).
    Removing apm32f00x_tmr2.o(.text.TMR2_ConfigOutputCompareMode), (76 bytes).
    Removing apm32f00x_tmr2.o(.ARM.exidx.text.TMR2_ConfigOutputCompareMode), (8 bytes).
    Removing apm32f00x_tmr2.o(.text.TMR2_ConfigInputCapture1), (72 bytes).
    Removing apm32f00x_tmr2.o(.ARM.exidx.text.TMR2_ConfigInputCapture1), (8 bytes).
    Removing apm32f00x_tmr2.o(.text.TMR2_ConfigInputCapture2), (72 bytes).
    Removing apm32f00x_tmr2.o(.ARM.exidx.text.TMR2_ConfigInputCapture2), (8 bytes).
    Removing apm32f00x_tmr2.o(.text.TMR2_ConfigInputCapture3), (72 bytes).
    Removing apm32f00x_tmr2.o(.ARM.exidx.text.TMR2_ConfigInputCapture3), (8 bytes).
    Removing apm32f00x_tmr2.o(.text.TMR2_ConfigInputCapture), (264 bytes).
    Removing apm32f00x_tmr2.o(.ARM.exidx.text.TMR2_ConfigInputCapture), (8 bytes).
    Removing apm32f00x_tmr2.o(.text.TMR2_ICStructInit), (16 bytes).
    Removing apm32f00x_tmr2.o(.ARM.exidx.text.TMR2_ICStructInit), (8 bytes).
    Removing apm32f00x_tmr2.o(.text.TMR2_ConfigInputPWM), (312 bytes).
    Removing apm32f00x_tmr2.o(.ARM.exidx.text.TMR2_ConfigInputPWM), (8 bytes).
    Removing apm32f00x_tmr2.o(.text.TMR2_Enable), (16 bytes).
    Removing apm32f00x_tmr2.o(.ARM.exidx.text.TMR2_Enable), (8 bytes).
    Removing apm32f00x_tmr2.o(.text.TMR2_Disable), (16 bytes).
    Removing apm32f00x_tmr2.o(.ARM.exidx.text.TMR2_Disable), (8 bytes).
    Removing apm32f00x_tmr2.o(.text.TMR2_EnableInterrupt), (16 bytes).
    Removing apm32f00x_tmr2.o(.ARM.exidx.text.TMR2_EnableInterrupt), (8 bytes).
    Removing apm32f00x_tmr2.o(.text.TMR2_DisableInterrupt), (16 bytes).
    Removing apm32f00x_tmr2.o(.ARM.exidx.text.TMR2_DisableInterrupt), (8 bytes).
    Removing apm32f00x_tmr2.o(.text.TMR2_SetDivider), (16 bytes).
    Removing apm32f00x_tmr2.o(.ARM.exidx.text.TMR2_SetDivider), (8 bytes).
    Removing apm32f00x_tmr2.o(.text.TMR2_ConfigInputTrigger), (24 bytes).
    Removing apm32f00x_tmr2.o(.ARM.exidx.text.TMR2_ConfigInputTrigger), (8 bytes).
    Removing apm32f00x_tmr2.o(.text.TMR2_EnableAutoReloadBuffer), (16 bytes).
    Removing apm32f00x_tmr2.o(.ARM.exidx.text.TMR2_EnableAutoReloadBuffer), (8 bytes).
    Removing apm32f00x_tmr2.o(.text.TMR2_DisableAutoReloadBuffer), (16 bytes).
    Removing apm32f00x_tmr2.o(.ARM.exidx.text.TMR2_DisableAutoReloadBuffer), (8 bytes).
    Removing apm32f00x_tmr2.o(.text.TMR2_EnableOutputCompareBuffer), (56 bytes).
    Removing apm32f00x_tmr2.o(.ARM.exidx.text.TMR2_EnableOutputCompareBuffer), (8 bytes).
    Removing apm32f00x_tmr2.o(.text.TMR2_DisableOutputCompareBuffer), (56 bytes).
    Removing apm32f00x_tmr2.o(.ARM.exidx.text.TMR2_DisableOutputCompareBuffer), (8 bytes).
    Removing apm32f00x_tmr2.o(.text.TMR2_GenerateEvent), (12 bytes).
    Removing apm32f00x_tmr2.o(.ARM.exidx.text.TMR2_GenerateEvent), (8 bytes).
    Removing apm32f00x_tmr2.o(.text.TMR2_ConfigOutputComparePolarity), (76 bytes).
    Removing apm32f00x_tmr2.o(.ARM.exidx.text.TMR2_ConfigOutputComparePolarity), (8 bytes).
    Removing apm32f00x_tmr2.o(.text.TMR2_EnableCompareCapture), (56 bytes).
    Removing apm32f00x_tmr2.o(.ARM.exidx.text.TMR2_EnableCompareCapture), (8 bytes).
    Removing apm32f00x_tmr2.o(.text.TMR2_DisableCompareCapture), (56 bytes).
    Removing apm32f00x_tmr2.o(.ARM.exidx.text.TMR2_DisableCompareCapture), (8 bytes).
    Removing apm32f00x_tmr2.o(.text.TMR2_SetCounter), (16 bytes).
    Removing apm32f00x_tmr2.o(.ARM.exidx.text.TMR2_SetCounter), (8 bytes).
    Removing apm32f00x_tmr2.o(.text.TMR2_ConfigUpdate), (36 bytes).
    Removing apm32f00x_tmr2.o(.ARM.exidx.text.TMR2_ConfigUpdate), (8 bytes).
    Removing apm32f00x_tmr2.o(.text.TMR2_EnableSinglePulseMode), (16 bytes).
    Removing apm32f00x_tmr2.o(.ARM.exidx.text.TMR2_EnableSinglePulseMode), (8 bytes).
    Removing apm32f00x_tmr2.o(.text.TMR2_DisableSinglePulseMode), (16 bytes).
    Removing apm32f00x_tmr2.o(.ARM.exidx.text.TMR2_DisableSinglePulseMode), (8 bytes).
    Removing apm32f00x_tmr2.o(.text.TMR2_SetAutoReloadVaue), (16 bytes).
    Removing apm32f00x_tmr2.o(.ARM.exidx.text.TMR2_SetAutoReloadVaue), (8 bytes).
    Removing apm32f00x_tmr2.o(.text.TMR2_SetCompareCapture), (56 bytes).
    Removing apm32f00x_tmr2.o(.ARM.exidx.text.TMR2_SetCompareCapture), (8 bytes).
    Removing apm32f00x_tmr2.o(.text.TMR2_ReadCapture1), (20 bytes).
    Removing apm32f00x_tmr2.o(.ARM.exidx.text.TMR2_ReadCapture1), (8 bytes).
    Removing apm32f00x_tmr2.o(.text.TMR2_ReadCapture2), (20 bytes).
    Removing apm32f00x_tmr2.o(.ARM.exidx.text.TMR2_ReadCapture2), (8 bytes).
    Removing apm32f00x_tmr2.o(.text.TMR2_ReadCapture3), (20 bytes).
    Removing apm32f00x_tmr2.o(.ARM.exidx.text.TMR2_ReadCapture3), (8 bytes).
    Removing apm32f00x_tmr2.o(.text.TMR2_ReadCompareCapture), (40 bytes).
    Removing apm32f00x_tmr2.o(.ARM.exidx.text.TMR2_ReadCompareCapture), (8 bytes).
    Removing apm32f00x_tmr2.o(.text.TMR2_SetInputCaptureDivider), (76 bytes).
    Removing apm32f00x_tmr2.o(.ARM.exidx.text.TMR2_SetInputCaptureDivider), (8 bytes).
    Removing apm32f00x_tmr2.o(.text.TMR2_ReadCounter), (20 bytes).
    Removing apm32f00x_tmr2.o(.ARM.exidx.text.TMR2_ReadCounter), (8 bytes).
    Removing apm32f00x_tmr2.o(.text.TMR2_ReadDivider), (12 bytes).
    Removing apm32f00x_tmr2.o(.ARM.exidx.text.TMR2_ReadDivider), (8 bytes).
    Removing apm32f00x_tmr2.o(.text.TMR2_ReadStatusFlag), (48 bytes).
    Removing apm32f00x_tmr2.o(.ARM.exidx.text.TMR2_ReadStatusFlag), (8 bytes).
    Removing apm32f00x_tmr2.o(.text.TMR2_ClearStatusFlag), (40 bytes).
    Removing apm32f00x_tmr2.o(.ARM.exidx.text.TMR2_ClearStatusFlag), (8 bytes).
    Removing apm32f00x_tmr2.o(.text.TMR2_ReadIntFlag), (24 bytes).
    Removing apm32f00x_tmr2.o(.ARM.exidx.text.TMR2_ReadIntFlag), (8 bytes).
    Removing apm32f00x_tmr2.o(.text.TMR2_ClearIntFlag), (16 bytes).
    Removing apm32f00x_tmr2.o(.ARM.exidx.text.TMR2_ClearIntFlag), (8 bytes).
    Removing apm32f00x_tmr2.o(.text.TMR2_ConfigSlaveMode), (20 bytes).
    Removing apm32f00x_tmr2.o(.ARM.exidx.text.TMR2_ConfigSlaveMode), (8 bytes).
    Removing apm32f00x_tmr2.o(.text.TMR2_ConfigMasterMode), (24 bytes).
    Removing apm32f00x_tmr2.o(.ARM.exidx.text.TMR2_ConfigMasterMode), (8 bytes).
    Removing apm32f00x_tmr2.o(.text.TMR2_EnableMasterMode), (16 bytes).
    Removing apm32f00x_tmr2.o(.ARM.exidx.text.TMR2_EnableMasterMode), (8 bytes).
    Removing apm32f00x_tmr2.o(.text.TMR2_DisableMasterMode), (16 bytes).
    Removing apm32f00x_tmr2.o(.ARM.exidx.text.TMR2_DisableMasterMode), (8 bytes).
    Removing apm32f00x_tmr4.o(.text), (0 bytes).
    Removing apm32f00x_tmr4.o(.text.TMR4_Reset), (28 bytes).
    Removing apm32f00x_tmr4.o(.ARM.exidx.text.TMR4_Reset), (8 bytes).
    Removing apm32f00x_tmr4.o(.text.TMR4_ConfigTimerBase), (12 bytes).
    Removing apm32f00x_tmr4.o(.ARM.exidx.text.TMR4_ConfigTimerBase), (8 bytes).
    Removing apm32f00x_tmr4.o(.text.TMR4_Enable), (16 bytes).
    Removing apm32f00x_tmr4.o(.ARM.exidx.text.TMR4_Enable), (8 bytes).
    Removing apm32f00x_tmr4.o(.text.TMR4_Disable), (16 bytes).
    Removing apm32f00x_tmr4.o(.ARM.exidx.text.TMR4_Disable), (8 bytes).
    Removing apm32f00x_tmr4.o(.text.TMR4_EnableInterrupt), (16 bytes).
    Removing apm32f00x_tmr4.o(.ARM.exidx.text.TMR4_EnableInterrupt), (8 bytes).
    Removing apm32f00x_tmr4.o(.text.TMR4_DisableInterrupt), (16 bytes).
    Removing apm32f00x_tmr4.o(.ARM.exidx.text.TMR4_DisableInterrupt), (8 bytes).
    Removing apm32f00x_tmr4.o(.text.TMR4_SetDivider), (16 bytes).
    Removing apm32f00x_tmr4.o(.ARM.exidx.text.TMR4_SetDivider), (8 bytes).
    Removing apm32f00x_tmr4.o(.text.TMR4_ConfigInputTrigger), (24 bytes).
    Removing apm32f00x_tmr4.o(.ARM.exidx.text.TMR4_ConfigInputTrigger), (8 bytes).
    Removing apm32f00x_tmr4.o(.text.TMR4_EnableAutoReloadBuffer), (16 bytes).
    Removing apm32f00x_tmr4.o(.ARM.exidx.text.TMR4_EnableAutoReloadBuffer), (8 bytes).
    Removing apm32f00x_tmr4.o(.text.TMR4_ConfigUpdate), (36 bytes).
    Removing apm32f00x_tmr4.o(.ARM.exidx.text.TMR4_ConfigUpdate), (8 bytes).
    Removing apm32f00x_tmr4.o(.text.TMR4_EnableSinglePulseMode), (16 bytes).
    Removing apm32f00x_tmr4.o(.ARM.exidx.text.TMR4_EnableSinglePulseMode), (8 bytes).
    Removing apm32f00x_tmr4.o(.text.TMR4_DisableSinglePulseMode), (16 bytes).
    Removing apm32f00x_tmr4.o(.ARM.exidx.text.TMR4_DisableSinglePulseMode), (8 bytes).
    Removing apm32f00x_tmr4.o(.text.TMR4_DisableAutoReloadBuffer), (16 bytes).
    Removing apm32f00x_tmr4.o(.ARM.exidx.text.TMR4_DisableAutoReloadBuffer), (8 bytes).
    Removing apm32f00x_tmr4.o(.text.TMR4_GenerateEvent), (12 bytes).
    Removing apm32f00x_tmr4.o(.ARM.exidx.text.TMR4_GenerateEvent), (8 bytes).
    Removing apm32f00x_tmr4.o(.text.TMR4_SetCounter), (12 bytes).
    Removing apm32f00x_tmr4.o(.ARM.exidx.text.TMR4_SetCounter), (8 bytes).
    Removing apm32f00x_tmr4.o(.text.TMR4_SetAutoReloadVaue), (12 bytes).
    Removing apm32f00x_tmr4.o(.ARM.exidx.text.TMR4_SetAutoReloadVaue), (8 bytes).
    Removing apm32f00x_tmr4.o(.text.TMR4_ReadCounter), (12 bytes).
    Removing apm32f00x_tmr4.o(.ARM.exidx.text.TMR4_ReadCounter), (8 bytes).
    Removing apm32f00x_tmr4.o(.text.TMR4_ReadDivider), (12 bytes).
    Removing apm32f00x_tmr4.o(.ARM.exidx.text.TMR4_ReadDivider), (8 bytes).
    Removing apm32f00x_tmr4.o(.text.TMR4_ReadStatusFlag), (20 bytes).
    Removing apm32f00x_tmr4.o(.ARM.exidx.text.TMR4_ReadStatusFlag), (8 bytes).
    Removing apm32f00x_tmr4.o(.text.TMR4_ClearStatusFlag), (16 bytes).
    Removing apm32f00x_tmr4.o(.ARM.exidx.text.TMR4_ClearStatusFlag), (8 bytes).
    Removing apm32f00x_tmr4.o(.text.TMR4_ReadIntFlag), (24 bytes).
    Removing apm32f00x_tmr4.o(.ARM.exidx.text.TMR4_ReadIntFlag), (8 bytes).
    Removing apm32f00x_tmr4.o(.text.TMR4_ClearIntFlag), (16 bytes).
    Removing apm32f00x_tmr4.o(.ARM.exidx.text.TMR4_ClearIntFlag), (8 bytes).
    Removing apm32f00x_tmr4.o(.text.TMR4_ConfigSlaveMode), (20 bytes).
    Removing apm32f00x_tmr4.o(.ARM.exidx.text.TMR4_ConfigSlaveMode), (8 bytes).
    Removing apm32f00x_tmr4.o(.text.TMR4_ConfigMasterMode), (24 bytes).
    Removing apm32f00x_tmr4.o(.ARM.exidx.text.TMR4_ConfigMasterMode), (8 bytes).
    Removing apm32f00x_tmr4.o(.text.TMR4_EnableMasterMode), (16 bytes).
    Removing apm32f00x_tmr4.o(.ARM.exidx.text.TMR4_EnableMasterMode), (8 bytes).
    Removing apm32f00x_tmr4.o(.text.TMR4_DisableMasterMode), (16 bytes).
    Removing apm32f00x_tmr4.o(.ARM.exidx.text.TMR4_DisableMasterMode), (8 bytes).
    Removing apm32f00x_usart.o(.text), (0 bytes).
    Removing apm32f00x_usart.o(.text.USART_Reset), (52 bytes).
    Removing apm32f00x_usart.o(.ARM.exidx.text.USART_Reset), (8 bytes).
    Removing apm32f00x_usart.o(.ARM.exidx.text.USART_Config), (8 bytes).
    Removing apm32f00x_usart.o(.text.USART_EnableInterrupt), (46 bytes).
    Removing apm32f00x_usart.o(.ARM.exidx.text.USART_EnableInterrupt), (8 bytes).
    Removing apm32f00x_usart.o(.text.USART_ConfigStructInit), (20 bytes).
    Removing apm32f00x_usart.o(.ARM.exidx.text.USART_ConfigStructInit), (8 bytes).
    Removing apm32f00x_usart.o(.ARM.exidx.text.USART_Enable), (8 bytes).
    Removing apm32f00x_usart.o(.text.USART_Disable), (10 bytes).
    Removing apm32f00x_usart.o(.ARM.exidx.text.USART_Disable), (8 bytes).
    Removing apm32f00x_usart.o(.text.USART_DisableInterrupt), (58 bytes).
    Removing apm32f00x_usart.o(.ARM.exidx.text.USART_DisableInterrupt), (8 bytes).
    Removing apm32f00x_usart.o(.text.USART_EnableHalfDuplex), (10 bytes).
    Removing apm32f00x_usart.o(.ARM.exidx.text.USART_EnableHalfDuplex), (8 bytes).
    Removing apm32f00x_usart.o(.text.USART_DisableHalfDuplex), (10 bytes).
    Removing apm32f00x_usart.o(.ARM.exidx.text.USART_DisableHalfDuplex), (8 bytes).
    Removing apm32f00x_usart.o(.text.USART_ConfigIrDA), (16 bytes).
    Removing apm32f00x_usart.o(.ARM.exidx.text.USART_ConfigIrDA), (8 bytes).
    Removing apm32f00x_usart.o(.text.USART_EnableIrDA), (10 bytes).
    Removing apm32f00x_usart.o(.ARM.exidx.text.USART_EnableIrDA), (8 bytes).
    Removing apm32f00x_usart.o(.text.USART_DisableIrDA), (10 bytes).
    Removing apm32f00x_usart.o(.ARM.exidx.text.USART_DisableIrDA), (8 bytes).
    Removing apm32f00x_usart.o(.text.USART_ConfigLINBreakDetectLength), (16 bytes).
    Removing apm32f00x_usart.o(.ARM.exidx.text.USART_ConfigLINBreakDetectLength), (8 bytes).
    Removing apm32f00x_usart.o(.text.USART_EnableLIN), (10 bytes).
    Removing apm32f00x_usart.o(.ARM.exidx.text.USART_EnableLIN), (8 bytes).
    Removing apm32f00x_usart.o(.text.USART_DisableLIN), (10 bytes).
    Removing apm32f00x_usart.o(.ARM.exidx.text.USART_DisableLIN), (8 bytes).
    Removing apm32f00x_usart.o(.text.USART_EnableSmartCard), (10 bytes).
    Removing apm32f00x_usart.o(.ARM.exidx.text.USART_EnableSmartCard), (8 bytes).
    Removing apm32f00x_usart.o(.text.USART_DisableSmartCard), (10 bytes).
    Removing apm32f00x_usart.o(.ARM.exidx.text.USART_DisableSmartCard), (8 bytes).
    Removing apm32f00x_usart.o(.text.USART_EnableSmartCardNACK), (10 bytes).
    Removing apm32f00x_usart.o(.ARM.exidx.text.USART_EnableSmartCardNACK), (8 bytes).
    Removing apm32f00x_usart.o(.text.USART_DisableSmartCardNACK), (10 bytes).
    Removing apm32f00x_usart.o(.ARM.exidx.text.USART_DisableSmartCardNACK), (8 bytes).
    Removing apm32f00x_usart.o(.text.USART_EnableMuteMode), (10 bytes).
    Removing apm32f00x_usart.o(.ARM.exidx.text.USART_EnableMuteMode), (8 bytes).
    Removing apm32f00x_usart.o(.text.USART_DisableMuteMode), (10 bytes).
    Removing apm32f00x_usart.o(.ARM.exidx.text.USART_DisableMuteMode), (8 bytes).
    Removing apm32f00x_usart.o(.text.USART_ConfigMuteModeWakeUp), (16 bytes).
    Removing apm32f00x_usart.o(.ARM.exidx.text.USART_ConfigMuteModeWakeUp), (8 bytes).
    Removing apm32f00x_usart.o(.text.USART_RxData8), (6 bytes).
    Removing apm32f00x_usart.o(.ARM.exidx.text.USART_RxData8), (8 bytes).
    Removing apm32f00x_usart.o(.text.USART_RxData9), (18 bytes).
    Removing apm32f00x_usart.o(.ARM.exidx.text.USART_RxData9), (8 bytes).
    Removing apm32f00x_usart.o(.ARM.exidx.text.USART_TxData8), (8 bytes).
    Removing apm32f00x_usart.o(.text.USART_TxData9), (30 bytes).
    Removing apm32f00x_usart.o(.ARM.exidx.text.USART_TxData9), (8 bytes).
    Removing apm32f00x_usart.o(.text.USART_TxBreak), (10 bytes).
    Removing apm32f00x_usart.o(.ARM.exidx.text.USART_TxBreak), (8 bytes).
    Removing apm32f00x_usart.o(.text.USART_Address), (14 bytes).
    Removing apm32f00x_usart.o(.ARM.exidx.text.USART_Address), (8 bytes).
    Removing apm32f00x_usart.o(.text.USART_ConfigGuardTime), (12 bytes).
    Removing apm32f00x_usart.o(.ARM.exidx.text.USART_ConfigGuardTime), (8 bytes).
    Removing apm32f00x_usart.o(.text.USART_ConfigDivNumber), (12 bytes).
    Removing apm32f00x_usart.o(.ARM.exidx.text.USART_ConfigDivNumber), (8 bytes).
    Removing apm32f00x_usart.o(.text.USART_ConfigSyncClock), (66 bytes).
    Removing apm32f00x_usart.o(.ARM.exidx.text.USART_ConfigSyncClock), (8 bytes).
    Removing apm32f00x_usart.o(.text.USART_ConfigSyncClockStructInit), (14 bytes).
    Removing apm32f00x_usart.o(.ARM.exidx.text.USART_ConfigSyncClockStructInit), (8 bytes).
    Removing apm32f00x_usart.o(.ARM.exidx.text.USART_ReadStatusFlag), (8 bytes).
    Removing apm32f00x_usart.o(.text.USART_ClearStatusFlag), (24 bytes).
    Removing apm32f00x_usart.o(.ARM.exidx.text.USART_ClearStatusFlag), (8 bytes).
    Removing apm32f00x_usart.o(.text.USART_ReadIntFlag), (54 bytes).
    Removing apm32f00x_usart.o(.ARM.exidx.text.USART_ReadIntFlag), (8 bytes).
    Removing apm32f00x_usart.o(.text.USART_ClearIntFlag), (20 bytes).
    Removing apm32f00x_usart.o(.ARM.exidx.text.USART_ClearIntFlag), (8 bytes).
    Removing apm32f00x_wupt.o(.text), (0 bytes).
    Removing apm32f00x_wupt.o(.text.WUPT_Reset), (20 bytes).
    Removing apm32f00x_wupt.o(.ARM.exidx.text.WUPT_Reset), (8 bytes).
    Removing apm32f00x_wupt.o(.text.WUPT_Config), (36 bytes).
    Removing apm32f00x_wupt.o(.ARM.exidx.text.WUPT_Config), (8 bytes).
    Removing apm32f00x_wupt.o(.text.WUPT_Enable), (16 bytes).
    Removing apm32f00x_wupt.o(.ARM.exidx.text.WUPT_Enable), (8 bytes).
    Removing apm32f00x_wupt.o(.text.WUPT_Disable), (16 bytes).
    Removing apm32f00x_wupt.o(.ARM.exidx.text.WUPT_Disable), (8 bytes).
    Removing apm32f00x_wupt.o(.text.WUPT_CalibrationLIRC), (64 bytes).
    Removing apm32f00x_wupt.o(.ARM.exidx.text.WUPT_CalibrationLIRC), (8 bytes).
    Removing apm32f00x_wupt.o(.text.WUPT_EnterIdleMode), (20 bytes).
    Removing apm32f00x_wupt.o(.ARM.exidx.text.WUPT_EnterIdleMode), (8 bytes).
    Removing apm32f00x_wupt.o(.text.WUPT_ReadIntFlag), (16 bytes).
    Removing apm32f00x_wupt.o(.ARM.exidx.text.WUPT_ReadIntFlag), (8 bytes).
    Removing apm32f00x_wupt.o(.text.WUPT_EnableLIRCMeasurement), (16 bytes).
    Removing apm32f00x_wupt.o(.ARM.exidx.text.WUPT_EnableLIRCMeasurement), (8 bytes).
    Removing apm32f00x_wupt.o(.text.WUPT_DisableLIRCMeasurement), (16 bytes).
    Removing apm32f00x_wupt.o(.ARM.exidx.text.WUPT_DisableLIRCMeasurement), (8 bytes).
    Removing apm32f00x_wupt.o(.rodata.g_dividerTab), (17 bytes).
    Removing apm32f00x_wupt.o(.rodata.g_timeBaseTab), (17 bytes).
    Removing apm32f00x_wwdt.o(.text), (0 bytes).
    Removing apm32f00x_wwdt.o(.text.WWDT_Config), (28 bytes).
    Removing apm32f00x_wwdt.o(.ARM.exidx.text.WWDT_Config), (8 bytes).
    Removing apm32f00x_wwdt.o(.text.WWDT_SetCounter), (16 bytes).
    Removing apm32f00x_wwdt.o(.ARM.exidx.text.WWDT_SetCounter), (8 bytes).
    Removing apm32f00x_wwdt.o(.text.WWDT_ReadCounter), (16 bytes).
    Removing apm32f00x_wwdt.o(.ARM.exidx.text.WWDT_ReadCounter), (8 bytes).
    Removing apm32f00x_wwdt.o(.text.WWDT_SoftwareReset), (12 bytes).
    Removing apm32f00x_wwdt.o(.ARM.exidx.text.WWDT_SoftwareReset), (8 bytes).
    Removing apm32f00x_wwdt.o(.text.WWDT_SetWidowData), (16 bytes).
    Removing apm32f00x_wwdt.o(.ARM.exidx.text.WWDT_SetWidowData), (8 bytes).
    Removing board.o(.text), (0 bytes).
    Removing board.o(.ARM.exidx.text.Board_LedInit), (8 bytes).
    Removing board.o(.text.Board_LedOn), (24 bytes).
    Removing board.o(.ARM.exidx.text.Board_LedOn), (8 bytes).
    Removing board.o(.ARM.exidx.text.Board_LedOff), (8 bytes).
    Removing board.o(.ARM.exidx.text.Board_LedToggle), (8 bytes).
    Removing board.o(.text.Board_KeyInit), (48 bytes).
    Removing board.o(.ARM.exidx.text.Board_KeyInit), (8 bytes).
    Removing board.o(.text.Board_ReadKeyState), (16 bytes).
    Removing board.o(.ARM.exidx.text.Board_ReadKeyState), (8 bytes).
    Removing board.o(.rodata.g_keyGPIO), (8 bytes).
    Removing main.o(.text), (0 bytes).
    Removing main.o(.ARM.exidx.text.main), (8 bytes).
    Removing main.o(.text.Led_Init), (32 bytes).
    Removing main.o(.ARM.exidx.text.Led_Init), (8 bytes).
    Removing main.o(.text.ADC_SingleConvInit), (52 bytes).
    Removing main.o(.ARM.exidx.text.ADC_SingleConvInit), (8 bytes).
    Removing main.o(.text.USART_Init), (52 bytes).
    Removing main.o(.ARM.exidx.text.USART_Init), (8 bytes).
    Removing main.o(.ARM.exidx.text.ADC_PollSingleConv), (8 bytes).
    Removing main.o(.text.Delay), (24 bytes).
    Removing main.o(.ARM.exidx.text.Delay), (8 bytes).
    Removing main.o(.ARM.exidx.text.ADC_Calibration), (8 bytes).
    Removing main.o(.text.USART_SendString), (42 bytes).
    Removing main.o(.ARM.exidx.text.USART_SendString), (8 bytes).
    Removing main.o(.text.USART_SendByte), (22 bytes).
    Removing main.o(.ARM.exidx.text.USART_SendByte), (8 bytes).
    Removing main.o(.text.USART_ReceiveByte), (24 bytes).
    Removing main.o(.ARM.exidx.text.USART_ReceiveByte), (8 bytes).
    Removing main.o(.ARM.use_no_argv), (4 bytes).
    Removing apm32f00x_int.o(.text), (0 bytes).
    Removing apm32f00x_int.o(.ARM.exidx.text.NMI_Handler), (8 bytes).
    Removing apm32f00x_int.o(.ARM.exidx.text.HardFault_Handler), (8 bytes).
    Removing apm32f00x_int.o(.ARM.exidx.text.SVC_Handler), (8 bytes).
    Removing apm32f00x_int.o(.ARM.exidx.text.PendSV_Handler), (8 bytes).
    Removing apm32f00x_int.o(.ARM.exidx.text.SysTick_Handler), (8 bytes).
    Removing apm32f00x_int.o(.ARM.exidx.text.ADC_IRQHandler), (8 bytes).

810 unused section(s) (total 17752 bytes) removed from the image.

==============================================================================

Image Symbol Table

    Local Symbols

    Symbol Name                              Value     Ov Type        Size  Object(Section)

    ../clib/angel/boardlib.s                 0x00000000   Number         0  boardinit1.o ABSOLUTE
    ../clib/angel/boardlib.s                 0x00000000   Number         0  boardinit2.o ABSOLUTE
    ../clib/angel/boardlib.s                 0x00000000   Number         0  boardinit3.o ABSOLUTE
    ../clib/angel/boardlib.s                 0x00000000   Number         0  boardshut.o ABSOLUTE
    ../clib/angel/handlers.s                 0x00000000   Number         0  __scatter_zi.o ABSOLUTE
    ../clib/angel/kernel.s                   0x00000000   Number         0  __rtentry.o ABSOLUTE
    ../clib/angel/kernel.s                   0x00000000   Number         0  __rtentry2.o ABSOLUTE
    ../clib/angel/kernel.s                   0x00000000   Number         0  __rtentry4.o ABSOLUTE
    ../clib/angel/kernel.s                   0x00000000   Number         0  rtexit.o ABSOLUTE
    ../clib/angel/kernel.s                   0x00000000   Number         0  rtexit2.o ABSOLUTE
    ../clib/angel/rt.s                       0x00000000   Number         0  aeabi_idiv0.o ABSOLUTE
    ../clib/angel/rt.s                       0x00000000   Number         0  aeabi_idiv0_sigfpe.o ABSOLUTE
    ../clib/angel/rt.s                       0x00000000   Number         0  rt_div0.o ABSOLUTE
    ../clib/angel/rt.s                       0x00000000   Number         0  rt_raise.o ABSOLUTE
    ../clib/angel/scatterp.s                 0x00000000   Number         0  __scatter.o ABSOLUTE
    ../clib/angel/startup.s                  0x00000000   Number         0  __main.o ABSOLUTE
    ../clib/angel/sys.s                      0x00000000   Number         0  sys_stackheap_outer.o ABSOLUTE
    ../clib/angel/sys.s                      0x00000000   Number         0  libspace.o ABSOLUTE
    ../clib/angel/sys.s                      0x00000000   Number         0  tempstk.o ABSOLUTE
    ../clib/angel/sys.s                      0x00000000   Number         0  use_no_semi.o ABSOLUTE
    ../clib/angel/sys.s                      0x00000000   Number         0  indicate_semi.o ABSOLUTE
    ../clib/angel/sysapp.c                   0x00000000   Number         0  sys_exit.o ABSOLUTE
    ../clib/angel/sysapp.c                   0x00000000   Number         0  sys_exit_hlt.o ABSOLUTE
    ../clib/angel/sysapp.c                   0x00000000   Number         0  sys_wrch.o ABSOLUTE
    ../clib/angel/sysapp.c                   0x00000000   Number         0  sys_wrch_hlt.o ABSOLUTE
    ../clib/angel/sysapp.c                   0x00000000   Number         0  sys_command.o ABSOLUTE
    ../clib/angel/sysapp.c                   0x00000000   Number         0  sys_command_hlt.o ABSOLUTE
    ../clib/armsys.c                         0x00000000   Number         0  argv_veneer.o ABSOLUTE
    ../clib/armsys.c                         0x00000000   Number         0  _get_argv_nomalloc.o ABSOLUTE
    ../clib/armsys.c                         0x00000000   Number         0  no_argv.o ABSOLUTE
    ../clib/division.c                       0x00000000   Number         0  rtudiv10.o ABSOLUTE
    ../clib/division.s                       0x00000000   Number         0  aeabi_sdivfast.o ABSOLUTE
    ../clib/division.s                       0x00000000   Number         0  aeabi_sdivfast_div0.o ABSOLUTE
    ../clib/heapalloc.c                      0x00000000   Number         0  hrguard.o ABSOLUTE
    ../clib/heapaux.c                        0x00000000   Number         0  heapauxi.o ABSOLUTE
    ../clib/libinit.s                        0x00000000   Number         0  libinit.o ABSOLUTE
    ../clib/libinit.s                        0x00000000   Number         0  libinit2.o ABSOLUTE
    ../clib/libinit.s                        0x00000000   Number         0  libshutdown.o ABSOLUTE
    ../clib/libinit.s                        0x00000000   Number         0  libshutdown2.o ABSOLUTE
    ../clib/printf.c                         0x00000000   Number         0  __2sprintf.o ABSOLUTE
    ../clib/printf.c                         0x00000000   Number         0  noretval__2sprintf.o ABSOLUTE
    ../clib/printf.c                         0x00000000   Number         0  __printf.o ABSOLUTE
    ../clib/printf.c                         0x00000000   Number         0  _printf_dec.o ABSOLUTE
    ../clib/printf.c                         0x00000000   Number         0  __printf_flags.o ABSOLUTE
    ../clib/printf.c                         0x00000000   Number         0  __printf_ss.o ABSOLUTE
    ../clib/printf.c                         0x00000000   Number         0  __printf_flags_ss.o ABSOLUTE
    ../clib/printf.c                         0x00000000   Number         0  __printf_wp.o ABSOLUTE
    ../clib/printf.c                         0x00000000   Number         0  __printf_flags_wp.o ABSOLUTE
    ../clib/printf.c                         0x00000000   Number         0  __printf_ss_wp.o ABSOLUTE
    ../clib/printf.c                         0x00000000   Number         0  __printf_flags_ss_wp.o ABSOLUTE
    ../clib/printf.c                         0x00000000   Number         0  _printf_intcommon.o ABSOLUTE
    ../clib/printf.c                         0x00000000   Number         0  _printf_char_common.o ABSOLUTE
    ../clib/printf.c                         0x00000000   Number         0  _sputc.o ABSOLUTE
    ../clib/printf.c                         0x00000000   Number         0  __printf_nopercent.o ABSOLUTE
    ../clib/printf_percent.s                 0x00000000   Number         0  _printf_d.o ABSOLUTE
    ../clib/printf_percent.s                 0x00000000   Number         0  _printf_percent.o ABSOLUTE
    ../clib/printf_percent.s                 0x00000000   Number         0  _printf_percent_end.o ABSOLUTE
    ../clib/signal.c                         0x00000000   Number         0  defsig_fpe_outer.o ABSOLUTE
    ../clib/signal.c                         0x00000000   Number         0  defsig_fpe_formal.o ABSOLUTE
    ../clib/signal.c                         0x00000000   Number         0  defsig_exit.o ABSOLUTE
    ../clib/signal.c                         0x00000000   Number         0  defsig_fpe_inner.o ABSOLUTE
    ../clib/signal.c                         0x00000000   Number         0  __raise.o ABSOLUTE
    ../clib/signal.c                         0x00000000   Number         0  defsig_general.o ABSOLUTE
    ../clib/signal.c                         0x00000000   Number         0  defsig_abrt_inner.o ABSOLUTE
    ../clib/signal.c                         0x00000000   Number         0  defsig_rtred_inner.o ABSOLUTE
    ../clib/signal.c                         0x00000000   Number         0  defsig_rtmem_inner.o ABSOLUTE
    ../clib/signal.c                         0x00000000   Number         0  defsig_rtmem_outer.o ABSOLUTE
    ../clib/signal.c                         0x00000000   Number         0  defsig_rtmem_formal.o ABSOLUTE
    ../clib/signal.c                         0x00000000   Number         0  defsig_stak_inner.o ABSOLUTE
    ../clib/signal.c                         0x00000000   Number         0  defsig_pvfn_inner.o ABSOLUTE
    ../clib/signal.c                         0x00000000   Number         0  defsig_cppl_inner.o ABSOLUTE
    ../clib/signal.c                         0x00000000   Number         0  defsig_segv_inner.o ABSOLUTE
    ../clib/signal.c                         0x00000000   Number         0  defsig_other.o ABSOLUTE
    ../clib/signal.s                         0x00000000   Number         0  defsig.o ABSOLUTE
    ../clib/stdlib.c                         0x00000000   Number         0  exit.o ABSOLUTE
    ../fplib/cfplib/fpinit.c                 0x00000000   Number         0  fpinit.o ABSOLUTE
    ..\..\..\..\..\Library\Device\Geehy\APM32F00x\Source\ARM\startup_apm32f0xx.s 0x00000000   Number         0  startup_apm32f0xx.o ABSOLUTE
    Board.c                                  0x00000000   Number         0  board.o ABSOLUTE
    apm32f00x_adc.c                          0x00000000   Number         0  apm32f00x_adc.o ABSOLUTE
    apm32f00x_buzzer.c                       0x00000000   Number         0  apm32f00x_buzzer.o ABSOLUTE
    apm32f00x_eint.c                         0x00000000   Number         0  apm32f00x_eint.o ABSOLUTE
    apm32f00x_fmc.c                          0x00000000   Number         0  apm32f00x_fmc.o ABSOLUTE
    apm32f00x_gpio.c                         0x00000000   Number         0  apm32f00x_gpio.o ABSOLUTE
    apm32f00x_i2c.c                          0x00000000   Number         0  apm32f00x_i2c.o ABSOLUTE
    apm32f00x_int.c                          0x00000000   Number         0  apm32f00x_int.o ABSOLUTE
    apm32f00x_iwdt.c                         0x00000000   Number         0  apm32f00x_iwdt.o ABSOLUTE
    apm32f00x_misc.c                         0x00000000   Number         0  apm32f00x_misc.o ABSOLUTE
    apm32f00x_rcm.c                          0x00000000   Number         0  apm32f00x_rcm.o ABSOLUTE
    apm32f00x_spi.c                          0x00000000   Number         0  apm32f00x_spi.o ABSOLUTE
    apm32f00x_tmr1.c                         0x00000000   Number         0  apm32f00x_tmr1.o ABSOLUTE
    apm32f00x_tmr2.c                         0x00000000   Number         0  apm32f00x_tmr2.o ABSOLUTE
    apm32f00x_tmr4.c                         0x00000000   Number         0  apm32f00x_tmr4.o ABSOLUTE
    apm32f00x_usart.c                        0x00000000   Number         0  apm32f00x_usart.o ABSOLUTE
    apm32f00x_wupt.c                         0x00000000   Number         0  apm32f00x_wupt.o ABSOLUTE
    apm32f00x_wwdt.c                         0x00000000   Number         0  apm32f00x_wwdt.o ABSOLUTE
    dc.s                                     0x00000000   Number         0  dc.o ABSOLUTE
    main.c                                   0x00000000   Number         0  main.o ABSOLUTE
    system_apm32f00x.c                       0x00000000   Number         0  system_apm32f00x.o ABSOLUTE
    RESET                                    0x00000000   Section      188  startup_apm32f0xx.o(RESET)
    !!!main                                  0x000000bc   Section        8  __main.o(!!!main)
    !!!scatter                               0x000000c4   Section       60  __scatter.o(!!!scatter)
    !!handler_zi                             0x00000100   Section       28  __scatter_zi.o(!!handler_zi)
    .ARM.Collect$$_printf_percent$$00000000  0x0000011c   Section        2  _printf_percent.o(.ARM.Collect$$_printf_percent$$00000000)
    .ARM.Collect$$_printf_percent$$00000009  0x0000011e   Section       10  _printf_d.o(.ARM.Collect$$_printf_percent$$00000009)
    .ARM.Collect$$_printf_percent$$00000017  0x00000128   Section        4  _printf_percent_end.o(.ARM.Collect$$_printf_percent$$00000017)
    .ARM.Collect$$libinit$$00000000          0x0000012c   Section        2  libinit.o(.ARM.Collect$$libinit$$00000000)
    .ARM.Collect$$libinit$$00000002          0x0000012e   Section        0  libinit2.o(.ARM.Collect$$libinit$$00000002)
    .ARM.Collect$$libinit$$00000004          0x0000012e   Section        0  libinit2.o(.ARM.Collect$$libinit$$00000004)
    .ARM.Collect$$libinit$$00000006          0x0000012e   Section        0  libinit2.o(.ARM.Collect$$libinit$$00000006)
    .ARM.Collect$$libinit$$0000000C          0x0000012e   Section        0  libinit2.o(.ARM.Collect$$libinit$$0000000C)
    .ARM.Collect$$libinit$$0000000E          0x0000012e   Section        0  libinit2.o(.ARM.Collect$$libinit$$0000000E)
    .ARM.Collect$$libinit$$00000010          0x0000012e   Section        0  libinit2.o(.ARM.Collect$$libinit$$00000010)
    .ARM.Collect$$libinit$$00000013          0x0000012e   Section        0  libinit2.o(.ARM.Collect$$libinit$$00000013)
    .ARM.Collect$$libinit$$00000015          0x0000012e   Section        0  libinit2.o(.ARM.Collect$$libinit$$00000015)
    .ARM.Collect$$libinit$$00000017          0x0000012e   Section        0  libinit2.o(.ARM.Collect$$libinit$$00000017)
    .ARM.Collect$$libinit$$00000019          0x0000012e   Section        0  libinit2.o(.ARM.Collect$$libinit$$00000019)
    .ARM.Collect$$libinit$$0000001B          0x0000012e   Section        0  libinit2.o(.ARM.Collect$$libinit$$0000001B)
    .ARM.Collect$$libinit$$0000001D          0x0000012e   Section        0  libinit2.o(.ARM.Collect$$libinit$$0000001D)
    .ARM.Collect$$libinit$$0000001F          0x0000012e   Section        0  libinit2.o(.ARM.Collect$$libinit$$0000001F)
    .ARM.Collect$$libinit$$00000021          0x0000012e   Section        0  libinit2.o(.ARM.Collect$$libinit$$00000021)
    .ARM.Collect$$libinit$$00000023          0x0000012e   Section        0  libinit2.o(.ARM.Collect$$libinit$$00000023)
    .ARM.Collect$$libinit$$00000025          0x0000012e   Section        0  libinit2.o(.ARM.Collect$$libinit$$00000025)
    .ARM.Collect$$libinit$$00000027          0x0000012e   Section        0  libinit2.o(.ARM.Collect$$libinit$$00000027)
    .ARM.Collect$$libinit$$0000002E          0x0000012e   Section        0  libinit2.o(.ARM.Collect$$libinit$$0000002E)
    .ARM.Collect$$libinit$$00000030          0x0000012e   Section        0  libinit2.o(.ARM.Collect$$libinit$$00000030)
    .ARM.Collect$$libinit$$00000032          0x0000012e   Section        0  libinit2.o(.ARM.Collect$$libinit$$00000032)
    .ARM.Collect$$libinit$$00000034          0x0000012e   Section        0  libinit2.o(.ARM.Collect$$libinit$$00000034)
    .ARM.Collect$$libinit$$00000035          0x0000012e   Section        2  libinit2.o(.ARM.Collect$$libinit$$00000035)
    .ARM.Collect$$libshutdown$$00000000      0x00000130   Section        2  libshutdown.o(.ARM.Collect$$libshutdown$$00000000)
    .ARM.Collect$$libshutdown$$00000002      0x00000132   Section        0  libshutdown2.o(.ARM.Collect$$libshutdown$$00000002)
    .ARM.Collect$$libshutdown$$00000004      0x00000132   Section        0  libshutdown2.o(.ARM.Collect$$libshutdown$$00000004)
    .ARM.Collect$$libshutdown$$00000007      0x00000132   Section        0  libshutdown2.o(.ARM.Collect$$libshutdown$$00000007)
    .ARM.Collect$$libshutdown$$0000000A      0x00000132   Section        0  libshutdown2.o(.ARM.Collect$$libshutdown$$0000000A)
    .ARM.Collect$$libshutdown$$0000000C      0x00000132   Section        0  libshutdown2.o(.ARM.Collect$$libshutdown$$0000000C)
    .ARM.Collect$$libshutdown$$0000000F      0x00000132   Section        0  libshutdown2.o(.ARM.Collect$$libshutdown$$0000000F)
    .ARM.Collect$$libshutdown$$00000010      0x00000132   Section        2  libshutdown2.o(.ARM.Collect$$libshutdown$$00000010)
    .ARM.Collect$$rtentry$$00000000          0x00000134   Section        0  __rtentry.o(.ARM.Collect$$rtentry$$00000000)
    .ARM.Collect$$rtentry$$00000002          0x00000134   Section        0  __rtentry2.o(.ARM.Collect$$rtentry$$00000002)
    .ARM.Collect$$rtentry$$00000004          0x00000134   Section        6  __rtentry4.o(.ARM.Collect$$rtentry$$00000004)
    .ARM.Collect$$rtentry$$00000009          0x0000013a   Section        0  __rtentry2.o(.ARM.Collect$$rtentry$$00000009)
    .ARM.Collect$$rtentry$$0000000A          0x0000013a   Section        4  __rtentry2.o(.ARM.Collect$$rtentry$$0000000A)
    .ARM.Collect$$rtentry$$0000000C          0x0000013e   Section        0  __rtentry2.o(.ARM.Collect$$rtentry$$0000000C)
    .ARM.Collect$$rtentry$$0000000D          0x0000013e   Section        8  __rtentry2.o(.ARM.Collect$$rtentry$$0000000D)
    .ARM.Collect$$rtexit$$00000000           0x00000146   Section        2  rtexit.o(.ARM.Collect$$rtexit$$00000000)
    .ARM.Collect$$rtexit$$00000002           0x00000148   Section        0  rtexit2.o(.ARM.Collect$$rtexit$$00000002)
    .ARM.Collect$$rtexit$$00000003           0x00000148   Section        4  rtexit2.o(.ARM.Collect$$rtexit$$00000003)
    .ARM.Collect$$rtexit$$00000004           0x0000014c   Section        6  rtexit2.o(.ARM.Collect$$rtexit$$00000004)
    .text                                    0x00000154   Section       68  startup_apm32f0xx.o(.text)
    .text                                    0x00000198   Section        0  noretval__2sprintf.o(.text)
    .text                                    0x000001c0   Section        0  __printf.o(.text)
    .text                                    0x0000022c   Section        0  _printf_dec.o(.text)
    .text                                    0x00000298   Section        0  heapauxi.o(.text)
    .text                                    0x0000029e   Section        0  _printf_intcommon.o(.text)
    _printf_input_char                       0x00000351   Thumb Code    10  _printf_char_common.o(.text)
    .text                                    0x00000350   Section        0  _printf_char_common.o(.text)
    .text                                    0x00000380   Section        0  _sputc.o(.text)
    .text                                    0x0000038a   Section        0  rtudiv10.o(.text)
    .text                                    0x000003b2   Section       62  sys_stackheap_outer.o(.text)
    .text                                    0x000003f0   Section        0  exit.o(.text)
    .text                                    0x00000400   Section        8  libspace.o(.text)
    .text                                    0x00000408   Section        0  sys_exit.o(.text)
    .text                                    0x00000414   Section        2  use_no_semi.o(.text)
    [Anonymous Symbol]                       0x00000416   Section        0  main.o(.text.ADC_Calibration)
    .text                                    0x00000416   Section        0  indicate_semi.o(.text)
    [Anonymous Symbol]                       0x0000046c   Section        0  apm32f00x_adc.o(.text.ADC_ClearStatusFlag)
    [Anonymous Symbol]                       0x0000048c   Section        0  apm32f00x_adc.o(.text.ADC_Config)
    __arm_cp.1_0                             0x0000053c   Number         4  apm32f00x_adc.o(.text.ADC_Config)
    [Anonymous Symbol]                       0x00000540   Section        0  apm32f00x_adc.o(.text.ADC_ConfigStructInit)
    [Anonymous Symbol]                       0x00000550   Section        0  apm32f00x_adc.o(.text.ADC_Disable)
    [Anonymous Symbol]                       0x0000055c   Section        0  apm32f00x_adc.o(.text.ADC_DisableCompensation)
    [Anonymous Symbol]                       0x00000568   Section        0  apm32f00x_adc.o(.text.ADC_Enable)
    [Anonymous Symbol]                       0x00000574   Section        0  apm32f00x_adc.o(.text.ADC_EnableCompensation)
    [Anonymous Symbol]                       0x00000580   Section        0  apm32f00x_int.o(.text.ADC_IRQHandler)
    [Anonymous Symbol]                       0x00000584   Section        0  main.o(.text.ADC_PollSingleConv)
    [Anonymous Symbol]                       0x000005f4   Section        0  apm32f00x_adc.o(.text.ADC_ReadData)
    __arm_cp.22_0                            0x00000624   Number         4  apm32f00x_adc.o(.text.ADC_ReadData)
    [Anonymous Symbol]                       0x00000628   Section        0  apm32f00x_adc.o(.text.ADC_ReadStatusFlag)
    __arm_cp.29_0                            0x00000644   Number         4  apm32f00x_adc.o(.text.ADC_ReadStatusFlag)
    [Anonymous Symbol]                       0x00000648   Section        0  apm32f00x_adc.o(.text.ADC_SetMode)
    __arm_cp.8_0                             0x0000065c   Number         4  apm32f00x_adc.o(.text.ADC_SetMode)
    [Anonymous Symbol]                       0x00000660   Section        0  apm32f00x_adc.o(.text.ADC_SetOffset)
    __arm_cp.36_0                            0x0000066c   Number         4  apm32f00x_adc.o(.text.ADC_SetOffset)
    [Anonymous Symbol]                       0x00000670   Section        0  apm32f00x_adc.o(.text.ADC_StartConversion)
    __arm_cp.21_0                            0x0000067c   Number         4  apm32f00x_adc.o(.text.ADC_StartConversion)
    [Anonymous Symbol]                       0x00000680   Section        0  board.o(.text.Board_LedInit)
    [Anonymous Symbol]                       0x000006a0   Section        0  board.o(.text.Board_LedOff)
    [Anonymous Symbol]                       0x000006b4   Section        0  board.o(.text.Board_LedToggle)
    __arm_cp.3_0                             0x000006c8   Number         4  board.o(.text.Board_LedToggle)
    [Anonymous Symbol]                       0x000006cc   Section        0  apm32f00x_gpio.o(.text.GPIO_Config)
    [Anonymous Symbol]                       0x0000073e   Section        0  apm32f00x_gpio.o(.text.GPIO_SetBit)
    [Anonymous Symbol]                       0x00000746   Section        0  apm32f00x_gpio.o(.text.GPIO_Toggle)
    [Anonymous Symbol]                       0x0000074e   Section        0  apm32f00x_int.o(.text.HardFault_Handler)
    [Anonymous Symbol]                       0x00000750   Section        0  apm32f00x_int.o(.text.NMI_Handler)
    [Anonymous Symbol]                       0x00000752   Section        0  apm32f00x_int.o(.text.PendSV_Handler)
    [Anonymous Symbol]                       0x00000754   Section        0  apm32f00x_rcm.o(.text.RCM_EnableAPBPeriphClock)
    __arm_cp.14_0                            0x00000784   Number         4  apm32f00x_rcm.o(.text.RCM_EnableAPBPeriphClock)
    [Anonymous Symbol]                       0x00000788   Section        0  apm32f00x_rcm.o(.text.RCM_GetMasterClockFreq)
    __arm_cp.24_1                            0x000007cc   Number         4  apm32f00x_rcm.o(.text.RCM_GetMasterClockFreq)
    __arm_cp.24_2                            0x000007d0   Number         4  apm32f00x_rcm.o(.text.RCM_GetMasterClockFreq)
    [Anonymous Symbol]                       0x000007d4   Section        0  apm32f00x_int.o(.text.SVC_Handler)
    [Anonymous Symbol]                       0x000007d6   Section        0  apm32f00x_int.o(.text.SysTick_Handler)
    [Anonymous Symbol]                       0x000007d8   Section        0  system_apm32f00x.o(.text.SystemInit)
    __arm_cp.0_0                             0x00000844   Number         4  system_apm32f00x.o(.text.SystemInit)
    __arm_cp.0_1                             0x00000848   Number         4  system_apm32f00x.o(.text.SystemInit)
    __arm_cp.0_2                             0x0000084c   Number         4  system_apm32f00x.o(.text.SystemInit)
    [Anonymous Symbol]                       0x00000850   Section        0  apm32f00x_usart.o(.text.USART_Config)
    __arm_cp.1_0                             0x00000924   Number         4  apm32f00x_usart.o(.text.USART_Config)
    __arm_cp.1_1                             0x00000928   Number         4  apm32f00x_usart.o(.text.USART_Config)
    [Anonymous Symbol]                       0x0000092c   Section        0  apm32f00x_usart.o(.text.USART_Enable)
    [Anonymous Symbol]                       0x00000936   Section        0  apm32f00x_usart.o(.text.USART_ReadStatusFlag)
    [Anonymous Symbol]                       0x0000095e   Section        0  apm32f00x_usart.o(.text.USART_TxData8)
    [Anonymous Symbol]                       0x0000096c   Section        0  main.o(.text.main)
    __arm_cp.0_0                             0x000009f8   Number         4  main.o(.text.main)
    __arm_cp.0_1                             0x000009fc   Number         4  main.o(.text.main)
    .text_divfast                            0x00000a00   Section      502  aeabi_sdivfast.o(.text_divfast)
    .bss                                     0x20000000   Section       96  libspace.o(.bss)
    Heap_Mem                                 0x20000060   Data         512  startup_apm32f0xx.o(HEAP)
    HEAP                                     0x20000060   Section      512  startup_apm32f0xx.o(HEAP)
    Stack_Mem                                0x20000260   Data        1024  startup_apm32f0xx.o(STACK)
    STACK                                    0x20000260   Section     1024  startup_apm32f0xx.o(STACK)
    __initial_sp                             0x20000660   Data           0  startup_apm32f0xx.o(STACK)

    Global Symbols

    Symbol Name                              Value     Ov Type        Size  Object(Section)

    BuildAttributes$$THM_ISAv3M$S$PE$A:L22$X:L11$S22$IEEE1$IW$~IW$USESV6$~STKCKD$USESV7$~SHL$OTIME$ROPI$EBA8$UX$STANDARDLIB$REQ8$PRES8$EABIv2 0x00000000   Number         0  anon$$obj.o ABSOLUTE
    __Vectors                                0x00000000   Data           4  startup_apm32f0xx.o(RESET)
    __ARM_exceptions_init                     - Undefined Weak Reference
    __alloca_initialize                       - Undefined Weak Reference
    __arm_preinit_                            - Undefined Weak Reference
    __arm_relocate_pie_                       - Undefined Weak Reference
    __cpp_initialize__aeabi_                  - Undefined Weak Reference
    __cxa_finalize                            - Undefined Weak Reference
    __rt_locale                               - Undefined Weak Reference
    __sigvec_lookup                           - Undefined Weak Reference
    _atexit_init                              - Undefined Weak Reference
    _call_atexit_fns                          - Undefined Weak Reference
    _clock_init                               - Undefined Weak Reference
    _fp_trap_init                             - Undefined Weak Reference
    _fp_trap_shutdown                         - Undefined Weak Reference
    _get_lc_collate                           - Undefined Weak Reference
    _get_lc_ctype                             - Undefined Weak Reference
    _get_lc_monetary                          - Undefined Weak Reference
    _get_lc_numeric                           - Undefined Weak Reference
    _get_lc_time                              - Undefined Weak Reference
    _getenv_init                              - Undefined Weak Reference
    _handle_redirection                       - Undefined Weak Reference
    _init_alloc                               - Undefined Weak Reference
    _init_user_alloc                          - Undefined Weak Reference
    _initio                                   - Undefined Weak Reference
    _printf_post_padding                      - Undefined Weak Reference
    _printf_pre_padding                       - Undefined Weak Reference
    _printf_truncate_signed                   - Undefined Weak Reference
    _printf_truncate_unsigned                 - Undefined Weak Reference
    _rand_init                                - Undefined Weak Reference
    _signal_finish                            - Undefined Weak Reference
    _signal_init                              - Undefined Weak Reference
    _terminate_alloc                          - Undefined Weak Reference
    _terminate_user_alloc                     - Undefined Weak Reference
    _terminateio                              - Undefined Weak Reference
    __Vectors_End                            0x000000bc   Data           0  startup_apm32f0xx.o(RESET)
    __Vectors_Size                           0x000000bc   Number         0  startup_apm32f0xx.o ABSOLUTE
    __main                                   0x000000bd   Thumb Code     8  __main.o(!!!main)
    __scatterload                            0x000000c5   Thumb Code     0  __scatter.o(!!!scatter)
    __scatterload_rt2                        0x000000c5   Thumb Code    52  __scatter.o(!!!scatter)
    __scatterload_rt2_thumb_only             0x000000c5   Thumb Code     0  __scatter.o(!!!scatter)
    __scatterload_null                       0x000000d5   Thumb Code     0  __scatter.o(!!!scatter)
    __scatterload_zeroinit                   0x00000101   Thumb Code    28  __scatter_zi.o(!!handler_zi)
    _printf_percent                          0x0000011d   Thumb Code     0  _printf_percent.o(.ARM.Collect$$_printf_percent$$00000000)
    _printf_d                                0x0000011f   Thumb Code     0  _printf_d.o(.ARM.Collect$$_printf_percent$$00000009)
    _printf_percent_end                      0x00000129   Thumb Code     0  _printf_percent_end.o(.ARM.Collect$$_printf_percent$$00000017)
    __rt_lib_init                            0x0000012d   Thumb Code     0  libinit.o(.ARM.Collect$$libinit$$00000000)
    __rt_lib_init_alloca_1                   0x0000012f   Thumb Code     0  libinit2.o(.ARM.Collect$$libinit$$00000030)
    __rt_lib_init_argv_1                     0x0000012f   Thumb Code     0  libinit2.o(.ARM.Collect$$libinit$$0000002E)
    __rt_lib_init_atexit_1                   0x0000012f   Thumb Code     0  libinit2.o(.ARM.Collect$$libinit$$0000001D)
    __rt_lib_init_clock_1                    0x0000012f   Thumb Code     0  libinit2.o(.ARM.Collect$$libinit$$00000023)
    __rt_lib_init_cpp_1                      0x0000012f   Thumb Code     0  libinit2.o(.ARM.Collect$$libinit$$00000034)
    __rt_lib_init_exceptions_1               0x0000012f   Thumb Code     0  libinit2.o(.ARM.Collect$$libinit$$00000032)
    __rt_lib_init_fp_1                       0x0000012f   Thumb Code     0  libinit2.o(.ARM.Collect$$libinit$$00000002)
    __rt_lib_init_fp_trap_1                  0x0000012f   Thumb Code     0  libinit2.o(.ARM.Collect$$libinit$$00000021)
    __rt_lib_init_getenv_1                   0x0000012f   Thumb Code     0  libinit2.o(.ARM.Collect$$libinit$$00000025)
    __rt_lib_init_heap_1                     0x0000012f   Thumb Code     0  libinit2.o(.ARM.Collect$$libinit$$0000000C)
    __rt_lib_init_lc_collate_1               0x0000012f   Thumb Code     0  libinit2.o(.ARM.Collect$$libinit$$00000013)
    __rt_lib_init_lc_ctype_1                 0x0000012f   Thumb Code     0  libinit2.o(.ARM.Collect$$libinit$$00000015)
    __rt_lib_init_lc_monetary_1              0x0000012f   Thumb Code     0  libinit2.o(.ARM.Collect$$libinit$$00000017)
    __rt_lib_init_lc_numeric_1               0x0000012f   Thumb Code     0  libinit2.o(.ARM.Collect$$libinit$$00000019)
    __rt_lib_init_lc_time_1                  0x0000012f   Thumb Code     0  libinit2.o(.ARM.Collect$$libinit$$0000001B)
    __rt_lib_init_preinit_1                  0x0000012f   Thumb Code     0  libinit2.o(.ARM.Collect$$libinit$$00000006)
    __rt_lib_init_rand_1                     0x0000012f   Thumb Code     0  libinit2.o(.ARM.Collect$$libinit$$00000010)
    __rt_lib_init_relocate_pie_1             0x0000012f   Thumb Code     0  libinit2.o(.ARM.Collect$$libinit$$00000004)
    __rt_lib_init_return                     0x0000012f   Thumb Code     0  libinit2.o(.ARM.Collect$$libinit$$00000035)
    __rt_lib_init_signal_1                   0x0000012f   Thumb Code     0  libinit2.o(.ARM.Collect$$libinit$$0000001F)
    __rt_lib_init_stdio_1                    0x0000012f   Thumb Code     0  libinit2.o(.ARM.Collect$$libinit$$00000027)
    __rt_lib_init_user_alloc_1               0x0000012f   Thumb Code     0  libinit2.o(.ARM.Collect$$libinit$$0000000E)
    __rt_lib_shutdown                        0x00000131   Thumb Code     0  libshutdown.o(.ARM.Collect$$libshutdown$$00000000)
    __rt_lib_shutdown_cpp_1                  0x00000133   Thumb Code     0  libshutdown2.o(.ARM.Collect$$libshutdown$$00000002)
    __rt_lib_shutdown_fp_trap_1              0x00000133   Thumb Code     0  libshutdown2.o(.ARM.Collect$$libshutdown$$00000007)
    __rt_lib_shutdown_heap_1                 0x00000133   Thumb Code     0  libshutdown2.o(.ARM.Collect$$libshutdown$$0000000F)
    __rt_lib_shutdown_return                 0x00000133   Thumb Code     0  libshutdown2.o(.ARM.Collect$$libshutdown$$00000010)
    __rt_lib_shutdown_signal_1               0x00000133   Thumb Code     0  libshutdown2.o(.ARM.Collect$$libshutdown$$0000000A)
    __rt_lib_shutdown_stdio_1                0x00000133   Thumb Code     0  libshutdown2.o(.ARM.Collect$$libshutdown$$00000004)
    __rt_lib_shutdown_user_alloc_1           0x00000133   Thumb Code     0  libshutdown2.o(.ARM.Collect$$libshutdown$$0000000C)
    __rt_entry                               0x00000135   Thumb Code     0  __rtentry.o(.ARM.Collect$$rtentry$$00000000)
    __rt_entry_presh_1                       0x00000135   Thumb Code     0  __rtentry2.o(.ARM.Collect$$rtentry$$00000002)
    __rt_entry_sh                            0x00000135   Thumb Code     0  __rtentry4.o(.ARM.Collect$$rtentry$$00000004)
    __rt_entry_li                            0x0000013b   Thumb Code     0  __rtentry2.o(.ARM.Collect$$rtentry$$0000000A)
    __rt_entry_postsh_1                      0x0000013b   Thumb Code     0  __rtentry2.o(.ARM.Collect$$rtentry$$00000009)
    __rt_entry_main                          0x0000013f   Thumb Code     0  __rtentry2.o(.ARM.Collect$$rtentry$$0000000D)
    __rt_entry_postli_1                      0x0000013f   Thumb Code     0  __rtentry2.o(.ARM.Collect$$rtentry$$0000000C)
    __rt_exit                                0x00000147   Thumb Code     0  rtexit.o(.ARM.Collect$$rtexit$$00000000)
    __rt_exit_ls                             0x00000149   Thumb Code     0  rtexit2.o(.ARM.Collect$$rtexit$$00000003)
    __rt_exit_prels_1                        0x00000149   Thumb Code     0  rtexit2.o(.ARM.Collect$$rtexit$$00000002)
    __rt_exit_exit                           0x0000014d   Thumb Code     0  rtexit2.o(.ARM.Collect$$rtexit$$00000004)
    Reset_Handler                            0x00000155   Thumb Code    14  startup_apm32f0xx.o(.text)
    EINTA_IRQHandler                         0x0000016d   Thumb Code     0  startup_apm32f0xx.o(.text)
    EINTB_IRQHandler                         0x0000016d   Thumb Code     0  startup_apm32f0xx.o(.text)
    EINTC_IRQHandler                         0x0000016d   Thumb Code     0  startup_apm32f0xx.o(.text)
    EINTD_IRQHandler                         0x0000016d   Thumb Code     0  startup_apm32f0xx.o(.text)
    FLASH_IRQHandler                         0x0000016d   Thumb Code     0  startup_apm32f0xx.o(.text)
    IIC_IRQHandler                           0x0000016d   Thumb Code     0  startup_apm32f0xx.o(.text)
    RCM_IRQHandler                           0x0000016d   Thumb Code     0  startup_apm32f0xx.o(.text)
    SPI_IRQHandler                           0x0000016d   Thumb Code     0  startup_apm32f0xx.o(.text)
    TMR1A_CC_IRQHandler                      0x0000016d   Thumb Code     0  startup_apm32f0xx.o(.text)
    TMR1A_UT_IRQHandler                      0x0000016d   Thumb Code     0  startup_apm32f0xx.o(.text)
    TMR1_CC_IRQHandler                       0x0000016d   Thumb Code     0  startup_apm32f0xx.o(.text)
    TMR1_UT_IRQHandler                       0x0000016d   Thumb Code     0  startup_apm32f0xx.o(.text)
    TMR2_CC_IRQHandler                       0x0000016d   Thumb Code     0  startup_apm32f0xx.o(.text)
    TMR2_UO_IRQHandler                       0x0000016d   Thumb Code     0  startup_apm32f0xx.o(.text)
    TMR4_IRQHandler                          0x0000016d   Thumb Code     0  startup_apm32f0xx.o(.text)
    USART1_RX_IRQHandler                     0x0000016d   Thumb Code     0  startup_apm32f0xx.o(.text)
    USART1_TX_IRQHandler                     0x0000016d   Thumb Code     0  startup_apm32f0xx.o(.text)
    USART2_RX_IRQHandler                     0x0000016d   Thumb Code     0  startup_apm32f0xx.o(.text)
    USART2_TX_IRQHandler                     0x0000016d   Thumb Code     0  startup_apm32f0xx.o(.text)
    USART3_RX_IRQHandler                     0x0000016d   Thumb Code     0  startup_apm32f0xx.o(.text)
    USART3_TX_IRQHandler                     0x0000016d   Thumb Code     0  startup_apm32f0xx.o(.text)
    WUPT_IRQHandler                          0x0000016d   Thumb Code     0  startup_apm32f0xx.o(.text)
    __user_initial_stackheap                 0x00000171   Thumb Code     0  startup_apm32f0xx.o(.text)
    __2sprintf                               0x00000199   Thumb Code    36  noretval__2sprintf.o(.text)
    __printf                                 0x000001c1   Thumb Code   108  __printf.o(.text)
    _printf_int_dec                          0x0000022d   Thumb Code    90  _printf_dec.o(.text)
    __use_two_region_memory                  0x00000299   Thumb Code     2  heapauxi.o(.text)
    __rt_heap_escrow$2region                 0x0000029b   Thumb Code     2  heapauxi.o(.text)
    __rt_heap_expand$2region                 0x0000029d   Thumb Code     2  heapauxi.o(.text)
    _printf_int_common                       0x0000029f   Thumb Code   176  _printf_intcommon.o(.text)
    _printf_char_common                      0x0000035b   Thumb Code    32  _printf_char_common.o(.text)
    _sputc                                   0x00000381   Thumb Code    10  _sputc.o(.text)
    __rt_udiv10                              0x0000038b   Thumb Code    40  rtudiv10.o(.text)
    __user_setup_stackheap                   0x000003b3   Thumb Code    62  sys_stackheap_outer.o(.text)
    exit                                     0x000003f1   Thumb Code    16  exit.o(.text)
    __user_libspace                          0x00000401   Thumb Code     8  libspace.o(.text)
    __user_perproc_libspace                  0x00000401   Thumb Code     0  libspace.o(.text)
    __user_perthread_libspace                0x00000401   Thumb Code     0  libspace.o(.text)
    _sys_exit                                0x00000409   Thumb Code     8  sys_exit.o(.text)
    __I$use$semihosting                      0x00000415   Thumb Code     0  use_no_semi.o(.text)
    __use_no_semihosting_swi                 0x00000415   Thumb Code     2  use_no_semi.o(.text)
    ADC_Calibration                          0x00000417   Thumb Code    84  main.o(.text.ADC_Calibration)
    __semihosting_library_function           0x00000417   Thumb Code     0  indicate_semi.o(.text)
    ADC_ClearStatusFlag                      0x0000046d   Thumb Code    32  apm32f00x_adc.o(.text.ADC_ClearStatusFlag)
    ADC_Config                               0x0000048d   Thumb Code   176  apm32f00x_adc.o(.text.ADC_Config)
    ADC_ConfigStructInit                     0x00000541   Thumb Code    16  apm32f00x_adc.o(.text.ADC_ConfigStructInit)
    ADC_Disable                              0x00000551   Thumb Code    12  apm32f00x_adc.o(.text.ADC_Disable)
    ADC_DisableCompensation                  0x0000055d   Thumb Code    12  apm32f00x_adc.o(.text.ADC_DisableCompensation)
    ADC_Enable                               0x00000569   Thumb Code    12  apm32f00x_adc.o(.text.ADC_Enable)
    ADC_EnableCompensation                   0x00000575   Thumb Code    12  apm32f00x_adc.o(.text.ADC_EnableCompensation)
    ADC_IRQHandler                           0x00000581   Thumb Code     2  apm32f00x_int.o(.text.ADC_IRQHandler)
    ADC_PollSingleConv                       0x00000585   Thumb Code    84  main.o(.text.ADC_PollSingleConv)
    ADC_ReadData                             0x000005f5   Thumb Code    48  apm32f00x_adc.o(.text.ADC_ReadData)
    ADC_ReadStatusFlag                       0x00000629   Thumb Code    28  apm32f00x_adc.o(.text.ADC_ReadStatusFlag)
    ADC_SetMode                              0x00000649   Thumb Code    20  apm32f00x_adc.o(.text.ADC_SetMode)
    ADC_SetOffset                            0x00000661   Thumb Code    12  apm32f00x_adc.o(.text.ADC_SetOffset)
    ADC_StartConversion                      0x00000671   Thumb Code    12  apm32f00x_adc.o(.text.ADC_StartConversion)
    Board_LedInit                            0x00000681   Thumb Code    32  board.o(.text.Board_LedInit)
    Board_LedOff                             0x000006a1   Thumb Code    20  board.o(.text.Board_LedOff)
    Board_LedToggle                          0x000006b5   Thumb Code    20  board.o(.text.Board_LedToggle)
    GPIO_Config                              0x000006cd   Thumb Code   114  apm32f00x_gpio.o(.text.GPIO_Config)
    GPIO_SetBit                              0x0000073f   Thumb Code     8  apm32f00x_gpio.o(.text.GPIO_SetBit)
    GPIO_Toggle                              0x00000747   Thumb Code     8  apm32f00x_gpio.o(.text.GPIO_Toggle)
    HardFault_Handler                        0x0000074f   Thumb Code     2  apm32f00x_int.o(.text.HardFault_Handler)
    NMI_Handler                              0x00000751   Thumb Code     2  apm32f00x_int.o(.text.NMI_Handler)
    PendSV_Handler                           0x00000753   Thumb Code     2  apm32f00x_int.o(.text.PendSV_Handler)
    RCM_EnableAPBPeriphClock                 0x00000755   Thumb Code    48  apm32f00x_rcm.o(.text.RCM_EnableAPBPeriphClock)
    RCM_GetMasterClockFreq                   0x00000789   Thumb Code    68  apm32f00x_rcm.o(.text.RCM_GetMasterClockFreq)
    SVC_Handler                              0x000007d5   Thumb Code     2  apm32f00x_int.o(.text.SVC_Handler)
    SysTick_Handler                          0x000007d7   Thumb Code     2  apm32f00x_int.o(.text.SysTick_Handler)
    SystemInit                               0x000007d9   Thumb Code   108  system_apm32f00x.o(.text.SystemInit)
    USART_Config                             0x00000851   Thumb Code   212  apm32f00x_usart.o(.text.USART_Config)
    USART_Enable                             0x0000092d   Thumb Code    10  apm32f00x_usart.o(.text.USART_Enable)
    USART_ReadStatusFlag                     0x00000937   Thumb Code    40  apm32f00x_usart.o(.text.USART_ReadStatusFlag)
    USART_TxData8                            0x0000095f   Thumb Code    12  apm32f00x_usart.o(.text.USART_TxData8)
    main                                     0x0000096d   Thumb Code   140  main.o(.text.main)
    __aeabi_uidiv                            0x00000a01   Thumb Code    68  aeabi_sdivfast.o(.text_divfast)
    __aeabi_idiv                             0x00000a45   Thumb Code   434  aeabi_sdivfast.o(.text_divfast)
    g_ledGPIO                                0x00000bf8   Data          16  board.o(.rodata.g_ledGPIO)
    Region$$Table$$Base                      0x00000c08   Number         0  anon$$obj.o(Region$$Table)
    Region$$Table$$Limit                     0x00000c18   Number         0  anon$$obj.o(Region$$Table)
    __libspace_start                         0x20000000   Data          96  libspace.o(.bss)
    __temporary_stack_top$libspace           0x20000060   Data           0  libspace.o(.bss)



==============================================================================

Memory Map of the image

  Image Entry point : 0x000000bd

  Load Region LR_IROM1 (Base: 0x00000000, Size: 0x00000c18, Max: 0x00008000, ABSOLUTE)

    Execution Region ER_IROM1 (Exec base: 0x00000000, Load base: 0x00000000, Size: 0x00000c18, Max: 0x00008000, ABSOLUTE)

    Exec Addr    Load Addr    Size         Type   Attr      Idx    E Section Name        Object

    0x00000000   0x00000000   0x000000bc   Data   RO           11    RESET               startup_apm32f0xx.o
    0x000000bc   0x000000bc   0x00000008   Code   RO         1033  * !!!main             c_p.l(__main.o)
    0x000000c4   0x000000c4   0x0000003c   Code   RO         1221    !!!scatter          c_p.l(__scatter.o)
    0x00000100   0x00000100   0x0000001c   Code   RO         1223    !!handler_zi        c_p.l(__scatter_zi.o)
    0x0000011c   0x0000011c   0x00000002   Code   RO         1022    .ARM.Collect$$_printf_percent$$00000000  c_p.l(_printf_percent.o)
    0x0000011e   0x0000011e   0x0000000a   Code   RO         1021    .ARM.Collect$$_printf_percent$$00000009  c_p.l(_printf_d.o)
    0x00000128   0x00000128   0x00000004   Code   RO         1046    .ARM.Collect$$_printf_percent$$00000017  c_p.l(_printf_percent_end.o)
    0x0000012c   0x0000012c   0x00000002   Code   RO         1082    .ARM.Collect$$libinit$$00000000  c_p.l(libinit.o)
    0x0000012e   0x0000012e   0x00000000   Code   RO         1096    .ARM.Collect$$libinit$$00000002  c_p.l(libinit2.o)
    0x0000012e   0x0000012e   0x00000000   Code   RO         1098    .ARM.Collect$$libinit$$00000004  c_p.l(libinit2.o)
    0x0000012e   0x0000012e   0x00000000   Code   RO         1100    .ARM.Collect$$libinit$$00000006  c_p.l(libinit2.o)
    0x0000012e   0x0000012e   0x00000000   Code   RO         1103    .ARM.Collect$$libinit$$0000000C  c_p.l(libinit2.o)
    0x0000012e   0x0000012e   0x00000000   Code   RO         1105    .ARM.Collect$$libinit$$0000000E  c_p.l(libinit2.o)
    0x0000012e   0x0000012e   0x00000000   Code   RO         1107    .ARM.Collect$$libinit$$00000010  c_p.l(libinit2.o)
    0x0000012e   0x0000012e   0x00000000   Code   RO         1110    .ARM.Collect$$libinit$$00000013  c_p.l(libinit2.o)
    0x0000012e   0x0000012e   0x00000000   Code   RO         1112    .ARM.Collect$$libinit$$00000015  c_p.l(libinit2.o)
    0x0000012e   0x0000012e   0x00000000   Code   RO         1114    .ARM.Collect$$libinit$$00000017  c_p.l(libinit2.o)
    0x0000012e   0x0000012e   0x00000000   Code   RO         1116    .ARM.Collect$$libinit$$00000019  c_p.l(libinit2.o)
    0x0000012e   0x0000012e   0x00000000   Code   RO         1118    .ARM.Collect$$libinit$$0000001B  c_p.l(libinit2.o)
    0x0000012e   0x0000012e   0x00000000   Code   RO         1120    .ARM.Collect$$libinit$$0000001D  c_p.l(libinit2.o)
    0x0000012e   0x0000012e   0x00000000   Code   RO         1122    .ARM.Collect$$libinit$$0000001F  c_p.l(libinit2.o)
    0x0000012e   0x0000012e   0x00000000   Code   RO         1124    .ARM.Collect$$libinit$$00000021  c_p.l(libinit2.o)
    0x0000012e   0x0000012e   0x00000000   Code   RO         1126    .ARM.Collect$$libinit$$00000023  c_p.l(libinit2.o)
    0x0000012e   0x0000012e   0x00000000   Code   RO         1128    .ARM.Collect$$libinit$$00000025  c_p.l(libinit2.o)
    0x0000012e   0x0000012e   0x00000000   Code   RO         1130    .ARM.Collect$$libinit$$00000027  c_p.l(libinit2.o)
    0x0000012e   0x0000012e   0x00000000   Code   RO         1134    .ARM.Collect$$libinit$$0000002E  c_p.l(libinit2.o)
    0x0000012e   0x0000012e   0x00000000   Code   RO         1136    .ARM.Collect$$libinit$$00000030  c_p.l(libinit2.o)
    0x0000012e   0x0000012e   0x00000000   Code   RO         1138    .ARM.Collect$$libinit$$00000032  c_p.l(libinit2.o)
    0x0000012e   0x0000012e   0x00000000   Code   RO         1140    .ARM.Collect$$libinit$$00000034  c_p.l(libinit2.o)
    0x0000012e   0x0000012e   0x00000002   Code   RO         1141    .ARM.Collect$$libinit$$00000035  c_p.l(libinit2.o)
    0x00000130   0x00000130   0x00000002   Code   RO         1176    .ARM.Collect$$libshutdown$$00000000  c_p.l(libshutdown.o)
    0x00000132   0x00000132   0x00000000   Code   RO         1204    .ARM.Collect$$libshutdown$$00000002  c_p.l(libshutdown2.o)
    0x00000132   0x00000132   0x00000000   Code   RO         1206    .ARM.Collect$$libshutdown$$00000004  c_p.l(libshutdown2.o)
    0x00000132   0x00000132   0x00000000   Code   RO         1209    .ARM.Collect$$libshutdown$$00000007  c_p.l(libshutdown2.o)
    0x00000132   0x00000132   0x00000000   Code   RO         1212    .ARM.Collect$$libshutdown$$0000000A  c_p.l(libshutdown2.o)
    0x00000132   0x00000132   0x00000000   Code   RO         1214    .ARM.Collect$$libshutdown$$0000000C  c_p.l(libshutdown2.o)
    0x00000132   0x00000132   0x00000000   Code   RO         1217    .ARM.Collect$$libshutdown$$0000000F  c_p.l(libshutdown2.o)
    0x00000132   0x00000132   0x00000002   Code   RO         1218    .ARM.Collect$$libshutdown$$00000010  c_p.l(libshutdown2.o)
    0x00000134   0x00000134   0x00000000   Code   RO         1035    .ARM.Collect$$rtentry$$00000000  c_p.l(__rtentry.o)
    0x00000134   0x00000134   0x00000000   Code   RO         1050    .ARM.Collect$$rtentry$$00000002  c_p.l(__rtentry2.o)
    0x00000134   0x00000134   0x00000006   Code   RO         1062    .ARM.Collect$$rtentry$$00000004  c_p.l(__rtentry4.o)
    0x0000013a   0x0000013a   0x00000000   Code   RO         1052    .ARM.Collect$$rtentry$$00000009  c_p.l(__rtentry2.o)
    0x0000013a   0x0000013a   0x00000004   Code   RO         1053    .ARM.Collect$$rtentry$$0000000A  c_p.l(__rtentry2.o)
    0x0000013e   0x0000013e   0x00000000   Code   RO         1055    .ARM.Collect$$rtentry$$0000000C  c_p.l(__rtentry2.o)
    0x0000013e   0x0000013e   0x00000008   Code   RO         1056    .ARM.Collect$$rtentry$$0000000D  c_p.l(__rtentry2.o)
    0x00000146   0x00000146   0x00000002   Code   RO         1087    .ARM.Collect$$rtexit$$00000000  c_p.l(rtexit.o)
    0x00000148   0x00000148   0x00000000   Code   RO         1147    .ARM.Collect$$rtexit$$00000002  c_p.l(rtexit2.o)
    0x00000148   0x00000148   0x00000004   Code   RO         1148    .ARM.Collect$$rtexit$$00000003  c_p.l(rtexit2.o)
    0x0000014c   0x0000014c   0x00000006   Code   RO         1149    .ARM.Collect$$rtexit$$00000004  c_p.l(rtexit2.o)
    0x00000152   0x00000152   0x00000002   PAD
    0x00000154   0x00000154   0x00000044   Code   RO           12    .text               startup_apm32f0xx.o
    0x00000198   0x00000198   0x00000028   Code   RO          995    .text               c_p.l(noretval__2sprintf.o)
    0x000001c0   0x000001c0   0x0000006c   Code   RO          997    .text               c_p.l(__printf.o)
    0x0000022c   0x0000022c   0x0000006c   Code   RO          999    .text               c_p.l(_printf_dec.o)
    0x00000298   0x00000298   0x00000006   Code   RO         1031    .text               c_p.l(heapauxi.o)
    0x0000029e   0x0000029e   0x000000b0   Code   RO         1040    .text               c_p.l(_printf_intcommon.o)
    0x0000034e   0x0000034e   0x00000002   PAD
    0x00000350   0x00000350   0x00000030   Code   RO         1042    .text               c_p.l(_printf_char_common.o)
    0x00000380   0x00000380   0x0000000a   Code   RO         1044    .text               c_p.l(_sputc.o)
    0x0000038a   0x0000038a   0x00000028   Code   RO         1047    .text               c_p.l(rtudiv10.o)
    0x000003b2   0x000003b2   0x0000003e   Code   RO         1068    .text               c_p.l(sys_stackheap_outer.o)
    0x000003f0   0x000003f0   0x00000010   Code   RO         1071    .text               c_p.l(exit.o)
    0x00000400   0x00000400   0x00000008   Code   RO         1083    .text               c_p.l(libspace.o)
    0x00000408   0x00000408   0x0000000c   Code   RO         1142    .text               c_p.l(sys_exit.o)
    0x00000414   0x00000414   0x00000002   Code   RO         1165    .text               c_p.l(use_no_semi.o)
    0x00000416   0x00000416   0x00000000   Code   RO         1167    .text               c_p.l(indicate_semi.o)
    0x00000416   0x00000416   0x00000054   Code   RO          956    .text.ADC_Calibration  main.o
    0x0000046a   0x0000046a   0x00000002   PAD
    0x0000046c   0x0000046c   0x00000020   Code   RO           79    .text.ADC_ClearStatusFlag  apm32f00x_adc.o
    0x0000048c   0x0000048c   0x000000b4   Code   RO           21    .text.ADC_Config    apm32f00x_adc.o
    0x00000540   0x00000540   0x00000010   Code   RO           25    .text.ADC_ConfigStructInit  apm32f00x_adc.o
    0x00000550   0x00000550   0x0000000c   Code   RO           33    .text.ADC_Disable   apm32f00x_adc.o
    0x0000055c   0x0000055c   0x0000000c   Code   RO           87    .text.ADC_DisableCompensation  apm32f00x_adc.o
    0x00000568   0x00000568   0x0000000c   Code   RO           31    .text.ADC_Enable    apm32f00x_adc.o
    0x00000574   0x00000574   0x0000000c   Code   RO           85    .text.ADC_EnableCompensation  apm32f00x_adc.o
    0x00000580   0x00000580   0x00000002   Code   RO          983    .text.ADC_IRQHandler  apm32f00x_int.o
    0x00000582   0x00000582   0x00000002   PAD
    0x00000584   0x00000584   0x00000070   Code   RO          952    .text.ADC_PollSingleConv  main.o
    0x000005f4   0x000005f4   0x00000034   Code   RO           63    .text.ADC_ReadData  apm32f00x_adc.o
    0x00000628   0x00000628   0x00000020   Code   RO           77    .text.ADC_ReadStatusFlag  apm32f00x_adc.o
    0x00000648   0x00000648   0x00000018   Code   RO           35    .text.ADC_SetMode   apm32f00x_adc.o
    0x00000660   0x00000660   0x00000010   Code   RO           91    .text.ADC_SetOffset  apm32f00x_adc.o
    0x00000670   0x00000670   0x00000010   Code   RO           61    .text.ADC_StartConversion  apm32f00x_adc.o
    0x00000680   0x00000680   0x00000020   Code   RO          922    .text.Board_LedInit  board.o
    0x000006a0   0x000006a0   0x00000014   Code   RO          926    .text.Board_LedOff  board.o
    0x000006b4   0x000006b4   0x00000018   Code   RO          928    .text.Board_LedToggle  board.o
    0x000006cc   0x000006cc   0x00000072   Code   RO          117    .text.GPIO_Config   apm32f00x_gpio.o
    0x0000073e   0x0000073e   0x00000008   Code   RO          123    .text.GPIO_SetBit   apm32f00x_gpio.o
    0x00000746   0x00000746   0x00000008   Code   RO          133    .text.GPIO_Toggle   apm32f00x_gpio.o
    0x0000074e   0x0000074e   0x00000002   Code   RO          975    .text.HardFault_Handler  apm32f00x_int.o
    0x00000750   0x00000750   0x00000002   Code   RO          973    .text.NMI_Handler   apm32f00x_int.o
    0x00000752   0x00000752   0x00000002   Code   RO          979    .text.PendSV_Handler  apm32f00x_int.o
    0x00000754   0x00000754   0x00000034   Code   RO          366    .text.RCM_EnableAPBPeriphClock  apm32f00x_rcm.o
    0x00000788   0x00000788   0x0000004c   Code   RO          386    .text.RCM_GetMasterClockFreq  apm32f00x_rcm.o
    0x000007d4   0x000007d4   0x00000002   Code   RO          977    .text.SVC_Handler   apm32f00x_int.o
    0x000007d6   0x000007d6   0x00000002   Code   RO          981    .text.SysTick_Handler  apm32f00x_int.o
    0x000007d8   0x000007d8   0x00000078   Code   RO            2    .text.SystemInit    system_apm32f00x.o
    0x00000850   0x00000850   0x000000dc   Code   RO          798    .text.USART_Config  apm32f00x_usart.o
    0x0000092c   0x0000092c   0x0000000a   Code   RO          804    .text.USART_Enable  apm32f00x_usart.o
    0x00000936   0x00000936   0x00000028   Code   RO          860    .text.USART_ReadStatusFlag  apm32f00x_usart.o
    0x0000095e   0x0000095e   0x0000000c   Code   RO          844    .text.USART_TxData8  apm32f00x_usart.o
    0x0000096a   0x0000096a   0x00000002   PAD
    0x0000096c   0x0000096c   0x00000094   Code   RO          944    .text.main          main.o
    0x00000a00   0x00000a00   0x000001f6   Code   RO         1024    .text_divfast       c_p.l(aeabi_sdivfast.o)
    0x00000bf6   0x00000bf6   0x00000002   PAD
    0x00000bf8   0x00000bf8   0x00000010   Data   RO          934    .rodata.g_ledGPIO   board.o
    0x00000c08   0x00000c08   0x00000010   Data   RO         1220    Region$$Table       anon$$obj.o


    Execution Region RW_IRAM1 (Exec base: 0x20000000, Load base: 0x00000c18, Size: 0x00000660, Max: 0x00001000, ABSOLUTE)

    Exec Addr    Load Addr    Size         Type   Attr      Idx    E Section Name        Object

    0x20000000        -       0x00000060   Zero   RW         1084    .bss                c_p.l(libspace.o)
    0x20000060        -       0x00000200   Zero   RW           10    HEAP                startup_apm32f0xx.o
    0x20000260        -       0x00000400   Zero   RW            9    STACK               startup_apm32f0xx.o


==============================================================================

Image component sizes


      Code (inc. data)   RO Data    RW Data    ZI Data      Debug   Object Name

       416         24          0          0          0      11022   apm32f00x_adc.o
       130          0          0          0          0       5852   apm32f00x_gpio.o
        12          0          0          0          0        874   apm32f00x_int.o
       128         12          0          0          0      10404   apm32f00x_rcm.o
       282          8          0          0          0      11159   apm32f00x_usart.o
        76          4         16          0          0       5471   board.o
       344         36          0          0          0       8309   main.o
        68         32        188          0       1536        848   startup_apm32f0xx.o
       120         12          0          0          0       5089   system_apm32f00x.o

    ----------------------------------------------------------------------
      1582        128        220          0       1536      59028   Object Totals
         0          0         16          0          0          0   (incl. Generated)
         6          0          0          0          0          0   (incl. Padding)

    ----------------------------------------------------------------------

      Code (inc. data)   RO Data    RW Data    ZI Data      Debug   Library Member Name

         8          0          0          0          0         68   __main.o
       108          0          0          0          0         76   __printf.o
         0          0          0          0          0          0   __rtentry.o
        12          0          0          0          0          0   __rtentry2.o
         6          0          0          0          0          0   __rtentry4.o
        60          8          0          0          0          0   __scatter.o
        28          0          0          0          0          0   __scatter_zi.o
        48          6          0          0          0         88   _printf_char_common.o
        10          0          0          0          0          0   _printf_d.o
       108         18          0          0          0         76   _printf_dec.o
       176          0          0          0          0         84   _printf_intcommon.o
         2          0          0          0          0          0   _printf_percent.o
         4          0          0          0          0          0   _printf_percent_end.o
        10          0          0          0          0         60   _sputc.o
       502          0          0          0          0         92   aeabi_sdivfast.o
        16          0          0          0          0         68   exit.o
         6          0          0          0          0        136   heapauxi.o
         0          0          0          0          0          0   indicate_semi.o
         2          0          0          0          0          0   libinit.o
         2          0          0          0          0          0   libinit2.o
         2          0          0          0          0          0   libshutdown.o
         2          0          0          0          0          0   libshutdown2.o
         8          4          0          0         96         68   libspace.o
        40          4          0          0          0         84   noretval__2sprintf.o
         2          0          0          0          0          0   rtexit.o
        10          0          0          0          0          0   rtexit2.o
        40          0          0          0          0         60   rtudiv10.o
        12          4          0          0          0         60   sys_exit.o
        62          0          0          0          0         80   sys_stackheap_outer.o
         2          0          0          0          0         68   use_no_semi.o

    ----------------------------------------------------------------------
      1294         44          0          0         96       1168   Library Totals
         6          0          0          0          0          0   (incl. Padding)

    ----------------------------------------------------------------------

      Code (inc. data)   RO Data    RW Data    ZI Data      Debug   Library Name

      1288         44          0          0         96       1168   c_p.l

    ----------------------------------------------------------------------
      1294         44          0          0         96       1168   Library Totals

    ----------------------------------------------------------------------

==============================================================================


      Code (inc. data)   RO Data    RW Data    ZI Data      Debug   

      2876        172        220          0       1632      59536   Grand Totals
      2876        172        220          0       1632      59536   ELF Image Totals
      2876        172        220          0          0          0   ROM Totals

==============================================================================

    Total RO  Size (Code + RO Data)                 3096 (   3.02kB)
    Total RW  Size (RW Data + ZI Data)              1632 (   1.59kB)
    Total ROM Size (Code + RO Data + RW Data)       3096 (   3.02kB)

==============================================================================

