Component: Arm Compiler for Embedded 6.19 Tool: armlink [5e73cb00]

==============================================================================

Section Cross References

    system_apm32f00x.o(.text.SystemInit) refers to apm32f00x_rcm.o(.text.RCM_ReadClockFlag) for RCM_ReadClockFlag
    system_apm32f00x.o(.ARM.exidx.text.SystemInit) refers to system_apm32f00x.o(.text.SystemInit) for [Anonymous Symbol]
    startup_apm32f0xx.o(STACK) refers (Special) to heapauxi.o(.text) for __use_two_region_memory
    startup_apm32f0xx.o(HEAP) refers (Special) to heapauxi.o(.text) for __use_two_region_memory
    startup_apm32f0xx.o(RESET) refers (Special) to heapauxi.o(.text) for __use_two_region_memory
    startup_apm32f0xx.o(RESET) refers to startup_apm32f0xx.o(STACK) for __initial_sp
    startup_apm32f0xx.o(RESET) refers to startup_apm32f0xx.o(.text) for Reset_Handler
    startup_apm32f0xx.o(RESET) refers to apm32f00x_int.o(.text.NMI_Handler) for NMI_Handler
    startup_apm32f0xx.o(RESET) refers to apm32f00x_int.o(.text.HardFault_Handler) for HardFault_Handler
    startup_apm32f0xx.o(RESET) refers to apm32f00x_int.o(.text.SVC_Handler) for SVC_Handler
    startup_apm32f0xx.o(RESET) refers to apm32f00x_int.o(.text.PendSV_Handler) for PendSV_Handler
    startup_apm32f0xx.o(RESET) refers to apm32f00x_int.o(.text.SysTick_Handler) for SysTick_Handler
    startup_apm32f0xx.o(RESET) refers to apm32f00x_int.o(.text.EINTA_IRQHandler) for EINTA_IRQHandler
    startup_apm32f0xx.o(RESET) refers to apm32f00x_int.o(.text.EINTB_IRQHandler) for EINTB_IRQHandler
    startup_apm32f0xx.o(RESET) refers to apm32f00x_int.o(.text.EINTC_IRQHandler) for EINTC_IRQHandler
    startup_apm32f0xx.o(RESET) refers to apm32f00x_int.o(.text.TMR4_IRQHandler) for TMR4_IRQHandler
    startup_apm32f0xx.o(.text) refers (Special) to heapauxi.o(.text) for __use_two_region_memory
    startup_apm32f0xx.o(.text) refers to startup_apm32f0xx.o(STACK) for __initial_sp
    startup_apm32f0xx.o(.text) refers to system_apm32f00x.o(.text.SystemInit) for SystemInit
    startup_apm32f0xx.o(.text) refers to __main.o(!!!main) for __main
    startup_apm32f0xx.o(.text) refers to startup_apm32f0xx.o(HEAP) for Heap_Mem
    apm32f00x_eint.o(.ARM.exidx.text.EINT_Reset) refers to apm32f00x_eint.o(.text.EINT_Reset) for [Anonymous Symbol]
    apm32f00x_eint.o(.ARM.exidx.text.EINT_Config) refers to apm32f00x_eint.o(.text.EINT_Config) for [Anonymous Symbol]
    apm32f00x_eint.o(.ARM.exidx.text.EINT_ClearIntFlag) refers to apm32f00x_eint.o(.text.EINT_ClearIntFlag) for [Anonymous Symbol]
    apm32f00x_gpio.o(.ARM.exidx.text.GPIO_Reset) refers to apm32f00x_gpio.o(.text.GPIO_Reset) for [Anonymous Symbol]
    apm32f00x_gpio.o(.ARM.exidx.text.GPIO_Config) refers to apm32f00x_gpio.o(.text.GPIO_Config) for [Anonymous Symbol]
    apm32f00x_gpio.o(.ARM.exidx.text.GPIO_ConfigStructInit) refers to apm32f00x_gpio.o(.text.GPIO_ConfigStructInit) for [Anonymous Symbol]
    apm32f00x_gpio.o(.ARM.exidx.text.GPIO_WriteOutputPort) refers to apm32f00x_gpio.o(.text.GPIO_WriteOutputPort) for [Anonymous Symbol]
    apm32f00x_gpio.o(.ARM.exidx.text.GPIO_SetBit) refers to apm32f00x_gpio.o(.text.GPIO_SetBit) for [Anonymous Symbol]
    apm32f00x_gpio.o(.ARM.exidx.text.GPIO_ClearBit) refers to apm32f00x_gpio.o(.text.GPIO_ClearBit) for [Anonymous Symbol]
    apm32f00x_gpio.o(.ARM.exidx.text.GPIO_ReadOutputPort) refers to apm32f00x_gpio.o(.text.GPIO_ReadOutputPort) for [Anonymous Symbol]
    apm32f00x_gpio.o(.ARM.exidx.text.GPIO_ReadInputPort) refers to apm32f00x_gpio.o(.text.GPIO_ReadInputPort) for [Anonymous Symbol]
    apm32f00x_gpio.o(.ARM.exidx.text.GPIO_ReadInputBit) refers to apm32f00x_gpio.o(.text.GPIO_ReadInputBit) for [Anonymous Symbol]
    apm32f00x_gpio.o(.ARM.exidx.text.GPIO_Toggle) refers to apm32f00x_gpio.o(.text.GPIO_Toggle) for [Anonymous Symbol]
    apm32f00x_gpio.o(.ARM.exidx.text.GPIO_EnableSWD) refers to apm32f00x_gpio.o(.text.GPIO_EnableSWD) for [Anonymous Symbol]
    apm32f00x_gpio.o(.ARM.exidx.text.GPIO_DisableSWD) refers to apm32f00x_gpio.o(.text.GPIO_DisableSWD) for [Anonymous Symbol]
    apm32f00x_misc.o(.ARM.exidx.text.NVIC_EnableIRQRequest) refers to apm32f00x_misc.o(.text.NVIC_EnableIRQRequest) for [Anonymous Symbol]
    apm32f00x_misc.o(.ARM.exidx.text.NVIC_DisableIRQRequest) refers to apm32f00x_misc.o(.text.NVIC_DisableIRQRequest) for [Anonymous Symbol]
    apm32f00x_misc.o(.ARM.exidx.text.PMU_EnterWaitMode) refers to apm32f00x_misc.o(.text.PMU_EnterWaitMode) for [Anonymous Symbol]
    apm32f00x_misc.o(.ARM.exidx.text.PMU_EnterHaltModeWFI) refers to apm32f00x_misc.o(.text.PMU_EnterHaltModeWFI) for [Anonymous Symbol]
    apm32f00x_misc.o(.ARM.exidx.text.PMU_EnterHaltModeWFE) refers to apm32f00x_misc.o(.text.PMU_EnterHaltModeWFE) for [Anonymous Symbol]
    apm32f00x_rcm.o(.ARM.exidx.text.RCM_Reset) refers to apm32f00x_rcm.o(.text.RCM_Reset) for [Anonymous Symbol]
[...]
    .ARM.Collect$$rtentry$$0000000A          0x00000146   Section        4  __rtentry2.o(.ARM.Collect$$rtentry$$0000000A)
    .ARM.Collect$$rtentry$$0000000C          0x0000014a   Section        0  __rtentry2.o(.ARM.Collect$$rtentry$$0000000C)
    .ARM.Collect$$rtentry$$0000000D          0x0000014a   Section        8  __rtentry2.o(.ARM.Collect$$rtentry$$0000000D)
    .ARM.Collect$$rtexit$$00000000           0x00000152   Section        2  rtexit.o(.ARM.Collect$$rtexit$$00000000)
    .ARM.Collect$$rtexit$$00000002           0x00000154   Section        0  rtexit2.o(.ARM.Collect$$rtexit$$00000002)
    .ARM.Collect$$rtexit$$00000003           0x00000154   Section        4  rtexit2.o(.ARM.Collect$$rtexit$$00000003)
    .ARM.Collect$$rtexit$$00000004           0x00000158   Section        6  rtexit2.o(.ARM.Collect$$rtexit$$00000004)
    .text                                    0x00000160   Section       68  startup_apm32f0xx.o(.text)
    .text                                    0x000001a4   Section        0  heapauxi.o(.text)
    .text                                    0x000001ac   Section        8  libspace.o(.text)
    .text                                    0x000001b4   Section       62  sys_stackheap_outer.o(.text)
    .text                                    0x000001f2   Section        0  exit.o(.text)
    .text                                    0x00000204   Section        0  sys_exit.o(.text)
    .text                                    0x00000210   Section        2  use_no_semi.o(.text)
    [Anonymous Symbol]                       0x00000212   Section        0  adc.o(.text.ADCCalibration)
    .text                                    0x00000212   Section        0  indicate_semi.o(.text)
    [Anonymous Symbol]                       0x00000268   Section        0  apm32f00x_adc.o(.text.ADC_ClearStatusFlag)
    [Anonymous Symbol]                       0x00000288   Section        0  apm32f00x_adc.o(.text.ADC_Config)
    __arm_cp.1_0                             0x00000338   Number         4  apm32f00x_adc.o(.text.ADC_Config)
    [Anonymous Symbol]                       0x0000033c   Section        0  apm32f00x_adc.o(.text.ADC_ConfigStructInit)
    [Anonymous Symbol]                       0x0000034c   Section        0  apm32f00x_adc.o(.text.ADC_Disable)
    [Anonymous Symbol]                       0x00000358   Section        0  apm32f00x_adc.o(.text.ADC_DisableCompensation)
    [Anonymous Symbol]                       0x00000364   Section        0  apm32f00x_adc.o(.text.ADC_Enable)
    [Anonymous Symbol]                       0x00000370   Section        0  apm32f00x_adc.o(.text.ADC_EnableCompensation)
    [Anonymous Symbol]                       0x0000037c   Section        0  adc.o(.text.ADC_GPIO_Init)
    __arm_cp.1_0                             0x000003ac   Number         4  adc.o(.text.ADC_GPIO_Init)
    [Anonymous Symbol]                       0x000003b0   Section        0  apm32f00x_adc.o(.text.ADC_ReadData)
    __arm_cp.22_0                            0x000003e0   Number         4  apm32f00x_adc.o(.text.ADC_ReadData)
    [Anonymous Symbol]                       0x000003e4   Section        0  apm32f00x_adc.o(.text.ADC_ReadStatusFlag)
    __arm_cp.29_0                            0x00000400   Number         4  apm32f00x_adc.o(.text.ADC_ReadStatusFlag)
    [Anonymous Symbol]                       0x00000404   Section        0  apm32f00x_adc.o(.text.ADC_SetMode)
    __arm_cp.8_0                             0x00000418   Number         4  apm32f00x_adc.o(.text.ADC_SetMode)
    [Anonymous Symbol]                       0x0000041c   Section        0  apm32f00x_adc.o(.text.ADC_SetOffset)
    __arm_cp.36_0                            0x00000428   Number         4  apm32f00x_adc.o(.text.ADC_SetOffset)
    [Anonymous Symbol]                       0x0000042c   Section        0  apm32f00x_adc.o(.text.ADC_StartConversion)
    __arm_cp.21_0                            0x00000438   Number         4  apm32f00x_adc.o(.text.ADC_StartConversion)
    [Anonymous Symbol]                       0x0000043c   Section        0  adc.o(.text.ADC_read)
    [Anonymous Symbol]                       0x00000488   Section        0  main.o(.text.BtnSpeedUpDown)
    __arm_cp.6_0                             0x000005cc   Number         4  main.o(.text.BtnSpeedUpDown)
    __arm_cp.6_1                             0x000005d0   Number         4  main.o(.text.BtnSpeedUpDown)
    __arm_cp.6_2                             0x000005d4   Number         4  main.o(.text.BtnSpeedUpDown)
    __arm_cp.6_3                             0x000005d8   Number         4  main.o(.text.BtnSpeedUpDown)
    __arm_cp.6_4                             0x000005dc   Number         4  main.o(.text.BtnSpeedUpDown)
    __arm_cp.6_5                             0x000005e0   Number         4  main.o(.text.BtnSpeedUpDown)
    __arm_cp.6_6                             0x000005e4   Number         4  main.o(.text.BtnSpeedUpDown)
    __arm_cp.6_7                             0x000005e8   Number         4  main.o(.text.BtnSpeedUpDown)
    __arm_cp.6_8                             0x000005ec   Number         4  main.o(.text.BtnSpeedUpDown)
    [Anonymous Symbol]                       0x00000600   Section        0  main.o(.text.BtnTimer)
    __arm_cp.7_0                             0x00000730   Number         4  main.o(.text.BtnTimer)
    __arm_cp.7_1                             0x00000734   Number         4  main.o(.text.BtnTimer)
    __arm_cp.7_2                             0x00000738   Number         4  main.o(.text.BtnTimer)
    __arm_cp.7_3                             0x0000073c   Number         4  main.o(.text.BtnTimer)
    __arm_cp.7_4                             0x00000740   Number         4  main.o(.text.BtnTimer)
    __arm_cp.7_6                             0x00000750   Number         4  main.o(.text.BtnTimer)
    __arm_cp.7_7                             0x00000754   Number         4  main.o(.text.BtnTimer)
    __arm_cp.7_8                             0x00000758   Number         4  main.o(.text.BtnTimer)
    __arm_cp.7_9                             0x0000075c   Number         4  main.o(.text.BtnTimer)
    __arm_cp.7_10                            0x00000760   Number         4  main.o(.text.BtnTimer)
    __arm_cp.7_11                            0x00000764   Number         4  main.o(.text.BtnTimer)
    __arm_cp.7_12                            0x00000768   Number         4  main.o(.text.BtnTimer)
    [Anonymous Symbol]                       0x00000788   Section        0  apm32f00x_int.o(.text.EINTA_IRQHandler)
    __arm_cp.6_0                             0x0000089c   Number         4  apm32f00x_int.o(.text.EINTA_IRQHandler)
    __arm_cp.6_1                             0x000008a0   Number         4  apm32f00x_int.o(.text.EINTA_IRQHandler)
    __arm_cp.6_2                             0x000008a4   Number         4  apm32f00x_int.o(.text.EINTA_IRQHandler)
    __arm_cp.6_3                             0x000008a8   Number         4  apm32f00x_int.o(.text.EINTA_IRQHandler)
    __arm_cp.6_4                             0x000008ac   Number         4  apm32f00x_int.o(.text.EINTA_IRQHandler)
    __arm_cp.6_5                             0x000008b0   Number         4  apm32f00x_int.o(.text.EINTA_IRQHandler)
    __arm_cp.6_6                             0x000008b4   Number         4  apm32f00x_int.o(.text.EINTA_IRQHandler)
    __arm_cp.6_7                             0x000008b8   Number         4  apm32f00x_int.o(.text.EINTA_IRQHandler)
    __arm_cp.6_8                             0x000008bc   Number         4  apm32f00x_int.o(.text.EINTA_IRQHandler)
    __arm_cp.6_9                             0x000008c0   Number         4  apm32f00x_int.o(.text.EINTA_IRQHandler)
    __arm_cp.6_10                            0x000008c4   Number         4  apm32f00x_int.o(.text.EINTA_IRQHandler)
    [Anonymous Symbol]                       0x000008c8   Section        0  apm32f00x_int.o(.text.EINTB_IRQHandler)
    __arm_cp.8_0                             0x000008f4   Number         4  apm32f00x_int.o(.text.EINTB_IRQHandler)
    __arm_cp.8_1                             0x000008f8   Number         4  apm32f00x_int.o(.text.EINTB_IRQHandler)
    __arm_cp.8_2                             0x000008fc   Number         4  apm32f00x_int.o(.text.EINTB_IRQHandler)
    __arm_cp.8_3                             0x00000900   Number         4  apm32f00x_int.o(.text.EINTB_IRQHandler)
    [Anonymous Symbol]                       0x00000904   Section        0  apm32f00x_int.o(.text.EINTC_IRQHandler)
    [Anonymous Symbol]                       0x00000914   Section        0  apm32f00x_eint.o(.text.EINT_ClearIntFlag)
    __arm_cp.2_0                             0x00000920   Number         4  apm32f00x_eint.o(.text.EINT_ClearIntFlag)
    [Anonymous Symbol]                       0x00000924   Section        0  apm32f00x_eint.o(.text.EINT_Config)
    __arm_cp.1_0                             0x0000099c   Number         4  apm32f00x_eint.o(.text.EINT_Config)
    [Anonymous Symbol]                       0x000009a0   Section        0  apm32f00x_fmc.o(.text.FMC_ErasePage)
    __arm_cp.9_1                             0x00000a2c   Number         4  apm32f00x_fmc.o(.text.FMC_ErasePage)
    [Anonymous Symbol]                       0x00000a30   Section        0  apm32f00x_fmc.o(.text.FMC_Lock)
    [Anonymous Symbol]                       0x00000a3c   Section        0  apm32f00x_fmc.o(.text.FMC_ProgramWord)
    __arm_cp.12_0                            0x00000b08   Number         4  apm32f00x_fmc.o(.text.FMC_ProgramWord)
    __arm_cp.12_1                            0x00000b0c   Number         4  apm32f00x_fmc.o(.text.FMC_ProgramWord)
    [Anonymous Symbol]                       0x00000b10   Section        0  apm32f00x_fmc.o(.text.FMC_Unlock)
    __arm_cp.5_0                             0x00000b1c   Number         4  apm32f00x_fmc.o(.text.FMC_Unlock)
    __arm_cp.5_1                             0x00000b20   Number         4  apm32f00x_fmc.o(.text.FMC_Unlock)
    __arm_cp.5_2                             0x00000b24   Number         4  apm32f00x_fmc.o(.text.FMC_Unlock)
    [Anonymous Symbol]                       0x00000b28   Section        0  fan.o(.text.Fan_Load)
    __arm_cp.7_0                             0x00000bb0   Number         4  fan.o(.text.Fan_Load)
    __arm_cp.7_2                             0x00000bb4   Number         4  fan.o(.text.Fan_Load)
    __arm_cp.7_3                             0x00000bb8   Number         4  fan.o(.text.Fan_Load)
    __arm_cp.7_5                             0x00000bbc   Number         4  fan.o(.text.Fan_Load)
    __arm_cp.7_6                             0x00000bc0   Number         4  fan.o(.text.Fan_Load)
    [Anonymous Symbol]                       0x00000bc4   Section        0  apm32f00x_gpio.o(.text.GPIO_Config)
    [Anonymous Symbol]                       0x00000c36   Section        0  apm32f00x_gpio.o(.text.GPIO_ReadInputBit)
    [Anonymous Symbol]                       0x00000c40   Section        0  apm32f00x_int.o(.text.HardFault_Handler)
    [Anonymous Symbol]                       0x00000c44   Section        0  apm32f00x_iwdt.o(.text.IWDT_Enable)
    [Anonymous Symbol]                       0x00000c4c   Section        0  apm32f00x_iwdt.o(.text.IWDT_EnableWriteAccess)
    [Anonymous Symbol]                       0x00000c54   Section        0  apm32f00x_iwdt.o(.text.IWDT_ReloadCounter)
    __arm_cp.4_0                             0x00000c5c   Number         4  apm32f00x_iwdt.o(.text.IWDT_ReloadCounter)
    [Anonymous Symbol]                       0x00000c60   Section        0  apm32f00x_iwdt.o(.text.IWDT_SetDivider)
    __arm_cp.2_0                             0x00000c68   Number         4  apm32f00x_iwdt.o(.text.IWDT_SetDivider)
    [Anonymous Symbol]                       0x00000c6c   Section        0  apm32f00x_iwdt.o(.text.IWDT_SetReloadCounter)
    __arm_cp.3_0                             0x00000c74   Number         4  apm32f00x_iwdt.o(.text.IWDT_SetReloadCounter)
    [Anonymous Symbol]                       0x00000c78   Section        0  main.o(.text.LIRCMeasurment)
    __arm_cp.4_0                             0x00000d00   Number         4  main.o(.text.LIRCMeasurment)
    __arm_cp.4_1                             0x00000d04   Number         4  main.o(.text.LIRCMeasurment)
    [Anonymous Symbol]                       0x00000d08   Section        0  apm32f00x_int.o(.text.NMI_Handler)
    [Anonymous Symbol]                       0x00000d0c   Section        0  apm32f00x_misc.o(.text.NVIC_EnableIRQRequest)
    __arm_cp.0_0                             0x00000d50   Number         4  apm32f00x_misc.o(.text.NVIC_EnableIRQRequest)
    __arm_cp.0_1                             0x00000d54   Number         4  apm32f00x_misc.o(.text.NVIC_EnableIRQRequest)
    __arm_cp.0_2                             0x00000d58   Number         4  apm32f00x_misc.o(.text.NVIC_EnableIRQRequest)
    [Anonymous Symbol]                       0x00000d5c   Section        0  apm32f00x_misc.o(.text.PMU_EnterHaltModeWFI)
    __arm_cp.3_0                             0x00000d70   Number         4  apm32f00x_misc.o(.text.PMU_EnterHaltModeWFI)
    [Anonymous Symbol]                       0x00000d74   Section        0  apm32f00x_int.o(.text.PendSV_Handler)
    [Anonymous Symbol]                       0x00000d78   Section        0  main.o(.text.PowerSpeedMode)
    __arm_cp.5_0                             0x00000e00   Number         4  main.o(.text.PowerSpeedMode)
    __arm_cp.5_1                             0x00000e04   Number         4  main.o(.text.PowerSpeedMode)
    __arm_cp.5_2                             0x00000e08   Number         4  main.o(.text.PowerSpeedMode)
    __arm_cp.5_3                             0x00000e0c   Number         4  main.o(.text.PowerSpeedMode)
    __arm_cp.5_4                             0x00000e10   Number         4  main.o(.text.PowerSpeedMode)
    [Anonymous Symbol]                       0x00000e28   Section        0  apm32f00x_rcm.o(.text.RCM_ClearResetFlag)
    [Anonymous Symbol]                       0x00000e34   Section        0  apm32f00x_rcm.o(.text.RCM_GetMasterClockFreq)
    __arm_cp.24_0                            0x00000e78   Number         4  apm32f00x_rcm.o(.text.RCM_GetMasterClockFreq)
    __arm_cp.24_1                            0x00000e7c   Number         4  apm32f00x_rcm.o(.text.RCM_GetMasterClockFreq)
    __arm_cp.24_2                            0x00000e80   Number         4  apm32f00x_rcm.o(.text.RCM_GetMasterClockFreq)
    [Anonymous Symbol]                       0x00000e84   Section        0  apm32f00x_rcm.o(.text.RCM_ReadClockFlag)
    __arm_cp.27_0                            0x00000ed4   Number         4  apm32f00x_rcm.o(.text.RCM_ReadClockFlag)
    [Anonymous Symbol]                       0x00000ed8   Section        0  apm32f00x_rcm.o(.text.RCM_ReadResetFlag)
    __arm_cp.30_0                            0x00000ee8   Number         4  apm32f00x_rcm.o(.text.RCM_ReadResetFlag)
    [Anonymous Symbol]                       0x00000eec   Section        0  remote.o(.text.Remote_Init)
    __arm_cp.0_0                             0x00000f20   Number         4  remote.o(.text.Remote_Init)
    __arm_cp.0_1                             0x00000f24   Number         4  remote.o(.text.Remote_Init)
    [Anonymous Symbol]                       0x00000f28   Section        0  main.o(.text.ResetProc)
    [Anonymous Symbol]                       0x00000f6c   Section        0  apm32f00x_int.o(.text.SVC_Handler)
    [Anonymous Symbol]                       0x00000f70   Section        0  usart_app.o(.text.SerialPrint_NumString)
    [Anonymous Symbol]                       0x00001020   Section        0  usart_app.o(.text.Serial_begin)
    [Anonymous Symbol]                       0x00001048   Section        0  usart_app.o(.text.Serial_newline)
    [Anonymous Symbol]                       0x00001064   Section        0  usart_app.o(.text.Serial_print_int)
    [Anonymous Symbol]                       0x000010c8   Section        0  usart_app.o(.text.Serial_print_string)
    __arm_cp.2_0                             0x000010f8   Number         4  usart_app.o(.text.Serial_print_string)
    [Anonymous Symbol]                       0x000010fc   Section        0  apm32f00x_int.o(.text.SysTick_Handler)
    [Anonymous Symbol]                       0x00001100   Section        0  system_apm32f00x.o(.text.SystemInit)
    __arm_cp.0_0                             0x00001240   Number         4  system_apm32f00x.o(.text.SystemInit)
    __arm_cp.0_1                             0x00001244   Number         4  system_apm32f00x.o(.text.SystemInit)
    __arm_cp.0_2                             0x00001248   Number         4  system_apm32f00x.o(.text.SystemInit)
    __arm_cp.0_3                             0x0000124c   Number         4  system_apm32f00x.o(.text.SystemInit)
    __arm_cp.0_4                             0x00001250   Number         4  system_apm32f00x.o(.text.SystemInit)
    __arm_cp.0_5                             0x00001254   Number         4  system_apm32f00x.o(.text.SystemInit)
    __arm_cp.0_6                             0x00001258   Number         4  system_apm32f00x.o(.text.SystemInit)
    __arm_cp.0_7                             0x0000125c   Number         4  system_apm32f00x.o(.text.SystemInit)
    [Anonymous Symbol]                       0x00001260   Section        0  apm32f00x_tmr1.o(.text.TMR1_ClearStatusFlag)
    [Anonymous Symbol]                       0x00001280   Section        0  apm32f00x_tmr1.o(.text.TMR1_ConfigInputCapture)
    __arm_cp.16_0                            0x000013c4   Number         4  apm32f00x_tmr1.o(.text.TMR1_ConfigInputCapture)
    __arm_cp.16_1                            0x000013c8   Number         4  apm32f00x_tmr1.o(.text.TMR1_ConfigInputCapture)
    [Anonymous Symbol]                       0x000013cc   Section        0  apm32f00x_tmr1.o(.text.TMR1_Disable)
    [Anonymous Symbol]                       0x000013d6   Section        0  apm32f00x_tmr1.o(.text.TMR1_DisableCompareCapture)
    [Anonymous Symbol]                       0x00001416   Section        0  apm32f00x_tmr1.o(.text.TMR1_Enable)
    [Anonymous Symbol]                       0x00001420   Section        0  apm32f00x_tmr1.o(.text.TMR1_ReadCompareCapture)
    [Anonymous Symbol]                       0x00001456   Section        0  apm32f00x_tmr1.o(.text.TMR1_ReadStatusFlag)
    [Anonymous Symbol]                       0x00001480   Section        0  apm32f00x_tmr2.o(.text.TMR2_ConfigOutputCompare)
    __arm_cp.5_0                             0x00001548   Number         4  apm32f00x_tmr2.o(.text.TMR2_ConfigOutputCompare)
    [Anonymous Symbol]                       0x0000154c   Section        0  apm32f00x_tmr2.o(.text.TMR2_ConfigTimerBase)
    __arm_cp.1_0                             0x00001564   Number         4  apm32f00x_tmr2.o(.text.TMR2_ConfigTimerBase)
    [Anonymous Symbol]                       0x00001568   Section        0  apm32f00x_tmr2.o(.text.TMR2_Disable)
    [Anonymous Symbol]                       0x00001574   Section        0  apm32f00x_tmr2.o(.text.TMR2_Enable)
    __arm_cp.14_0                            0x00001580   Number         4  apm32f00x_tmr2.o(.text.TMR2_Enable)
    [Anonymous Symbol]                       0x00001584   Section        0  apm32f00x_tmr2.o(.text.TMR2_SetCompareCapture)
    __arm_cp.33_0                            0x000015b8   Number         4  apm32f00x_tmr2.o(.text.TMR2_SetCompareCapture)
    [Anonymous Symbol]                       0x000015bc   Section        0  time.o(.text.TMR4Init)
    [Anonymous Symbol]                       0x000015dc   Section        0  apm32f00x_tmr4.o(.text.TMR4_ClearIntFlag)
    __arm_cp.21_0                            0x000015e8   Number         4  apm32f00x_tmr4.o(.text.TMR4_ClearIntFlag)
    [Anonymous Symbol]                       0x000015ec   Section        0  apm32f00x_tmr4.o(.text.TMR4_ConfigTimerBase)
    __arm_cp.1_0                             0x000015f4   Number         4  apm32f00x_tmr4.o(.text.TMR4_ConfigTimerBase)
    [Anonymous Symbol]                       0x000015f8   Section        0  apm32f00x_tmr4.o(.text.TMR4_Enable)
    __arm_cp.2_0                             0x00001604   Number         4  apm32f00x_tmr4.o(.text.TMR4_Enable)
    [Anonymous Symbol]                       0x00001608   Section        0  apm32f00x_tmr4.o(.text.TMR4_EnableInterrupt)
    __arm_cp.4_0                             0x00001614   Number         4  apm32f00x_tmr4.o(.text.TMR4_EnableInterrupt)
    [Anonymous Symbol]                       0x00001618   Section        0  apm32f00x_int.o(.text.TMR4_IRQHandler)
    __arm_cp.5_0                             0x00001648   Number         4  apm32f00x_int.o(.text.TMR4_IRQHandler)
    __arm_cp.5_1                             0x0000164c   Number         4  apm32f00x_int.o(.text.TMR4_IRQHandler)
    __arm_cp.5_2                             0x00001650   Number         4  apm32f00x_int.o(.text.TMR4_IRQHandler)
    __arm_cp.5_3                             0x00001654   Number         4  apm32f00x_int.o(.text.TMR4_IRQHandler)
    [Anonymous Symbol]                       0x00001658   Section        0  apm32f00x_usart.o(.text.USART_Config)
    __arm_cp.1_0                             0x0000172c   Number         4  apm32f00x_usart.o(.text.USART_Config)
    __arm_cp.1_1                             0x00001730   Number         4  apm32f00x_usart.o(.text.USART_Config)
    [Anonymous Symbol]                       0x00001734   Section        0  apm32f00x_usart.o(.text.USART_Enable)
    [Anonymous Symbol]                       0x0000173e   Section        0  apm32f00x_usart.o(.text.USART_ReadStatusFlag)
    [Anonymous Symbol]                       0x00001766   Section        0  apm32f00x_usart.o(.text.USART_TxData8)
    [Anonymous Symbol]                       0x00001774   Section        0  apm32f00x_wupt.o(.text.WUPT_DisableLIRCMeasurement)
    [Anonymous Symbol]                       0x00001780   Section        0  apm32f00x_wupt.o(.text.WUPT_EnableLIRCMeasurement)
    __arm_cp.7_0                             0x0000178c   Number         4  apm32f00x_wupt.o(.text.WUPT_EnableLIRCMeasurement)
    [Anonymous Symbol]                       0x00001790   Section        0  utility.o(.text.bitClear)
    [Anonymous Symbol]                       0x00001794   Section        0  utility.o(.text.bitSet)
    [Anonymous Symbol]                       0x00001798   Section        0  button.o(.text.btn_init)
    __arm_cp.0_3                             0x000017e8   Number         4  button.o(.text.btn_init)
    [Anonymous Symbol]                       0x000017ec   Section        0  button.o(.text.btn_power_button)
    [Anonymous Symbol]                       0x0000182c   Section        0  button.o(.text.button)
    __arm_cp.1_2                             0x00001940   Number         4  button.o(.text.button)
    __arm_cp.1_3                             0x00001944   Number         4  button.o(.text.button)
    [Anonymous Symbol]                       0x00001948   Section        0  fan.o(.text.charge_detector_interupt_init)
    __arm_cp.1_0                             0x00001988   Number         4  fan.o(.text.charge_detector_interupt_init)
    __arm_cp.1_1                             0x0000198c   Number         4  fan.o(.text.charge_detector_interupt_init)
    __arm_cp.1_2                             0x00001990   Number         4  fan.o(.text.charge_detector_interupt_init)
    [Anonymous Symbol]                       0x00001994   Section        0  delay.o(.text.delay_ms)
    __arm_cp.1_0                             0x000019c0   Number         4  delay.o(.text.delay_ms)
    __arm_cp.1_1                             0x000019c4   Number         4  delay.o(.text.delay_ms)
    [Anonymous Symbol]                       0x000019c8   Section        0  fan.o(.text.fan_command)
    __arm_cp.6_0                             0x00001ae4   Number         4  fan.o(.text.fan_command)
    __arm_cp.6_1                             0x00001ae8   Number         4  fan.o(.text.fan_command)
    __arm_cp.6_2                             0x00001aec   Number         4  fan.o(.text.fan_command)
    __arm_cp.6_3                             0x00001af0   Number         4  fan.o(.text.fan_command)
    __arm_cp.6_4                             0x00001af4   Number         4  fan.o(.text.fan_command)
    __arm_cp.6_5                             0x00001af8   Number         4  fan.o(.text.fan_command)
    __arm_cp.6_6                             0x00001afc   Number         4  fan.o(.text.fan_command)
    __arm_cp.6_7                             0x00001b00   Number         4  fan.o(.text.fan_command)
    __arm_cp.6_8                             0x00001b04   Number         4  fan.o(.text.fan_command)
    __arm_cp.6_9                             0x00001b08   Number         4  fan.o(.text.fan_command)
    [Anonymous Symbol]                       0x00001b1c   Section        0  fan.o(.text.fan_enable)
    __arm_cp.4_0                             0x00001b48   Number         4  fan.o(.text.fan_enable)
    __arm_cp.4_1                             0x00001b4c   Number         4  fan.o(.text.fan_enable)
    [Anonymous Symbol]                       0x00001b50   Section        0  fan.o(.text.fan_init)
    [Anonymous Symbol]                       0x00001bac   Section        0  fan.o(.text.fan_shutdown)
    __arm_cp.3_0                             0x00001be4   Number         4  fan.o(.text.fan_shutdown)
    __arm_cp.3_1                             0x00001be8   Number         4  fan.o(.text.fan_shutdown)
    __arm_cp.3_2                             0x00001bec   Number         4  fan.o(.text.fan_shutdown)
    __arm_cp.3_4                             0x00001bf0   Number         4  fan.o(.text.fan_shutdown)
    [Anonymous Symbol]                       0x00001bf4   Section        0  flash.o(.text.flash_init1)
    [Anonymous Symbol]                       0x00001c00   Section        0  battery.o(.text.getBATvolt)
    __arm_cp.0_0                             0x00001c48   Number         4  battery.o(.text.getBATvolt)
    __arm_cp.0_1                             0x00001c4c   Number         4  battery.o(.text.getBATvolt)
    __arm_cp.0_2                             0x00001c50   Number         4  battery.o(.text.getBATvolt)
    __arm_cp.0_3                             0x00001c54   Number         4  battery.o(.text.getBATvolt)
    [Anonymous Symbol]                       0x00001c58   Section        0  fan.o(.text.indicator_init)
    __arm_cp.0_0                             0x00001c84   Number         4  fan.o(.text.indicator_init)
    __arm_cp.0_1                             0x00001c88   Number         4  fan.o(.text.indicator_init)
    [Anonymous Symbol]                       0x00001c8c   Section        0  main.o(.text.initializer)
    __arm_cp.0_0                             0x00001d00   Number         4  main.o(.text.initializer)
    __arm_cp.0_1                             0x00001d04   Number         4  main.o(.text.initializer)
    __arm_cp.0_2                             0x00001d08   Number         4  main.o(.text.initializer)
    __arm_cp.0_3                             0x00001d0c   Number         4  main.o(.text.initializer)
    __arm_cp.0_4                             0x00001d10   Number         4  main.o(.text.initializer)
    __arm_cp.0_5                             0x00001d14   Number         4  main.o(.text.initializer)
    __arm_cp.0_6                             0x00001d18   Number         4  main.o(.text.initializer)
    __arm_cp.0_7                             0x00001d1c   Number         4  main.o(.text.initializer)
    [Anonymous Symbol]                       0x00001d20   Section        0  main.o(.text.main)
    __arm_cp.2_45                            0x000020c4   Number         4  main.o(.text.main)
    __arm_cp.2_47                            0x000020cc   Number         4  main.o(.text.main)
    __arm_cp.2_48                            0x000020d0   Number         4  main.o(.text.main)
    __arm_cp.2_62                            0x00002128   Number         4  main.o(.text.main)
    __arm_cp.2_63                            0x0000212c   Number         4  main.o(.text.main)
    __arm_cp.2_65                            0x00002148   Number         4  main.o(.text.main)
    __arm_cp.2_66                            0x0000214c   Number         4  main.o(.text.main)
    __arm_cp.2_69                            0x00002160   Number         4  main.o(.text.main)
    __arm_cp.2_72                            0x00002178   Number         4  main.o(.text.main)
    __arm_cp.2_74                            0x00002190   Number         4  main.o(.text.main)
    __arm_cp.2_1                             0x00002504   Number         4  main.o(.text.main)
    __arm_cp.2_4                             0x00002508   Number         4  main.o(.text.main)
    __arm_cp.2_5                             0x0000250c   Number         4  main.o(.text.main)
    __arm_cp.2_6                             0x00002510   Number         4  main.o(.text.main)
    __arm_cp.2_7                             0x00002514   Number         4  main.o(.text.main)
    __arm_cp.2_9                             0x00002518   Number         4  main.o(.text.main)
    __arm_cp.2_10                            0x0000251c   Number         4  main.o(.text.main)
    __arm_cp.2_14                            0x00002520   Number         4  main.o(.text.main)
    __arm_cp.2_15                            0x00002524   Number         4  main.o(.text.main)
    __arm_cp.2_16                            0x00002528   Number         4  main.o(.text.main)
    __arm_cp.2_17                            0x0000252c   Number         4  main.o(.text.main)
    __arm_cp.2_18                            0x00002530   Number         4  main.o(.text.main)
    __arm_cp.2_20                            0x00002534   Number         4  main.o(.text.main)
    __arm_cp.2_21                            0x00002538   Number         4  main.o(.text.main)
    __arm_cp.2_31                            0x0000253c   Number         4  main.o(.text.main)
    __arm_cp.2_32                            0x00002540   Number         4  main.o(.text.main)
    __arm_cp.2_33                            0x00002544   Number         4  main.o(.text.main)
    __arm_cp.2_35                            0x00002558   Number         4  main.o(.text.main)
    __arm_cp.2_36                            0x0000255c   Number         4  main.o(.text.main)
    __arm_cp.2_37                            0x00002560   Number         4  main.o(.text.main)
    __arm_cp.2_39                            0x00002570   Number         4  main.o(.text.main)
    __arm_cp.2_40                            0x00002574   Number         4  main.o(.text.main)
    __arm_cp.2_41                            0x00002578   Number         4  main.o(.text.main)
    __arm_cp.2_42                            0x0000257c   Number         4  main.o(.text.main)
    [Anonymous Symbol]                       0x0000258c   Section        0  time.o(.text.milis_tick)
    __arm_cp.2_0                             0x000025cc   Number         4  time.o(.text.milis_tick)
    __arm_cp.2_2                             0x000025d0   Number         4  time.o(.text.milis_tick)
    __arm_cp.2_3                             0x000025d4   Number         4  time.o(.text.milis_tick)
    __arm_cp.2_4                             0x000025d8   Number         4  time.o(.text.milis_tick)
    [Anonymous Symbol]                       0x000025dc   Section        0  flash.o(.text.read_flash2)
    [Anonymous Symbol]                       0x000025f8   Section        0  remote.o(.text.scan_remote)
    __arm_cp.1_0                             0x00002644   Number         4  remote.o(.text.scan_remote)
    __arm_cp.1_1                             0x00002648   Number         4  remote.o(.text.scan_remote)
    [Anonymous Symbol]                       0x0000264c   Section        0  time.o(.text.second_tick)
    __arm_cp.0_0                             0x00002698   Number         4  time.o(.text.second_tick)
    __arm_cp.0_1                             0x0000269c   Number         4  time.o(.text.second_tick)
    __arm_cp.0_2                             0x000026a0   Number         4  time.o(.text.second_tick)
    __arm_cp.0_4                             0x000026a4   Number         4  time.o(.text.second_tick)
    __arm_cp.0_5                             0x000026a8   Number         4  time.o(.text.second_tick)
    __arm_cp.0_6                             0x000026ac   Number         4  time.o(.text.second_tick)
    [Anonymous Symbol]                       0x000026b0   Section        0  fan.o(.text.sleepMode)
    __arm_cp.8_0                             0x0000279c   Number         4  fan.o(.text.sleepMode)
    __arm_cp.8_1                             0x000027a0   Number         4  fan.o(.text.sleepMode)
    __arm_cp.8_2                             0x000027a4   Number         4  fan.o(.text.sleepMode)
    __arm_cp.8_3                             0x000027a8   Number         4  fan.o(.text.sleepMode)
    __arm_cp.8_4                             0x000027ac   Number         4  fan.o(.text.sleepMode)
    __arm_cp.8_5                             0x000027b0   Number         4  fan.o(.text.sleepMode)
    __arm_cp.8_6                             0x000027b4   Number         4  fan.o(.text.sleepMode)
    __arm_cp.8_7                             0x000027b8   Number         4  fan.o(.text.sleepMode)
    __arm_cp.8_8                             0x000027bc   Number         4  fan.o(.text.sleepMode)
    __arm_cp.8_9                             0x000027c0   Number         4  fan.o(.text.sleepMode)
    __arm_cp.8_10                            0x000027c4   Number         4  fan.o(.text.sleepMode)
    __arm_cp.8_11                            0x000027c8   Number         4  fan.o(.text.sleepMode)
    __arm_cp.8_14                            0x000027e8   Number         4  fan.o(.text.sleepMode)
    [Anonymous Symbol]                       0x000027ec   Section        0  flash.o(.text.wirte_flash2)
    __arm_cp.6_0                             0x00002848   Number         4  flash.o(.text.wirte_flash2)
    .text_divfast                            0x0000284c   Section      502  aeabi_sdivfast.o(.text_divfast)
    [Anonymous Symbol]                       0x00002a56   Section        0  fan.o(.rodata.str1.1)
    [Anonymous Symbol]                       0x00002a75   Section        0  main.o(.rodata.str1.1)
    pulseCount                               0x20000000   Data           1  apm32f00x_int.o(.data.pulseCount)
    [Anonymous Symbol]                       0x20000000   Section        0  apm32f00x_int.o(.data.pulseCount)
    .bss                                     0x20000008   Section       96  libspace.o(.bss)
    ADC_Val                                  0x20000068   Data           4  battery.o(.bss.ADC_Val)
    [Anonymous Symbol]                       0x20000068   Section        0  battery.o(.bss.ADC_Val)
    batVolt                                  0x20000080   Data           2  battery.o(.bss.batVolt)
    [Anonymous Symbol]                       0x20000080   Section        0  battery.o(.bss.batVolt)
    counter                                  0x2000008a   Data           1  battery.o(.bss.counter)
    [Anonymous Symbol]                       0x2000008a   Section        0  battery.o(.bss.counter)
    lastTime                                 0x2000009a   Data           2  time.o(.bss.lastTime)
    [Anonymous Symbol]                       0x2000009a   Section        0  time.o(.bss.lastTime)
    milis_lastTime                           0x200000a0   Data           2  time.o(.bss.milis_lastTime)
    [Anonymous Symbol]                       0x200000a0   Section        0  time.o(.bss.milis_lastTime)
    packet2                                  0x200000ac   Data           1  apm32f00x_int.o(.bss.packet2)
    [Anonymous Symbol]                       0x200000ac   Section        0  apm32f00x_int.o(.bss.packet2)
    rmt_flag                                 0x200000c0   Data           1  apm32f00x_int.o(.bss.rmt_flag)
    [Anonymous Symbol]                       0x200000c0   Section        0  apm32f00x_int.o(.bss.rmt_flag)
    tick                                     0x200000c9   Data           1  apm32f00x_int.o(.bss.tick)
    [Anonymous Symbol]                       0x200000c9   Section        0  apm32f00x_int.o(.bss.tick)
    Heap_Mem                                 0x200000d0   Data         512  startup_apm32f0xx.o(HEAP)
    HEAP                                     0x200000d0   Section      512  startup_apm32f0xx.o(HEAP)
    Stack_Mem                                0x200002d0   Data        1024  startup_apm32f0xx.o(STACK)
    STACK                                    0x200002d0   Section     1024  startup_apm32f0xx.o(STACK)
    __initial_sp                             0x200006d0   Data           0  startup_apm32f0xx.o(STACK)

    Global Symbols

    Symbol Name                              Value     Ov Type        Size  Object(Section)

    BuildAttributes$$THM_ISAv3M$S$PE$A:L22$X:L11$S22$IEEE1$IW$~IW$USESV6$~STKCKD$USESV7$~SHL$OTIME$ROPI$IEEEX$EBA8$UX$STANDARDLIB$REQ8$PRES8$EABIv2 0x00000000   Number         0  anon$$obj.o ABSOLUTE
    __Vectors                                0x00000000   Data           4  startup_apm32f0xx.o(RESET)
    __ARM_exceptions_init                     - Undefined Weak Reference
    __alloca_initialize                       - Undefined Weak Reference
    __arm_preinit_                            - Undefined Weak Reference
    __arm_relocate_pie_                       - Undefined Weak Reference
    __cpp_initialize__aeabi_                  - Undefined Weak Reference
    __cxa_finalize                            - Undefined Weak Reference
    __rt_locale                               - Undefined Weak Reference
    __sigvec_lookup                           - Undefined Weak Reference
    _atexit_init                              - Undefined Weak Reference
    _call_atexit_fns                          - Undefined Weak Reference
    _clock_init                               - Undefined Weak Reference
    _fp_trap_init                             - Undefined Weak Reference
    _fp_trap_shutdown                         - Undefined Weak Reference
    _get_lc_collate                           - Undefined Weak Reference
    _get_lc_ctype                             - Undefined Weak Reference
    _get_lc_monetary                          - Undefined Weak Reference
    _get_lc_numeric                           - Undefined Weak Reference
    _get_lc_time                              - Undefined Weak Reference
    _getenv_init                              - Undefined Weak Reference
    _handle_redirection                       - Undefined Weak Reference
    _init_alloc                               - Undefined Weak Reference
    _init_user_alloc                          - Undefined Weak Reference
    _initio                                   - Undefined Weak Reference
    _rand_init                                - Undefined Weak Reference
    _signal_finish                            - Undefined Weak Reference
    _signal_init                              - Undefined Weak Reference
    _terminate_alloc                          - Undefined Weak Reference
    _terminate_user_alloc                     - Undefined Weak Reference
    _terminateio                              - Undefined Weak Reference
    __Vectors_End                            0x000000bc   Data           0  startup_apm32f0xx.o(RESET)
    __Vectors_Size                           0x000000bc   Number         0  startup_apm32f0xx.o ABSOLUTE
    __main                                   0x000000bd   Thumb Code     8  __main.o(!!!main)
    __scatterload                            0x000000c5   Thumb Code     0  __scatter.o(!!!scatter)
    __scatterload_rt2                        0x000000c5   Thumb Code    52  __scatter.o(!!!scatter)
    __scatterload_rt2_thumb_only             0x000000c5   Thumb Code     0  __scatter.o(!!!scatter)
    __scatterload_null                       0x000000d5   Thumb Code     0  __scatter.o(!!!scatter)
    __scatterload_copy                       0x00000101   Thumb Code    26  __scatter_copy.o(!!handler_copy)
    __scatterload_zeroinit                   0x0000011d   Thumb Code    28  __scatter_zi.o(!!handler_zi)
    __rt_lib_init                            0x00000139   Thumb Code     0  libinit.o(.ARM.Collect$$libinit$$00000000)
    __rt_lib_init_alloca_1                   0x0000013b   Thumb Code     0  libinit2.o(.ARM.Collect$$libinit$$00000030)
    __rt_lib_init_argv_1                     0x0000013b   Thumb Code     0  libinit2.o(.ARM.Collect$$libinit$$0000002E)
    __rt_lib_init_atexit_1                   0x0000013b   Thumb Code     0  libinit2.o(.ARM.Collect$$libinit$$0000001D)
    __rt_lib_init_clock_1                    0x0000013b   Thumb Code     0  libinit2.o(.ARM.Collect$$libinit$$00000023)
    __rt_lib_init_cpp_1                      0x0000013b   Thumb Code     0  libinit2.o(.ARM.Collect$$libinit$$00000034)
    __rt_lib_init_exceptions_1               0x0000013b   Thumb Code     0  libinit2.o(.ARM.Collect$$libinit$$00000032)
    __rt_lib_init_fp_1                       0x0000013b   Thumb Code     0  libinit2.o(.ARM.Collect$$libinit$$00000002)
    __rt_lib_init_fp_trap_1                  0x0000013b   Thumb Code     0  libinit2.o(.ARM.Collect$$libinit$$00000021)
    __rt_lib_init_getenv_1                   0x0000013b   Thumb Code     0  libinit2.o(.ARM.Collect$$libinit$$00000025)
    __rt_lib_init_heap_1                     0x0000013b   Thumb Code     0  libinit2.o(.ARM.Collect$$libinit$$0000000C)
    __rt_lib_init_lc_collate_1               0x0000013b   Thumb Code     0  libinit2.o(.ARM.Collect$$libinit$$00000013)
    __rt_lib_init_lc_ctype_1                 0x0000013b   Thumb Code     0  libinit2.o(.ARM.Collect$$libinit$$00000015)
    __rt_lib_init_lc_monetary_1              0x0000013b   Thumb Code     0  libinit2.o(.ARM.Collect$$libinit$$00000017)
    __rt_lib_init_lc_numeric_1               0x0000013b   Thumb Code     0  libinit2.o(.ARM.Collect$$libinit$$00000019)
    __rt_lib_init_lc_time_1                  0x0000013b   Thumb Code     0  libinit2.o(.ARM.Collect$$libinit$$0000001B)
    __rt_lib_init_preinit_1                  0x0000013b   Thumb Code     0  libinit2.o(.ARM.Collect$$libinit$$00000006)
    __rt_lib_init_rand_1                     0x0000013b   Thumb Code     0  libinit2.o(.ARM.Collect$$libinit$$00000010)
    __rt_lib_init_relocate_pie_1             0x0000013b   Thumb Code     0  libinit2.o(.ARM.Collect$$libinit$$00000004)
    __rt_lib_init_return                     0x0000013b   Thumb Code     0  libinit2.o(.ARM.Collect$$libinit$$00000035)
    __rt_lib_init_signal_1                   0x0000013b   Thumb Code     0  libinit2.o(.ARM.Collect$$libinit$$0000001F)
    __rt_lib_init_stdio_1                    0x0000013b   Thumb Code     0  libinit2.o(.ARM.Collect$$libinit$$00000027)
    __rt_lib_init_user_alloc_1               0x0000013b   Thumb Code     0  libinit2.o(.ARM.Collect$$libinit$$0000000E)
    __rt_lib_shutdown                        0x0000013d   Thumb Code     0  libshutdown.o(.ARM.Collect$$libshutdown$$00000000)
    __rt_lib_shutdown_cpp_1                  0x0000013f   Thumb Code     0  libshutdown2.o(.ARM.Collect$$libshutdown$$00000002)
    __rt_lib_shutdown_fp_trap_1              0x0000013f   Thumb Code     0  libshutdown2.o(.ARM.Collect$$libshutdown$$00000007)
    __rt_lib_shutdown_heap_1                 0x0000013f   Thumb Code     0  libshutdown2.o(.ARM.Collect$$libshutdown$$0000000F)
    __rt_lib_shutdown_return                 0x0000013f   Thumb Code     0  libshutdown2.o(.ARM.Collect$$libshutdown$$00000010)
    __rt_lib_shutdown_signal_1               0x0000013f   Thumb Code     0  libshutdown2.o(.ARM.Collect$$libshutdown$$0000000A)
    __rt_lib_shutdown_stdio_1                0x0000013f   Thumb Code     0  libshutdown2.o(.ARM.Collect$$libshutdown$$00000004)
    __rt_lib_shutdown_user_alloc_1           0x0000013f   Thumb Code     0  libshutdown2.o(.ARM.Collect$$libshutdown$$0000000C)
    __rt_entry                               0x00000141   Thumb Code     0  __rtentry.o(.ARM.Collect$$rtentry$$00000000)
    __rt_entry_presh_1                       0x00000141   Thumb Code     0  __rtentry2.o(.ARM.Collect$$rtentry$$00000002)
    __rt_entry_sh                            0x00000141   Thumb Code     0  __rtentry4.o(.ARM.Collect$$rtentry$$00000004)
    __rt_entry_li                            0x00000147   Thumb Code     0  __rtentry2.o(.ARM.Collect$$rtentry$$0000000A)
    __rt_entry_postsh_1                      0x00000147   Thumb Code     0  __rtentry2.o(.ARM.Collect$$rtentry$$00000009)
    __rt_entry_main                          0x0000014b   Thumb Code     0  __rtentry2.o(.ARM.Collect$$rtentry$$0000000D)
    __rt_entry_postli_1                      0x0000014b   Thumb Code     0  __rtentry2.o(.ARM.Collect$$rtentry$$0000000C)
    __rt_exit                                0x00000153   Thumb Code     0  rtexit.o(.ARM.Collect$$rtexit$$00000000)
    __rt_exit_ls                             0x00000155   Thumb Code     0  rtexit2.o(.ARM.Collect$$rtexit$$00000003)
    __rt_exit_prels_1                        0x00000155   Thumb Code     0  rtexit2.o(.ARM.Collect$$rtexit$$00000002)
    __rt_exit_exit                           0x00000159   Thumb Code     0  rtexit2.o(.ARM.Collect$$rtexit$$00000004)
    Reset_Handler                            0x00000161   Thumb Code    14  startup_apm32f0xx.o(.text)
    ADC_IRQHandler                           0x00000179   Thumb Code     0  startup_apm32f0xx.o(.text)
    EINTD_IRQHandler                         0x00000179   Thumb Code     0  startup_apm32f0xx.o(.text)
    FLASH_IRQHandler                         0x00000179   Thumb Code     0  startup_apm32f0xx.o(.text)
    IIC_IRQHandler                           0x00000179   Thumb Code     0  startup_apm32f0xx.o(.text)
    RCM_IRQHandler                           0x00000179   Thumb Code     0  startup_apm32f0xx.o(.text)
    SPI_IRQHandler                           0x00000179   Thumb Code     0  startup_apm32f0xx.o(.text)
    TMR1A_CC_IRQHandler                      0x00000179   Thumb Code     0  startup_apm32f0xx.o(.text)
    TMR1A_UT_IRQHandler                      0x00000179   Thumb Code     0  startup_apm32f0xx.o(.text)
    TMR1_CC_IRQHandler                       0x00000179   Thumb Code     0  startup_apm32f0xx.o(.text)
    TMR1_UT_IRQHandler                       0x00000179   Thumb Code     0  startup_apm32f0xx.o(.text)
    TMR2_CC_IRQHandler                       0x00000179   Thumb Code     0  startup_apm32f0xx.o(.text)
    TMR2_UO_IRQHandler                       0x00000179   Thumb Code     0  startup_apm32f0xx.o(.text)
    USART1_RX_IRQHandler                     0x00000179   Thumb Code     0  startup_apm32f0xx.o(.text)
    USART1_TX_IRQHandler                     0x00000179   Thumb Code     0  startup_apm32f0xx.o(.text)
    USART2_RX_IRQHandler                     0x00000179   Thumb Code     0  startup_apm32f0xx.o(.text)
    USART2_TX_IRQHandler                     0x00000179   Thumb Code     0  startup_apm32f0xx.o(.text)
    USART3_RX_IRQHandler                     0x00000179   Thumb Code     0  startup_apm32f0xx.o(.text)
    USART3_TX_IRQHandler                     0x00000179   Thumb Code     0  startup_apm32f0xx.o(.text)
    WUPT_IRQHandler                          0x00000179   Thumb Code     0  startup_apm32f0xx.o(.text)
    __user_initial_stackheap                 0x0000017d   Thumb Code     0  startup_apm32f0xx.o(.text)
    __use_two_region_memory                  0x000001a5   Thumb Code     2  heapauxi.o(.text)
    __rt_heap_escrow$2region                 0x000001a7   Thumb Code     2  heapauxi.o(.text)
    __rt_heap_expand$2region                 0x000001a9   Thumb Code     2  heapauxi.o(.text)
    __user_libspace                          0x000001ad   Thumb Code     8  libspace.o(.text)
    __user_perproc_libspace                  0x000001ad   Thumb Code     0  libspace.o(.text)
    __user_perthread_libspace                0x000001ad   Thumb Code     0  libspace.o(.text)
    __user_setup_stackheap                   0x000001b5   Thumb Code    62  sys_stackheap_outer.o(.text)
    exit                                     0x000001f3   Thumb Code    16  exit.o(.text)
    _sys_exit                                0x00000205   Thumb Code     8  sys_exit.o(.text)
    __I$use$semihosting                      0x00000211   Thumb Code     0  use_no_semi.o(.text)
    __use_no_semihosting_swi                 0x00000211   Thumb Code     2  use_no_semi.o(.text)
    ADCCalibration                           0x00000213   Thumb Code    84  adc.o(.text.ADCCalibration)
    __semihosting_library_function           0x00000213   Thumb Code     0  indicate_semi.o(.text)
    ADC_ClearStatusFlag                      0x00000269   Thumb Code    32  apm32f00x_adc.o(.text.ADC_ClearStatusFlag)
    ADC_Config                               0x00000289   Thumb Code   176  apm32f00x_adc.o(.text.ADC_Config)
    ADC_ConfigStructInit                     0x0000033d   Thumb Code    16  apm32f00x_adc.o(.text.ADC_ConfigStructInit)
    ADC_Disable                              0x0000034d   Thumb Code    12  apm32f00x_adc.o(.text.ADC_Disable)
    ADC_DisableCompensation                  0x00000359   Thumb Code    12  apm32f00x_adc.o(.text.ADC_DisableCompensation)
    ADC_Enable                               0x00000365   Thumb Code    12  apm32f00x_adc.o(.text.ADC_Enable)
    ADC_EnableCompensation                   0x00000371   Thumb Code    12  apm32f00x_adc.o(.text.ADC_EnableCompensation)
    ADC_GPIO_Init                            0x0000037d   Thumb Code    48  adc.o(.text.ADC_GPIO_Init)
    ADC_ReadData                             0x000003b1   Thumb Code    48  apm32f00x_adc.o(.text.ADC_ReadData)
    ADC_ReadStatusFlag                       0x000003e5   Thumb Code    28  apm32f00x_adc.o(.text.ADC_ReadStatusFlag)
    ADC_SetMode                              0x00000405   Thumb Code    20  apm32f00x_adc.o(.text.ADC_SetMode)
    ADC_SetOffset                            0x0000041d   Thumb Code    12  apm32f00x_adc.o(.text.ADC_SetOffset)
    ADC_StartConversion                      0x0000042d   Thumb Code    12  apm32f00x_adc.o(.text.ADC_StartConversion)
    ADC_read                                 0x0000043d   Thumb Code    76  adc.o(.text.ADC_read)
    BtnSpeedUpDown                           0x00000489   Thumb Code   324  main.o(.text.BtnSpeedUpDown)
    BtnTimer                                 0x00000601   Thumb Code   304  main.o(.text.BtnTimer)
    EINTA_IRQHandler                         0x00000789   Thumb Code   276  apm32f00x_int.o(.text.EINTA_IRQHandler)
    EINTB_IRQHandler                         0x000008c9   Thumb Code    44  apm32f00x_int.o(.text.EINTB_IRQHandler)
    EINTC_IRQHandler                         0x00000905   Thumb Code    14  apm32f00x_int.o(.text.EINTC_IRQHandler)
    EINT_ClearIntFlag                        0x00000915   Thumb Code    12  apm32f00x_eint.o(.text.EINT_ClearIntFlag)
    EINT_Config                              0x00000925   Thumb Code   120  apm32f00x_eint.o(.text.EINT_Config)
    FMC_ErasePage                            0x000009a1   Thumb Code   140  apm32f00x_fmc.o(.text.FMC_ErasePage)
    FMC_Lock                                 0x00000a31   Thumb Code    12  apm32f00x_fmc.o(.text.FMC_Lock)
    FMC_ProgramWord                          0x00000a3d   Thumb Code   204  apm32f00x_fmc.o(.text.FMC_ProgramWord)
    FMC_Unlock                               0x00000b11   Thumb Code    12  apm32f00x_fmc.o(.text.FMC_Unlock)
    Fan_Load                                 0x00000b29   Thumb Code   136  fan.o(.text.Fan_Load)
    GPIO_Config                              0x00000bc5   Thumb Code   114  apm32f00x_gpio.o(.text.GPIO_Config)
    GPIO_ReadInputBit                        0x00000c37   Thumb Code    10  apm32f00x_gpio.o(.text.GPIO_ReadInputBit)
    HardFault_Handler                        0x00000c41   Thumb Code     2  apm32f00x_int.o(.text.HardFault_Handler)
    IWDT_Enable                              0x00000c45   Thumb Code     8  apm32f00x_iwdt.o(.text.IWDT_Enable)
    IWDT_EnableWriteAccess                   0x00000c4d   Thumb Code     8  apm32f00x_iwdt.o(.text.IWDT_EnableWriteAccess)
    IWDT_ReloadCounter                       0x00000c55   Thumb Code     8  apm32f00x_iwdt.o(.text.IWDT_ReloadCounter)
    IWDT_SetDivider                          0x00000c61   Thumb Code     8  apm32f00x_iwdt.o(.text.IWDT_SetDivider)
    IWDT_SetReloadCounter                    0x00000c6d   Thumb Code     8  apm32f00x_iwdt.o(.text.IWDT_SetReloadCounter)
    LIRCMeasurment                           0x00000c79   Thumb Code   136  main.o(.text.LIRCMeasurment)
    NMI_Handler                              0x00000d09   Thumb Code     2  apm32f00x_int.o(.text.NMI_Handler)
    NVIC_EnableIRQRequest                    0x00000d0d   Thumb Code    68  apm32f00x_misc.o(.text.NVIC_EnableIRQRequest)
    PMU_EnterHaltModeWFI                     0x00000d5d   Thumb Code    20  apm32f00x_misc.o(.text.PMU_EnterHaltModeWFI)
    PendSV_Handler                           0x00000d75   Thumb Code     2  apm32f00x_int.o(.text.PendSV_Handler)
    PowerSpeedMode                           0x00000d79   Thumb Code   136  main.o(.text.PowerSpeedMode)
    RCM_ClearResetFlag                       0x00000e29   Thumb Code    12  apm32f00x_rcm.o(.text.RCM_ClearResetFlag)
    RCM_GetMasterClockFreq                   0x00000e35   Thumb Code    68  apm32f00x_rcm.o(.text.RCM_GetMasterClockFreq)
    RCM_ReadClockFlag                        0x00000e85   Thumb Code    80  apm32f00x_rcm.o(.text.RCM_ReadClockFlag)
    RCM_ReadResetFlag                        0x00000ed9   Thumb Code    16  apm32f00x_rcm.o(.text.RCM_ReadResetFlag)
    Remote_Init                              0x00000eed   Thumb Code    52  remote.o(.text.Remote_Init)
    ResetProc                                0x00000f29   Thumb Code    68  main.o(.text.ResetProc)
    SVC_Handler                              0x00000f6d   Thumb Code     2  apm32f00x_int.o(.text.SVC_Handler)
    SerialPrint_NumString                    0x00000f71   Thumb Code   176  usart_app.o(.text.SerialPrint_NumString)
    Serial_begin                             0x00001021   Thumb Code    40  usart_app.o(.text.Serial_begin)
    Serial_newline                           0x00001049   Thumb Code    28  usart_app.o(.text.Serial_newline)
    Serial_print_int                         0x00001065   Thumb Code   100  usart_app.o(.text.Serial_print_int)
    Serial_print_string                      0x000010c9   Thumb Code    48  usart_app.o(.text.Serial_print_string)
    SysTick_Handler                          0x000010fd   Thumb Code     2  apm32f00x_int.o(.text.SysTick_Handler)
    SystemInit                               0x00001101   Thumb Code   320  system_apm32f00x.o(.text.SystemInit)
    TMR1_ClearStatusFlag                     0x00001261   Thumb Code    32  apm32f00x_tmr1.o(.text.TMR1_ClearStatusFlag)
    TMR1_ConfigInputCapture                  0x00001281   Thumb Code   324  apm32f00x_tmr1.o(.text.TMR1_ConfigInputCapture)
    TMR1_Disable                             0x000013cd   Thumb Code    10  apm32f00x_tmr1.o(.text.TMR1_Disable)
    TMR1_DisableCompareCapture               0x000013d7   Thumb Code    64  apm32f00x_tmr1.o(.text.TMR1_DisableCompareCapture)
    TMR1_Enable                              0x00001417   Thumb Code    10  apm32f00x_tmr1.o(.text.TMR1_Enable)
    TMR1_ReadCompareCapture                  0x00001421   Thumb Code    54  apm32f00x_tmr1.o(.text.TMR1_ReadCompareCapture)
    TMR1_ReadStatusFlag                      0x00001457   Thumb Code    40  apm32f00x_tmr1.o(.text.TMR1_ReadStatusFlag)
    TMR2_ConfigOutputCompare                 0x00001481   Thumb Code   200  apm32f00x_tmr2.o(.text.TMR2_ConfigOutputCompare)
    TMR2_ConfigTimerBase                     0x0000154d   Thumb Code    24  apm32f00x_tmr2.o(.text.TMR2_ConfigTimerBase)
    TMR2_Disable                             0x00001569   Thumb Code    12  apm32f00x_tmr2.o(.text.TMR2_Disable)
    TMR2_Enable                              0x00001575   Thumb Code    12  apm32f00x_tmr2.o(.text.TMR2_Enable)
    TMR2_SetCompareCapture                   0x00001585   Thumb Code    52  apm32f00x_tmr2.o(.text.TMR2_SetCompareCapture)
    TMR4Init                                 0x000015bd   Thumb Code    30  time.o(.text.TMR4Init)
    TMR4_ClearIntFlag                        0x000015dd   Thumb Code    12  apm32f00x_tmr4.o(.text.TMR4_ClearIntFlag)
    TMR4_ConfigTimerBase                     0x000015ed   Thumb Code     8  apm32f00x_tmr4.o(.text.TMR4_ConfigTimerBase)
    TMR4_Enable                              0x000015f9   Thumb Code    12  apm32f00x_tmr4.o(.text.TMR4_Enable)
    TMR4_EnableInterrupt                     0x00001609   Thumb Code    12  apm32f00x_tmr4.o(.text.TMR4_EnableInterrupt)
    TMR4_IRQHandler                          0x00001619   Thumb Code    48  apm32f00x_int.o(.text.TMR4_IRQHandler)
    USART_Config                             0x00001659   Thumb Code   212  apm32f00x_usart.o(.text.USART_Config)
    USART_Enable                             0x00001735   Thumb Code    10  apm32f00x_usart.o(.text.USART_Enable)
    USART_ReadStatusFlag                     0x0000173f   Thumb Code    40  apm32f00x_usart.o(.text.USART_ReadStatusFlag)
    USART_TxData8                            0x00001767   Thumb Code    12  apm32f00x_usart.o(.text.USART_TxData8)
    WUPT_DisableLIRCMeasurement              0x00001775   Thumb Code    12  apm32f00x_wupt.o(.text.WUPT_DisableLIRCMeasurement)
    WUPT_EnableLIRCMeasurement               0x00001781   Thumb Code    12  apm32f00x_wupt.o(.text.WUPT_EnableLIRCMeasurement)
    bitClear                                 0x00001791   Thumb Code     4  utility.o(.text.bitClear)
    bitSet                                   0x00001795   Thumb Code     4  utility.o(.text.bitSet)
    btn_init                                 0x00001799   Thumb Code    80  button.o(.text.btn_init)
    btn_power_button                         0x000017ed   Thumb Code    64  button.o(.text.btn_power_button)
    button                                   0x0000182d   Thumb Code   276  button.o(.text.button)
    charge_detector_interupt_init            0x00001949   Thumb Code    64  fan.o(.text.charge_detector_interupt_init)
    delay_ms                                 0x00001995   Thumb Code    44  delay.o(.text.delay_ms)
    fan_command                              0x000019c9   Thumb Code   284  fan.o(.text.fan_command)
    fan_enable                               0x00001b1d   Thumb Code    44  fan.o(.text.fan_enable)
    fan_init                                 0x00001b51   Thumb Code    92  fan.o(.text.fan_init)
    fan_shutdown                             0x00001bad   Thumb Code    56  fan.o(.text.fan_shutdown)
    flash_init1                              0x00001bf5   Thumb Code    12  flash.o(.text.flash_init1)
    getBATvolt                               0x00001c01   Thumb Code    72  battery.o(.text.getBATvolt)
    indicator_init                           0x00001c59   Thumb Code    44  fan.o(.text.indicator_init)
    initializer                              0x00001c8d   Thumb Code   116  main.o(.text.initializer)
    main                                     0x00001d21   Thumb Code  2020  main.o(.text.main)
    milis_tick                               0x0000258d   Thumb Code    64  time.o(.text.milis_tick)
    read_flash2                              0x000025dd   Thumb Code    28  flash.o(.text.read_flash2)
    scan_remote                              0x000025f9   Thumb Code    76  remote.o(.text.scan_remote)
    second_tick                              0x0000264d   Thumb Code    76  time.o(.text.second_tick)
    sleepMode                                0x000026b1   Thumb Code   236  fan.o(.text.sleepMode)
    wirte_flash2                             0x000027ed   Thumb Code    92  flash.o(.text.wirte_flash2)
    __aeabi_uidiv                            0x0000284d   Thumb Code    68  aeabi_sdivfast.o(.text_divfast)
    __aeabi_idiv                             0x00002891   Thumb Code   434  aeabi_sdivfast.o(.text_divfast)
    smps_speed_array                         0x00002a42   Data          10  fan.o(.rodata.smps_speed_array)
    speed_array                              0x00002a4c   Data          10  fan.o(.rodata.speed_array)
    Region$$Table$$Base                      0x00002a98   Number         0  anon$$obj.o(Region$$Table)
    Region$$Table$$Limit                     0x00002ab8   Number         0  anon$$obj.o(Region$$Table)
    __libspace_start                         0x20000008   Data          96  libspace.o(.bss)
    __temporary_stack_top$libspace           0x20000068   Data           0  libspace.o(.bss)
    AnyChange                                0x2000006c   Data           1  fan.o(.bss.AnyChange)
    BTN_Step                                 0x2000006d   Data           1  fan.o(.bss.BTN_Step)
    BTNpower_key                             0x2000006e   Data           1  apm32f00x_int.o(.bss.BTNpower_key)
    BatVolt                                  0x20000070   Data           2  main.o(.bss.BatVolt)
    Charge_detector                          0x20000072   Data           1  apm32f00x_int.o(.bss.Charge_detector)
    GreenLed                                 0x20000074   Data           4  time.o(.bss.GreenLed)
    KeyValue                                 0x20000078   Data           1  main.o(.bss.KeyValue)
    RMT_POWER                                0x20000079   Data           1  main.o(.bss.RMT_POWER)
    Remotaddress                             0x2000007a   Data           1  main.o(.bss.Remotaddress)
    SMPS_detector                            0x2000007b   Data           1  main.o(.bss.SMPS_detector)
    Sleepflag                                0x2000007c   Data           1  apm32f00x_int.o(.bss.Sleepflag)
    TimerVlaueMilis                          0x2000007e   Data           2  main.o(.bss.TimerVlaueMilis)
    battery_sec                              0x20000082   Data           2  time.o(.bss.battery_sec)
    btnTim_sec                               0x20000084   Data           2  time.o(.bss.btnTim_sec)
    btn_blink_flag                           0x20000086   Data           1  main.o(.bss.btn_blink_flag)
    btn_blink_time                           0x20000088   Data           2  main.o(.bss.btn_blink_time)
    down_bt_blink_lock                       0x2000008b   Data           1  main.o(.bss.down_bt_blink_lock)
    fan                                      0x2000008c   Data           4  fan.o(.bss.fan)
    hold_BTN_Flag                            0x20000090   Data           1  fan.o(.bss.hold_BTN_Flag)
    init                                     0x20000091   Data           1  apm32f00x_int.o(.bss.init)
    key                                      0x20000092   Data           6  fan.o(.bss.key)
    keyStep                                  0x20000098   Data           1  fan.o(.bss.keyStep)
    lowCharg_milis                           0x2000009c   Data           2  time.o(.bss.lowCharg_milis)
    lowVoltShutdown                          0x2000009e   Data           1  fan.o(.bss.lowVoltShutdown)
    miliseconds                              0x200000a2   Data           2  time.o(.bss.miliseconds)
    natural                                  0x200000a4   Data           4  time.o(.bss.natural)
    p                                        0x200000a8   Data           4  flash.o(.bss.p)
    pauseDelay_Flag                          0x200000ad   Data           1  main.o(.bss.pauseDelay_Flag)
    pulseCount                               0x200000ae   Data           2  main.o(.bss.pulseCount)
    remotSleepflag                           0x200000b0   Data           1  apm32f00x_int.o(.bss.remotSleepflag)
    remote                                   0x200000b8   Data           8  remote.o(.bss.remote)
    sleepDelay                               0x200000c2   Data           2  time.o(.bss.sleepDelay)
    sleepRMTinit                             0x200000c4   Data           1  apm32f00x_int.o(.bss.sleepRMTinit)
    sleep_delay                              0x200000c6   Data           2  time.o(.bss.sleep_delay)
    speed_status                             0x200000c8   Data           1  fan.o(.bss.speed_status)
    up_bt_blink_lock                         0x200000ca   Data           1  main.o(.bss.up_bt_blink_lock)



==============================================================================

Memory Map of the image

  Image Entry point : 0x000000bd

  Load Region LR_IROM1 (Base: 0x00000000, Size: 0x00002ac0, Max: 0x00008000, ABSOLUTE)

    Execution Region ER_IROM1 (Exec base: 0x00000000, Load base: 0x00000000, Size: 0x00002ab8, Max: 0x00008000, ABSOLUTE)

    Exec Addr    Load Addr    Size         Type   Attr      Idx    E Section Name        Object

    0x00000000   0x00000000   0x000000bc   Data   RO           12    RESET               startup_apm32f0xx.o
    0x000000bc   0x000000bc   0x00000008   Code   RO         2984  * !!!main             c_p.l(__main.o)
    0x000000c4   0x000000c4   0x0000003c   Code   RO         3353    !!!scatter          c_p.l(__scatter.o)
    0x00000100   0x00000100   0x0000001a   Code   RO         3355    !!handler_copy      c_p.l(__scatter_copy.o)
    0x0000011a   0x0000011a   0x00000002   PAD
    0x0000011c   0x0000011c   0x0000001c   Code   RO         3357    !!handler_zi        c_p.l(__scatter_zi.o)
    0x00000138   0x00000138   0x00000002   Code   RO         3209    .ARM.Collect$$libinit$$00000000  c_p.l(libinit.o)
    0x0000013a   0x0000013a   0x00000000   Code   RO         3226    .ARM.Collect$$libinit$$00000002  c_p.l(libinit2.o)
    0x0000013a   0x0000013a   0x00000000   Code   RO         3228    .ARM.Collect$$libinit$$00000004  c_p.l(libinit2.o)
    0x0000013a   0x0000013a   0x00000000   Code   RO         3230    .ARM.Collect$$libinit$$00000006  c_p.l(libinit2.o)
    0x0000013a   0x0000013a   0x00000000   Code   RO         3233    .ARM.Collect$$libinit$$0000000C  c_p.l(libinit2.o)
    0x0000013a   0x0000013a   0x00000000   Code   RO         3235    .ARM.Collect$$libinit$$0000000E  c_p.l(libinit2.o)
    0x0000013a   0x0000013a   0x00000000   Code   RO         3237    .ARM.Collect$$libinit$$00000010  c_p.l(libinit2.o)
    0x0000013a   0x0000013a   0x00000000   Code   RO         3240    .ARM.Collect$$libinit$$00000013  c_p.l(libinit2.o)
    0x0000013a   0x0000013a   0x00000000   Code   RO         3242    .ARM.Collect$$libinit$$00000015  c_p.l(libinit2.o)
    0x0000013a   0x0000013a   0x00000000   Code   RO         3244    .ARM.Collect$$libinit$$00000017  c_p.l(libinit2.o)
    0x0000013a   0x0000013a   0x00000000   Code   RO         3246    .ARM.Collect$$libinit$$00000019  c_p.l(libinit2.o)
    0x0000013a   0x0000013a   0x00000000   Code   RO         3248    .ARM.Collect$$libinit$$0000001B  c_p.l(libinit2.o)
    0x0000013a   0x0000013a   0x00000000   Code   RO         3250    .ARM.Collect$$libinit$$0000001D  c_p.l(libinit2.o)
    0x0000013a   0x0000013a   0x00000000   Code   RO         3252    .ARM.Collect$$libinit$$0000001F  c_p.l(libinit2.o)
    0x0000013a   0x0000013a   0x00000000   Code   RO         3254    .ARM.Collect$$libinit$$00000021  c_p.l(libinit2.o)
    0x0000013a   0x0000013a   0x00000000   Code   RO         3256    .ARM.Collect$$libinit$$00000023  c_p.l(libinit2.o)
    0x0000013a   0x0000013a   0x00000000   Code   RO         3258    .ARM.Collect$$libinit$$00000025  c_p.l(libinit2.o)
    0x0000013a   0x0000013a   0x00000000   Code   RO         3260    .ARM.Collect$$libinit$$00000027  c_p.l(libinit2.o)
    0x0000013a   0x0000013a   0x00000000   Code   RO         3264    .ARM.Collect$$libinit$$0000002E  c_p.l(libinit2.o)
    0x0000013a   0x0000013a   0x00000000   Code   RO         3266    .ARM.Collect$$libinit$$00000030  c_p.l(libinit2.o)
    0x0000013a   0x0000013a   0x00000000   Code   RO         3268    .ARM.Collect$$libinit$$00000032  c_p.l(libinit2.o)
    0x0000013a   0x0000013a   0x00000000   Code   RO         3270    .ARM.Collect$$libinit$$00000034  c_p.l(libinit2.o)
    0x0000013a   0x0000013a   0x00000002   Code   RO         3271    .ARM.Collect$$libinit$$00000035  c_p.l(libinit2.o)
    0x0000013c   0x0000013c   0x00000002   Code   RO         3308    .ARM.Collect$$libshutdown$$00000000  c_p.l(libshutdown.o)
    0x0000013e   0x0000013e   0x00000000   Code   RO         3336    .ARM.Collect$$libshutdown$$00000002  c_p.l(libshutdown2.o)
    0x0000013e   0x0000013e   0x00000000   Code   RO         3338    .ARM.Collect$$libshutdown$$00000004  c_p.l(libshutdown2.o)
    0x0000013e   0x0000013e   0x00000000   Code   RO         3341    .ARM.Collect$$libshutdown$$00000007  c_p.l(libshutdown2.o)
    0x0000013e   0x0000013e   0x00000000   Code   RO         3344    .ARM.Collect$$libshutdown$$0000000A  c_p.l(libshutdown2.o)
    0x0000013e   0x0000013e   0x00000000   Code   RO         3346    .ARM.Collect$$libshutdown$$0000000C  c_p.l(libshutdown2.o)
    0x0000013e   0x0000013e   0x00000000   Code   RO         3349    .ARM.Collect$$libshutdown$$0000000F  c_p.l(libshutdown2.o)
    0x0000013e   0x0000013e   0x00000002   Code   RO         3350    .ARM.Collect$$libshutdown$$00000010  c_p.l(libshutdown2.o)
    0x00000140   0x00000140   0x00000000   Code   RO         3091    .ARM.Collect$$rtentry$$00000000  c_p.l(__rtentry.o)
    0x00000140   0x00000140   0x00000000   Code   RO         3167    .ARM.Collect$$rtentry$$00000002  c_p.l(__rtentry2.o)
    0x00000140   0x00000140   0x00000006   Code   RO         3179    .ARM.Collect$$rtentry$$00000004  c_p.l(__rtentry4.o)
    0x00000146   0x00000146   0x00000000   Code   RO         3169    .ARM.Collect$$rtentry$$00000009  c_p.l(__rtentry2.o)
    0x00000146   0x00000146   0x00000004   Code   RO         3170    .ARM.Collect$$rtentry$$0000000A  c_p.l(__rtentry2.o)
    0x0000014a   0x0000014a   0x00000000   Code   RO         3172    .ARM.Collect$$rtentry$$0000000C  c_p.l(__rtentry2.o)
    0x0000014a   0x0000014a   0x00000008   Code   RO         3173    .ARM.Collect$$rtentry$$0000000D  c_p.l(__rtentry2.o)
    0x00000152   0x00000152   0x00000002   Code   RO         3217    .ARM.Collect$$rtexit$$00000000  c_p.l(rtexit.o)
    0x00000154   0x00000154   0x00000000   Code   RO         3279    .ARM.Collect$$rtexit$$00000002  c_p.l(rtexit2.o)
    0x00000154   0x00000154   0x00000004   Code   RO         3280    .ARM.Collect$$rtexit$$00000003  c_p.l(rtexit2.o)
    0x00000158   0x00000158   0x00000006   Code   RO         3281    .ARM.Collect$$rtexit$$00000004  c_p.l(rtexit2.o)
    0x0000015e   0x0000015e   0x00000002   PAD
    0x00000160   0x00000160   0x00000044   Code   RO           13    .text               startup_apm32f0xx.o
    0x000001a4   0x000001a4   0x00000006   Code   RO         2982    .text               c_p.l(heapauxi.o)
    0x000001aa   0x000001aa   0x00000002   PAD
    0x000001ac   0x000001ac   0x00000008   Code   RO         3192    .text               c_p.l(libspace.o)
    0x000001b4   0x000001b4   0x0000003e   Code   RO         3195    .text               c_p.l(sys_stackheap_outer.o)
    0x000001f2   0x000001f2   0x00000010   Code   RO         3198    .text               c_p.l(exit.o)
    0x00000202   0x00000202   0x00000002   PAD
    0x00000204   0x00000204   0x0000000c   Code   RO         3274    .text               c_p.l(sys_exit.o)
    0x00000210   0x00000210   0x00000002   Code   RO         3297    .text               c_p.l(use_no_semi.o)
    0x00000212   0x00000212   0x00000000   Code   RO         3299    .text               c_p.l(indicate_semi.o)
    0x00000212   0x00000212   0x00000054   Code   RO         1083    .text.ADCCalibration  adc.o
    0x00000266   0x00000266   0x00000002   PAD
    0x00000268   0x00000268   0x00000020   Code   RO          216    .text.ADC_ClearStatusFlag  apm32f00x_adc.o
    0x00000288   0x00000288   0x000000b4   Code   RO          158    .text.ADC_Config    apm32f00x_adc.o
    0x0000033c   0x0000033c   0x00000010   Code   RO          162    .text.ADC_ConfigStructInit  apm32f00x_adc.o
    0x0000034c   0x0000034c   0x0000000c   Code   RO          170    .text.ADC_Disable   apm32f00x_adc.o
    0x00000358   0x00000358   0x0000000c   Code   RO          224    .text.ADC_DisableCompensation  apm32f00x_adc.o
    0x00000364   0x00000364   0x0000000c   Code   RO          168    .text.ADC_Enable    apm32f00x_adc.o
    0x00000370   0x00000370   0x0000000c   Code   RO          222    .text.ADC_EnableCompensation  apm32f00x_adc.o
    0x0000037c   0x0000037c   0x00000034   Code   RO         1085    .text.ADC_GPIO_Init  adc.o
    0x000003b0   0x000003b0   0x00000034   Code   RO          200    .text.ADC_ReadData  apm32f00x_adc.o
    0x000003e4   0x000003e4   0x00000020   Code   RO          214    .text.ADC_ReadStatusFlag  apm32f00x_adc.o
    0x00000404   0x00000404   0x00000018   Code   RO          172    .text.ADC_SetMode   apm32f00x_adc.o
    0x0000041c   0x0000041c   0x00000010   Code   RO          228    .text.ADC_SetOffset  apm32f00x_adc.o
    0x0000042c   0x0000042c   0x00000010   Code   RO          198    .text.ADC_StartConversion  apm32f00x_adc.o
    0x0000043c   0x0000043c   0x0000004c   Code   RO         1087    .text.ADC_read      adc.o
    0x00000488   0x00000488   0x00000178   Code   RO         1154    .text.BtnSpeedUpDown  main.o
    0x00000600   0x00000600   0x00000188   Code   RO         1156    .text.BtnTimer      main.o
    0x00000788   0x00000788   0x00000140   Code   RO         1196    .text.EINTA_IRQHandler  apm32f00x_int.o
    0x000008c8   0x000008c8   0x0000003c   Code   RO         1200    .text.EINTB_IRQHandler  apm32f00x_int.o
    0x00000904   0x00000904   0x0000000e   Code   RO         1198    .text.EINTC_IRQHandler  apm32f00x_int.o
    0x00000912   0x00000912   0x00000002   PAD
    0x00000914   0x00000914   0x00000010   Code   RO           24    .text.EINT_ClearIntFlag  apm32f00x_eint.o
    0x00000924   0x00000924   0x0000007c   Code   RO           22    .text.EINT_Config   apm32f00x_eint.o
    0x000009a0   0x000009a0   0x00000090   Code   RO          274    .text.FMC_ErasePage  apm32f00x_fmc.o
    0x00000a30   0x00000a30   0x0000000c   Code   RO          268    .text.FMC_Lock      apm32f00x_fmc.o
    0x00000a3c   0x00000a3c   0x000000d4   Code   RO          280    .text.FMC_ProgramWord  apm32f00x_fmc.o
    0x00000b10   0x00000b10   0x00000018   Code   RO          266    .text.FMC_Unlock    apm32f00x_fmc.o
    0x00000b28   0x00000b28   0x0000009c   Code   RO         1021    .text.Fan_Load      fan.o
    0x00000bc4   0x00000bc4   0x00000072   Code   RO           36    .text.GPIO_Config   apm32f00x_gpio.o
    0x00000c36   0x00000c36   0x0000000a   Code   RO           50    .text.GPIO_ReadInputBit  apm32f00x_gpio.o
    0x00000c40   0x00000c40   0x00000002   Code   RO         1186    .text.HardFault_Handler  apm32f00x_int.o
    0x00000c42   0x00000c42   0x00000002   PAD
    0x00000c44   0x00000c44   0x00000008   Code   RO          402    .text.IWDT_Enable   apm32f00x_iwdt.o
    0x00000c4c   0x00000c4c   0x00000008   Code   RO          392    .text.IWDT_EnableWriteAccess  apm32f00x_iwdt.o
    0x00000c54   0x00000c54   0x0000000c   Code   RO          400    .text.IWDT_ReloadCounter  apm32f00x_iwdt.o
    0x00000c60   0x00000c60   0x0000000c   Code   RO          396    .text.IWDT_SetDivider  apm32f00x_iwdt.o
    0x00000c6c   0x00000c6c   0x0000000c   Code   RO          398    .text.IWDT_SetReloadCounter  apm32f00x_iwdt.o
    0x00000c78   0x00000c78   0x00000090   Code   RO         1150    .text.LIRCMeasurment  main.o
    0x00000d08   0x00000d08   0x00000002   Code   RO         1184    .text.NMI_Handler   apm32f00x_int.o
    0x00000d0a   0x00000d0a   0x00000002   PAD
    0x00000d0c   0x00000d0c   0x00000050   Code   RO           66    .text.NVIC_EnableIRQRequest  apm32f00x_misc.o
    0x00000d5c   0x00000d5c   0x00000018   Code   RO           72    .text.PMU_EnterHaltModeWFI  apm32f00x_misc.o
    0x00000d74   0x00000d74   0x00000002   Code   RO         1190    .text.PendSV_Handler  apm32f00x_int.o
    0x00000d76   0x00000d76   0x00000002   PAD
    0x00000d78   0x00000d78   0x000000b0   Code   RO         1152    .text.PowerSpeedMode  main.o
    0x00000e28   0x00000e28   0x0000000c   Code   RO          146    .text.RCM_ClearResetFlag  apm32f00x_rcm.o
    0x00000e34   0x00000e34   0x00000050   Code   RO          132    .text.RCM_GetMasterClockFreq  apm32f00x_rcm.o
    0x00000e84   0x00000e84   0x00000054   Code   RO          138    .text.RCM_ReadClockFlag  apm32f00x_rcm.o
    0x00000ed8   0x00000ed8   0x00000014   Code   RO          144    .text.RCM_ReadResetFlag  apm32f00x_rcm.o
    0x00000eec   0x00000eec   0x0000003c   Code   RO         1056    .text.Remote_Init   remote.o
    0x00000f28   0x00000f28   0x00000044   Code   RO         1144    .text.ResetProc     main.o
    0x00000f6c   0x00000f6c   0x00000002   Code   RO         1188    .text.SVC_Handler   apm32f00x_int.o
    0x00000f6e   0x00000f6e   0x00000002   PAD
    0x00000f70   0x00000f70   0x000000b0   Code   RO          947    .text.SerialPrint_NumString  usart_app.o
    0x00001020   0x00001020   0x00000028   Code   RO          945    .text.Serial_begin  usart_app.o
    0x00001048   0x00001048   0x0000001c   Code   RO          955    .text.Serial_newline  usart_app.o
    0x00001064   0x00001064   0x00000064   Code   RO          953    .text.Serial_print_int  usart_app.o
    0x000010c8   0x000010c8   0x00000034   Code   RO          949    .text.Serial_print_string  usart_app.o
    0x000010fc   0x000010fc   0x00000002   Code   RO         1192    .text.SysTick_Handler  apm32f00x_int.o
    0x000010fe   0x000010fe   0x00000002   PAD
    0x00001100   0x00001100   0x00000160   Code   RO            2    .text.SystemInit    system_apm32f00x.o
    0x00001260   0x00001260   0x00000020   Code   RO          609    .text.TMR1_ClearStatusFlag  apm32f00x_tmr1.o
    0x00001280   0x00001280   0x0000014c   Code   RO          497    .text.TMR1_ConfigInputCapture  apm32f00x_tmr1.o
    0x000013cc   0x000013cc   0x0000000a   Code   RO          523    .text.TMR1_Disable  apm32f00x_tmr1.o
    0x000013d6   0x000013d6   0x00000040   Code   RO          579    .text.TMR1_DisableCompareCapture  apm32f00x_tmr1.o
    0x00001416   0x00001416   0x0000000a   Code   RO          521    .text.TMR1_Enable   apm32f00x_tmr1.o
    0x00001420   0x00001420   0x00000036   Code   RO          599    .text.TMR1_ReadCompareCapture  apm32f00x_tmr1.o
    0x00001456   0x00001456   0x00000028   Code   RO          607    .text.TMR1_ReadStatusFlag  apm32f00x_tmr1.o
    0x0000147e   0x0000147e   0x00000002   PAD
    0x00001480   0x00001480   0x000000cc   Code   RO          641    .text.TMR2_ConfigOutputCompare  apm32f00x_tmr2.o
    0x0000154c   0x0000154c   0x0000001c   Code   RO          633    .text.TMR2_ConfigTimerBase  apm32f00x_tmr2.o
    0x00001568   0x00001568   0x0000000c   Code   RO          661    .text.TMR2_Disable  apm32f00x_tmr2.o
    0x00001574   0x00001574   0x00000010   Code   RO          659    .text.TMR2_Enable   apm32f00x_tmr2.o
    0x00001584   0x00001584   0x00000038   Code   RO          697    .text.TMR2_SetCompareCapture  apm32f00x_tmr2.o
    0x000015bc   0x000015bc   0x0000001e   Code   RO          971    .text.TMR4Init      time.o
    0x000015da   0x000015da   0x00000002   PAD
    0x000015dc   0x000015dc   0x00000010   Code   RO          779    .text.TMR4_ClearIntFlag  apm32f00x_tmr4.o
    0x000015ec   0x000015ec   0x0000000c   Code   RO          739    .text.TMR4_ConfigTimerBase  apm32f00x_tmr4.o
    0x000015f8   0x000015f8   0x00000010   Code   RO          741    .text.TMR4_Enable   apm32f00x_tmr4.o
    0x00001608   0x00001608   0x00000010   Code   RO          745    .text.TMR4_EnableInterrupt  apm32f00x_tmr4.o
    0x00001618   0x00001618   0x00000040   Code   RO         1194    .text.TMR4_IRQHandler  apm32f00x_int.o
    0x00001658   0x00001658   0x000000dc   Code   RO          799    .text.USART_Config  apm32f00x_usart.o
    0x00001734   0x00001734   0x0000000a   Code   RO          805    .text.USART_Enable  apm32f00x_usart.o
    0x0000173e   0x0000173e   0x00000028   Code   RO          861    .text.USART_ReadStatusFlag  apm32f00x_usart.o
    0x00001766   0x00001766   0x0000000c   Code   RO          845    .text.USART_TxData8  apm32f00x_usart.o
    0x00001772   0x00001772   0x00000002   PAD
    0x00001774   0x00001774   0x0000000c   Code   RO          893    .text.WUPT_DisableLIRCMeasurement  apm32f00x_wupt.o
    0x00001780   0x00001780   0x00000010   Code   RO          891    .text.WUPT_EnableLIRCMeasurement  apm32f00x_wupt.o
    0x00001790   0x00001790   0x00000004   Code   RO         1105    .text.bitClear      utility.o
    0x00001794   0x00001794   0x00000004   Code   RO         1103    .text.bitSet        utility.o
    0x00001798   0x00001798   0x00000054   Code   RO         1069    .text.btn_init      button.o
    0x000017ec   0x000017ec   0x00000040   Code   RO         1073    .text.btn_power_button  button.o
    0x0000182c   0x0000182c   0x0000011c   Code   RO         1071    .text.button        button.o
    0x00001948   0x00001948   0x0000004c   Code   RO         1009    .text.charge_detector_interupt_init  fan.o
    0x00001994   0x00001994   0x00000034   Code   RO          995    .text.delay_ms      delay.o
    0x000019c8   0x000019c8   0x00000154   Code   RO         1019    .text.fan_command   fan.o
    0x00001b1c   0x00001b1c   0x00000034   Code   RO         1015    .text.fan_enable    fan.o
    0x00001b50   0x00001b50   0x0000005c   Code   RO         1011    .text.fan_init      fan.o
    0x00001bac   0x00001bac   0x00000048   Code   RO         1013    .text.fan_shutdown  fan.o
    0x00001bf4   0x00001bf4   0x0000000c   Code   RO         1123    .text.flash_init1   flash.o
    0x00001c00   0x00001c00   0x00000058   Code   RO         1045    .text.getBATvolt    battery.o
    0x00001c58   0x00001c58   0x00000034   Code   RO         1007    .text.indicator_init  fan.o
    0x00001c8c   0x00001c8c   0x00000094   Code   RO         1142    .text.initializer   main.o
    0x00001d20   0x00001d20   0x0000086c   Code   RO         1146    .text.main          main.o
    0x0000258c   0x0000258c   0x00000050   Code   RO          969    .text.milis_tick    time.o
    0x000025dc   0x000025dc   0x0000001c   Code   RO         1131    .text.read_flash2   flash.o
    0x000025f8   0x000025f8   0x00000054   Code   RO         1058    .text.scan_remote   remote.o
    0x0000264c   0x0000264c   0x00000064   Code   RO          965    .text.second_tick   time.o
    0x000026b0   0x000026b0   0x0000013c   Code   RO         1023    .text.sleepMode     fan.o
    0x000027ec   0x000027ec   0x00000060   Code   RO         1129    .text.wirte_flash2  flash.o
    0x0000284c   0x0000284c   0x000001f6   Code   RO         2975    .text_divfast       c_p.l(aeabi_sdivfast.o)
    0x00002a42   0x00002a42   0x0000000a   Data   RO         1026    .rodata.smps_speed_array  fan.o
    0x00002a4c   0x00002a4c   0x0000000a   Data   RO         1025    .rodata.speed_array  fan.o
    0x00002a56   0x00002a56   0x0000001f   Data   RO         1035    .rodata.str1.1      fan.o
    0x00002a75   0x00002a75   0x00000023   Data   RO         1171    .rodata.str1.1      main.o
    0x00002a98   0x00002a98   0x00000020   Data   RO         3352    Region$$Table       anon$$obj.o


    Execution Region RW_IRAM1 (Exec base: 0x20000000, Load base: 0x00002ab8, Size: 0x000006d0, Max: 0x00001000, ABSOLUTE)

    Exec Addr    Load Addr    Size         Type   Attr      Idx    E Section Name        Object

    0x20000000   0x00002ab8   0x00000001   Data   RW         1211    .data.pulseCount    apm32f00x_int.o
    0x20000001   0x00002ab9   0x00000007   PAD
    0x20000008        -       0x00000060   Zero   RW         3193    .bss                c_p.l(libspace.o)
    0x20000068        -       0x00000004   Zero   RW         1048    .bss.ADC_Val        battery.o
    0x2000006c        -       0x00000001   Zero   RW         1030    .bss.AnyChange      fan.o
    0x2000006d        -       0x00000001   Zero   RW         1027    .bss.BTN_Step       fan.o
    0x2000006e        -       0x00000001   Zero   RW         1204    .bss.BTNpower_key   apm32f00x_int.o
    0x2000006f   0x00002ab9   0x00000001   PAD
    0x20000070        -       0x00000002   Zero   RW         1164    .bss.BatVolt        main.o
    0x20000072        -       0x00000001   Zero   RW         1205    .bss.Charge_detector  apm32f00x_int.o
    0x20000073   0x00002ab9   0x00000001   PAD
    0x20000074        -       0x00000004   Zero   RW          982    .bss.GreenLed       time.o
    0x20000078        -       0x00000001   Zero   RW         1161    .bss.KeyValue       main.o
    0x20000079        -       0x00000001   Zero   RW         1162    .bss.RMT_POWER      main.o
    0x2000007a        -       0x00000001   Zero   RW         1158    .bss.Remotaddress   main.o
    0x2000007b        -       0x00000001   Zero   RW         1163    .bss.SMPS_detector  main.o
    0x2000007c        -       0x00000001   Zero   RW         1202    .bss.Sleepflag      apm32f00x_int.o
    0x2000007d   0x00002ab9   0x00000001   PAD
    0x2000007e        -       0x00000002   Zero   RW         1159    .bss.TimerVlaueMilis  main.o
    0x20000080        -       0x00000002   Zero   RW         1049    .bss.batVolt        battery.o
    0x20000082        -       0x00000002   Zero   RW          974    .bss.battery_sec    time.o
    0x20000084        -       0x00000002   Zero   RW          975    .bss.btnTim_sec     time.o
    0x20000086        -       0x00000001   Zero   RW         1165    .bss.btn_blink_flag  main.o
    0x20000087   0x00002ab9   0x00000001   PAD
    0x20000088        -       0x00000002   Zero   RW         1166    .bss.btn_blink_time  main.o
    0x2000008a        -       0x00000001   Zero   RW         1047    .bss.counter        battery.o
    0x2000008b        -       0x00000001   Zero   RW         1168    .bss.down_bt_blink_lock  main.o
    0x2000008c        -       0x00000004   Zero   RW         1033    .bss.fan            fan.o
    0x20000090        -       0x00000001   Zero   RW         1028    .bss.hold_BTN_Flag  fan.o
    0x20000091        -       0x00000001   Zero   RW         1203    .bss.init           apm32f00x_int.o
    0x20000092        -       0x00000006   Zero   RW         1034    .bss.key            fan.o
    0x20000098        -       0x00000001   Zero   RW         1031    .bss.keyStep        fan.o
    0x20000099   0x00002ab9   0x00000001   PAD
    0x2000009a        -       0x00000002   Zero   RW          978    .bss.lastTime       time.o
    0x2000009c        -       0x00000002   Zero   RW          976    .bss.lowCharg_milis  time.o
    0x2000009e        -       0x00000001   Zero   RW         1029    .bss.lowVoltShutdown  fan.o
    0x2000009f   0x00002ab9   0x00000001   PAD
    0x200000a0        -       0x00000002   Zero   RW          980    .bss.milis_lastTime  time.o
    0x200000a2        -       0x00000002   Zero   RW          977    .bss.miliseconds    time.o
    0x200000a4        -       0x00000004   Zero   RW          981    .bss.natural        time.o
    0x200000a8        -       0x00000004   Zero   RW         1133    .bss.p              flash.o
    0x200000ac        -       0x00000001   Zero   RW         1210    .bss.packet2        apm32f00x_int.o
    0x200000ad        -       0x00000001   Zero   RW         1172    .bss.pauseDelay_Flag  main.o
    0x200000ae        -       0x00000002   Zero   RW         1173    .bss.pulseCount     main.o
    0x200000b0        -       0x00000001   Zero   RW         1206    .bss.remotSleepflag  apm32f00x_int.o
    0x200000b1   0x00002ab9   0x00000007   PAD
    0x200000b8        -       0x00000008   Zero   RW         1060    .bss.remote         remote.o
    0x200000c0        -       0x00000001   Zero   RW         1209    .bss.rmt_flag       apm32f00x_int.o
    0x200000c1   0x00002ab9   0x00000001   PAD
    0x200000c2        -       0x00000002   Zero   RW          973    .bss.sleepDelay     time.o
    0x200000c4        -       0x00000001   Zero   RW         1207    .bss.sleepRMTinit   apm32f00x_int.o
    0x200000c5   0x00002ab9   0x00000001   PAD
    0x200000c6        -       0x00000002   Zero   RW          979    .bss.sleep_delay    time.o
    0x200000c8        -       0x00000001   Zero   RW         1032    .bss.speed_status   fan.o
    0x200000c9        -       0x00000001   Zero   RW         1208    .bss.tick           apm32f00x_int.o
    0x200000ca        -       0x00000001   Zero   RW         1167    .bss.up_bt_blink_lock  main.o
    0x200000cb   0x00002ab9   0x00000005   PAD
    0x200000d0        -       0x00000200   Zero   RW           11    HEAP                startup_apm32f0xx.o
    0x200002d0        -       0x00000400   Zero   RW           10    STACK               startup_apm32f0xx.o


==============================================================================

Image component sizes


      Code (inc. data)   RO Data    RW Data    ZI Data      Debug   Object Name

       212          4          0          0          0       5672   adc.o
       416         24          0          0          0      11008   apm32f00x_adc.o
       140         36          0          0          0       2399   apm32f00x_eint.o
       392         24          0          0          0      22777   apm32f00x_fmc.o
       124          0          0          0          0       5838   apm32f00x_gpio.o
       468         76          0          1          9       6060   apm32f00x_int.o
        52         12          0          0          0       2087   apm32f00x_iwdt.o
       104         16          0          0          0       3413   apm32f00x_misc.o
       196         20          0          0          0      10390   apm32f00x_rcm.o
       542          8          0          0          0      28780   apm32f00x_tmr1.o
       316         16          0          0          0      17177   apm32f00x_tmr2.o
        60         16          0          0          0       6014   apm32f00x_tmr4.o
       282          8          0          0          0      11145   apm32f00x_usart.o
        28          4          0          0          0       3291   apm32f00x_wupt.o
        88         16          0          0          7       1160   battery.o
       432         12          0          0          0       4850   button.o
        52          8          0          0          0       1313   delay.o
      1156        200         51          0         16       8987   fan.o
       136          4          0          0          4       3097   flash.o
      3460        576         35          0         16      15617   main.o
       144         16          0          0          8       5158   remote.o
        68         32        188          0       1536        836   startup_apm32f0xx.o
       352         32          0          0          0       6707   system_apm32f00x.o
       210         40          0          0         24       2608   time.o
       396          4          0          0          0       6007   usart_app.o
         8          0          0          0          0       1729   utility.o

    ----------------------------------------------------------------------
      9854       1204        306          4       1644     194120   Object Totals
         0          0         32          0          0          0   (incl. Generated)
        20          0          0          3         24          0   (incl. Padding)

    ----------------------------------------------------------------------

      Code (inc. data)   RO Data    RW Data    ZI Data      Debug   Library Member Name

         8          0          0          0          0         68   __main.o
         0          0          0          0          0          0   __rtentry.o
        12          0          0          0          0          0   __rtentry2.o
         6          0          0          0          0          0   __rtentry4.o
        60          8          0          0          0          0   __scatter.o
        26          0          0          0          0          0   __scatter_copy.o
        28          0          0          0          0          0   __scatter_zi.o
       502          0          0          0          0         92   aeabi_sdivfast.o
        16          0          0          0          0         68   exit.o
         6          0          0          0          0        136   heapauxi.o
         0          0          0          0          0          0   indicate_semi.o
         2          0          0          0          0          0   libinit.o
         2          0          0          0          0          0   libinit2.o
         2          0          0          0          0          0   libshutdown.o
         2          0          0          0          0          0   libshutdown2.o
         8          4          0          0         96         68   libspace.o
         2          0          0          0          0          0   rtexit.o
        10          0          0          0          0          0   rtexit2.o
        12          4          0          0          0         60   sys_exit.o
        62          0          0          0          0         80   sys_stackheap_outer.o
         2          0          0          0          0         68   use_no_semi.o

    ----------------------------------------------------------------------
       776         16          0          0         96        640   Library Totals
         8          0          0          0          0          0   (incl. Padding)

    ----------------------------------------------------------------------

      Code (inc. data)   RO Data    RW Data    ZI Data      Debug   Library Name

       768         16          0          0         96        640   c_p.l

    ----------------------------------------------------------------------
       776         16          0          0         96        640   Library Totals

    ----------------------------------------------------------------------

==============================================================================


      Code (inc. data)   RO Data    RW Data    ZI Data      Debug   

     10630       1220        306          4       1740     194136   Grand Totals
     10630       1220        306          4       1740     194136   ELF Image Totals
     10630       1220        306          4          0          0   ROM Totals

==============================================================================

    Total RO  Size (Code + RO Data)                10936 (  10.68kB)
    Total RW  Size (RW Data + ZI Data)              1744 (   1.70kB)
    Total ROM Size (Code + RO Data + RW Data)      10940 (  10.68kB)

==============================================================================

